<html>
<body>
<pre>
<h1>µVision Build Log</h1>
<h2>Tool Versions:</h2>
IDE-Version: ¦ÌVision V5.24.2.0
Copyright (C) 2017 ARM Ltd and ARM Germany GmbH. All rights reserved.
License Information: Aaron Aaron, 123, LIC=YA312-9SPY3-WE3H7-E9W8N-RA7NS-YMDYZ
 
Tool Versions:
Toolchain:       MDK-ARM Plus  Version: 5.24.1
Toolchain Path:  D:\software\Keil_v5\ARM\ARMCC\Bin
C Compiler:      Armcc.exe V5.06 update 5 (build 528)
Assembler:       Armasm.exe V5.06 update 5 (build 528)
Linker/Locator:  ArmLink.exe V5.06 update 5 (build 528)
Library Manager: ArmAr.exe V5.06 update 5 (build 528)
Hex Converter:   FromElf.exe V5.06 update 5 (build 528)
CPU DLL:         SARMCM3.DLL V5.24.1
Dialog DLL:      DARMCM1.DLL V1.18.0.0
Target DLL:      Segger\JL2CM3.dll V2.99.26.0
Dialog DLL:      TARMCM1.DLL V1.13.0.0
 
<h2>Project:</h2>
E:\Project\Myproject\FOC_Code\STSPIN32F0 - FOC\Projects\STM32F0xx_StdPeriph_Templates\MDK-ARM\Project.uvprojx
Project File Date:  01/04/2019

<h2>Output:</h2>
*** Using Compiler 'V5.06 update 5 (build 528)', folder: 'D:\software\Keil_v5\ARM\ARMCC\Bin'
Rebuild target 'STM32F031'
assembling startup_stm32f031.s...
compiling self_test.c...
compiling main.c...
compiling foc.c...
compiling stm32f0xx_it.c...
compiling position_hall.c...
compiling trig.c...
compiling init.c...
compiling interrupts.c...
compiling system_stm32f0xx.c...
compiling stm32f0xx_pwr.c...
compiling stm32f0xx_exti.c...
compiling stm32f0xx_syscfg.c...
compiling stm32f0xx_spi.c...
compiling stm32f0xx_usart.c...
compiling stm32f0xx_iwdg.c...
compiling stm32f0xx_adc.c...
compiling stm32f0xx_flash.c...
compiling stm32f0xx_dbgmcu.c...
compiling stm32f0xx_dma.c...
compiling stm32f0xx_gpio.c...
compiling stm32f0xx_rcc.c...
compiling stm32f0xx_rtc.c...
compiling stm32f0xx_crc.c...
compiling stm32f0xx_wwdg.c...
compiling stm32f0xx_i2c.c...
compiling stm32f0xx_misc.c...
compiling stm32f0xx_tim.c...
linking...
Program Size: Code=9656 RO-data=2256 RW-data=216 ZI-data=1088  
"STM32F031\STM32F031.axf" - 0 Error(s), 0 Warning(s).

<h2>Software Packages used:</h2>

<h2>Collection of Component include folders:</h2>
  .\RTE\_STM32F031

<h2>Collection of Component Files used:</h2>
Build Time Elapsed:  00:00:07
</pre>
</body>
</html>
