Component: ARM Compiler 5.06 update 5 (build 528) Tool: armlink [4d35e2]

==============================================================================

Section Cross References

    main.o(i.SendData) refers to stm32f0xx_usart.o(i.USART_SendData) for USART_SendData
    main.o(i.SendData) refers to stm32f0xx_usart.o(i.USART_GetFlagStatus) for USART_GetFlagStatus
    main.o(i.TX_data) refers to main.o(i.SendData) for SendData
    main.o(i.TX_data) refers to main.o(.bss) for send_data
    main.o(i.TX_data) refers to main.o(.data) for State1
    main.o(i.TX_data) refers to interrupts.o(.data) for MsFlag
    main.o(i.main) refers to init.o(i.device_init) for device_init
    main.o(i.main) refers to self_test.o(i.board_self_test) for board_self_test
    main.o(i.main) refers to main.o(i.TX_data) for TX_data
    main.o(i.main) refers to main.o(i.states) for states
    main.o(i.states) refers to position_hall.o(.data) for MotorCurHall
    main.o(i.states) refers to main.o(.data) for State1
    main.o(i.states) refers to interrupts.o(.data) for TiaoSuPWM
    main.o(i.states) refers to init.o(.data) for RegularConvData_Tab
    init.o(i.adc_init) refers to stm32f0xx_rcc.o(i.RCC_AHBPeriphClockCmd) for RCC_AHBPeriphClockCmd
    init.o(i.adc_init) refers to stm32f0xx_rcc.o(i.RCC_APB2PeriphClockCmd) for RCC_APB2PeriphClockCmd
    init.o(i.adc_init) refers to stm32f0xx_gpio.o(i.GPIO_Init) for GPIO_Init
    init.o(i.adc_init) refers to stm32f0xx_dma.o(i.DMA_DeInit) for DMA_DeInit
    init.o(i.adc_init) refers to stm32f0xx_dma.o(i.DMA_Init) for DMA_Init
    init.o(i.adc_init) refers to stm32f0xx_dma.o(i.DMA_Cmd) for DMA_Cmd
    init.o(i.adc_init) refers to stm32f0xx_adc.o(i.ADC_Init) for ADC_Init
    init.o(i.adc_init) refers to stm32f0xx_adc.o(i.ADC_ChannelConfig) for ADC_ChannelConfig
    init.o(i.adc_init) refers to stm32f0xx_adc.o(i.ADC_GetCalibrationFactor) for ADC_GetCalibrationFactor
    init.o(i.adc_init) refers to stm32f0xx_adc.o(i.ADC_DMACmd) for ADC_DMACmd
    init.o(i.adc_init) refers to stm32f0xx_adc.o(i.ADC_Cmd) for ADC_Cmd
    init.o(i.adc_init) refers to stm32f0xx_adc.o(i.ADC_ITConfig) for ADC_ITConfig
    init.o(i.adc_init) refers to init.o(.data) for RegularConvData_Tab
    init.o(i.device_init) refers to init.o(i.rcc_init) for rcc_init
    init.o(i.device_init) refers to init.o(i.port_init) for port_init
    init.o(i.device_init) refers to init.o(i.pwm_init) for pwm_init
    init.o(i.device_init) refers to init.o(i.adc_init) for adc_init
    init.o(i.device_init) refers to init.o(i.nvic_init) for nvic_init
    init.o(i.device_init) refers to init.o(i.usart_init) for usart_init
    init.o(i.device_init) refers to init.o(i.i2c_init) for i2c_init
    init.o(i.nvic_init) refers to stm32f0xx_misc.o(i.NVIC_Init) for NVIC_Init
    init.o(i.port_init) refers to stm32f0xx_rcc.o(i.RCC_AHBPeriphClockCmd) for RCC_AHBPeriphClockCmd
    init.o(i.port_init) refers to stm32f0xx_gpio.o(i.GPIO_Init) for GPIO_Init
    init.o(i.port_init) refers to stm32f0xx_gpio.o(i.GPIO_SetBits) for GPIO_SetBits
    init.o(i.pwm_init) refers to stm32f0xx_rcc.o(i.RCC_AHBPeriphClockCmd) for RCC_AHBPeriphClockCmd
    init.o(i.pwm_init) refers to stm32f0xx_rcc.o(i.RCC_APB2PeriphClockCmd) for RCC_APB2PeriphClockCmd
    init.o(i.pwm_init) refers to stm32f0xx_gpio.o(i.GPIO_Init) for GPIO_Init
    init.o(i.pwm_init) refers to stm32f0xx_gpio.o(i.GPIO_PinAFConfig) for GPIO_PinAFConfig
    init.o(i.pwm_init) refers to stm32f0xx_tim.o(i.TIM_TimeBaseInit) for TIM_TimeBaseInit
    init.o(i.pwm_init) refers to stm32f0xx_tim.o(i.TIM_BDTRConfig) for TIM_BDTRConfig
    init.o(i.pwm_init) refers to stm32f0xx_tim.o(i.TIM_OC1Init) for TIM_OC1Init
    init.o(i.pwm_init) refers to stm32f0xx_tim.o(i.TIM_OC2Init) for TIM_OC2Init
    init.o(i.pwm_init) refers to stm32f0xx_tim.o(i.TIM_OC3Init) for TIM_OC3Init
    init.o(i.pwm_init) refers to stm32f0xx_tim.o(i.TIM_OC4Init) for TIM_OC4Init
    init.o(i.pwm_init) refers to stm32f0xx_tim.o(i.TIM_OC1PreloadConfig) for TIM_OC1PreloadConfig
    init.o(i.pwm_init) refers to stm32f0xx_tim.o(i.TIM_OC2PreloadConfig) for TIM_OC2PreloadConfig
    init.o(i.pwm_init) refers to stm32f0xx_tim.o(i.TIM_OC3PreloadConfig) for TIM_OC3PreloadConfig
    init.o(i.pwm_init) refers to stm32f0xx_tim.o(i.TIM_OC4PreloadConfig) for TIM_OC4PreloadConfig
    init.o(i.pwm_init) refers to stm32f0xx_tim.o(i.TIM_ARRPreloadConfig) for TIM_ARRPreloadConfig
    init.o(i.pwm_init) refers to stm32f0xx_tim.o(i.TIM_ClearFlag) for TIM_ClearFlag
    init.o(i.pwm_init) refers to stm32f0xx_tim.o(i.TIM_ITConfig) for TIM_ITConfig
    init.o(i.pwm_init) refers to stm32f0xx_tim.o(i.TIM_CtrlPWMOutputs) for TIM_CtrlPWMOutputs
    init.o(i.pwm_init) refers to stm32f0xx_tim.o(i.TIM_Cmd) for TIM_Cmd
    init.o(i.usart_init) refers to stm32f0xx_rcc.o(i.RCC_AHBPeriphClockCmd) for RCC_AHBPeriphClockCmd
    init.o(i.usart_init) refers to stm32f0xx_rcc.o(i.RCC_APB2PeriphClockCmd) for RCC_APB2PeriphClockCmd
[...]
    stm32f0xx_rtc.o(i.RTC_SetDate) refers to stm32f0xx_rtc.o(i.RTC_WaitForSynchro) for RTC_WaitForSynchro
    stm32f0xx_rtc.o(i.RTC_SetTime) refers to stm32f0xx_rtc.o(i.RTC_Bcd2ToByte) for RTC_Bcd2ToByte
    stm32f0xx_rtc.o(i.RTC_SetTime) refers to stm32f0xx_rtc.o(i.RTC_ByteToBcd2) for RTC_ByteToBcd2
    stm32f0xx_rtc.o(i.RTC_SetTime) refers to stm32f0xx_rtc.o(i.RTC_EnterInitMode) for RTC_EnterInitMode
    stm32f0xx_rtc.o(i.RTC_SetTime) refers to stm32f0xx_rtc.o(i.RTC_ExitInitMode) for RTC_ExitInitMode
    stm32f0xx_rtc.o(i.RTC_SetTime) refers to stm32f0xx_rtc.o(i.RTC_WaitForSynchro) for RTC_WaitForSynchro
    stm32f0xx_rtc.o(i.RTC_SynchroShiftConfig) refers to stm32f0xx_rtc.o(i.RTC_WaitForSynchro) for RTC_WaitForSynchro
    stm32f0xx_gpio.o(i.GPIO_DeInit) refers to stm32f0xx_rcc.o(i.RCC_AHBPeriphResetCmd) for RCC_AHBPeriphResetCmd
    stm32f0xx_wwdg.o(i.WWDG_DeInit) refers to stm32f0xx_rcc.o(i.RCC_APB1PeriphResetCmd) for RCC_APB1PeriphResetCmd
    stm32f0xx_i2c.o(i.I2C_DeInit) refers to stm32f0xx_rcc.o(i.RCC_APB1PeriphResetCmd) for RCC_APB1PeriphResetCmd
    stm32f0xx_tim.o(i.TIM_DeInit) refers to stm32f0xx_rcc.o(i.RCC_APB2PeriphResetCmd) for RCC_APB2PeriphResetCmd
    stm32f0xx_tim.o(i.TIM_DeInit) refers to stm32f0xx_rcc.o(i.RCC_APB1PeriphResetCmd) for RCC_APB1PeriphResetCmd
    stm32f0xx_tim.o(i.TIM_ETRClockMode1Config) refers to stm32f0xx_tim.o(i.TIM_ETRConfig) for TIM_ETRConfig
    stm32f0xx_tim.o(i.TIM_ETRClockMode2Config) refers to stm32f0xx_tim.o(i.TIM_ETRConfig) for TIM_ETRConfig
    stm32f0xx_tim.o(i.TIM_ICInit) refers to stm32f0xx_tim.o(i.TI1_Config) for TI1_Config
    stm32f0xx_tim.o(i.TIM_ICInit) refers to stm32f0xx_tim.o(i.TIM_SetIC1Prescaler) for TIM_SetIC1Prescaler
    stm32f0xx_tim.o(i.TIM_ICInit) refers to stm32f0xx_tim.o(i.TI2_Config) for TI2_Config
    stm32f0xx_tim.o(i.TIM_ICInit) refers to stm32f0xx_tim.o(i.TIM_SetIC2Prescaler) for TIM_SetIC2Prescaler
    stm32f0xx_tim.o(i.TIM_ICInit) refers to stm32f0xx_tim.o(i.TI3_Config) for TI3_Config
    stm32f0xx_tim.o(i.TIM_ICInit) refers to stm32f0xx_tim.o(i.TIM_SetIC3Prescaler) for TIM_SetIC3Prescaler
    stm32f0xx_tim.o(i.TIM_ICInit) refers to stm32f0xx_tim.o(i.TI4_Config) for TI4_Config
    stm32f0xx_tim.o(i.TIM_ICInit) refers to stm32f0xx_tim.o(i.TIM_SetIC4Prescaler) for TIM_SetIC4Prescaler
    stm32f0xx_tim.o(i.TIM_ITRxExternalClockConfig) refers to stm32f0xx_tim.o(i.TIM_SelectInputTrigger) for TIM_SelectInputTrigger
    stm32f0xx_tim.o(i.TIM_PWMIConfig) refers to stm32f0xx_tim.o(i.TI1_Config) for TI1_Config
    stm32f0xx_tim.o(i.TIM_PWMIConfig) refers to stm32f0xx_tim.o(i.TIM_SetIC1Prescaler) for TIM_SetIC1Prescaler
    stm32f0xx_tim.o(i.TIM_PWMIConfig) refers to stm32f0xx_tim.o(i.TI2_Config) for TI2_Config
    stm32f0xx_tim.o(i.TIM_PWMIConfig) refers to stm32f0xx_tim.o(i.TIM_SetIC2Prescaler) for TIM_SetIC2Prescaler
    stm32f0xx_tim.o(i.TIM_TIxExternalClockConfig) refers to stm32f0xx_tim.o(i.TI2_Config) for TI2_Config
    stm32f0xx_tim.o(i.TIM_TIxExternalClockConfig) refers to stm32f0xx_tim.o(i.TI1_Config) for TI1_Config
    stm32f0xx_tim.o(i.TIM_TIxExternalClockConfig) refers to stm32f0xx_tim.o(i.TIM_SelectInputTrigger) for TIM_SelectInputTrigger
    entry.o(.ARM.Collect$$$$00000000) refers (Special) to entry10a.o(.ARM.Collect$$$$0000000D) for __rt_final_cpp
    entry.o(.ARM.Collect$$$$00000000) refers (Special) to entry11a.o(.ARM.Collect$$$$0000000F) for __rt_final_exit
    entry.o(.ARM.Collect$$$$00000000) refers (Special) to entry7b.o(.ARM.Collect$$$$00000008) for _main_clock
    entry.o(.ARM.Collect$$$$00000000) refers (Special) to entry8b.o(.ARM.Collect$$$$0000000A) for _main_cpp_init
    entry.o(.ARM.Collect$$$$00000000) refers (Special) to entry9a.o(.ARM.Collect$$$$0000000B) for _main_init
    entry.o(.ARM.Collect$$$$00000000) refers (Special) to entry5.o(.ARM.Collect$$$$00000004) for _main_scatterload
    entry.o(.ARM.Collect$$$$00000000) refers (Special) to entry2.o(.ARM.Collect$$$$00000001) for _main_stk
    entry2.o(.ARM.Collect$$$$00000001) refers to entry2.o(.ARM.Collect$$$$00002712) for __lit__00000000
    entry2.o(.ARM.Collect$$$$00002712) refers to startup_stm32f031.o(STACK) for __initial_sp
    entry2.o(__vectab_stack_and_reset_area) refers to startup_stm32f031.o(STACK) for __initial_sp
    entry2.o(__vectab_stack_and_reset_area) refers to entry.o(.ARM.Collect$$$$00000000) for __main
    entry5.o(.ARM.Collect$$$$00000004) refers to init.o(.text) for __scatterload
    entry9a.o(.ARM.Collect$$$$0000000B) refers to main.o(i.main) for main
    entry9b.o(.ARM.Collect$$$$0000000C) refers to main.o(i.main) for main
    init.o(.text) refers to entry5.o(.ARM.Collect$$$$00000004) for __main_after_scatterload


==============================================================================

Removing Unused input sections from the image.

    Removing main.o(.rev16_text), (4 bytes).
    Removing main.o(.revsh_text), (4 bytes).
    Removing stm32f0xx_it.o(.rev16_text), (4 bytes).
    Removing stm32f0xx_it.o(.revsh_text), (4 bytes).
    Removing init.o(.rev16_text), (4 bytes).
    Removing init.o(.revsh_text), (4 bytes).
    Removing foc.o(.rev16_text), (4 bytes).
    Removing foc.o(.revsh_text), (4 bytes).
    Removing position_hall.o(.rev16_text), (4 bytes).
    Removing position_hall.o(.revsh_text), (4 bytes).
    Removing self_test.o(.rev16_text), (4 bytes).
    Removing self_test.o(.revsh_text), (4 bytes).
    Removing trig.o(.rev16_text), (4 bytes).
    Removing trig.o(.revsh_text), (4 bytes).
    Removing interrupts.o(.rev16_text), (4 bytes).
    Removing interrupts.o(.revsh_text), (4 bytes).
    Removing startup_stm32f031.o(HEAP), (512 bytes).
    Removing system_stm32f0xx.o(.rev16_text), (4 bytes).
    Removing system_stm32f0xx.o(.revsh_text), (4 bytes).
    Removing system_stm32f0xx.o(i.SystemCoreClockUpdate), (176 bytes).
    Removing system_stm32f0xx.o(.data), (20 bytes).
    Removing stm32f0xx_pwr.o(.rev16_text), (4 bytes).
    Removing stm32f0xx_pwr.o(.revsh_text), (4 bytes).
    Removing stm32f0xx_pwr.o(i.PWR_BackupAccessCmd), (40 bytes).
    Removing stm32f0xx_pwr.o(i.PWR_ClearFlag), (20 bytes).
    Removing stm32f0xx_pwr.o(i.PWR_DeInit), (22 bytes).
    Removing stm32f0xx_pwr.o(i.PWR_EnterSTANDBYMode), (36 bytes).
    Removing stm32f0xx_pwr.o(i.PWR_EnterSTOPMode), (100 bytes).
    Removing stm32f0xx_pwr.o(i.PWR_EnterSleepMode), (32 bytes).
    Removing stm32f0xx_pwr.o(i.PWR_GetFlagStatus), (28 bytes).
    Removing stm32f0xx_pwr.o(i.PWR_PVDCmd), (36 bytes).
    Removing stm32f0xx_pwr.o(i.PWR_PVDLevelConfig), (32 bytes).
    Removing stm32f0xx_pwr.o(i.PWR_WakeUpPinCmd), (32 bytes).
    Removing stm32f0xx_exti.o(.rev16_text), (4 bytes).
    Removing stm32f0xx_exti.o(.revsh_text), (4 bytes).
    Removing stm32f0xx_exti.o(i.EXTI_ClearFlag), (12 bytes).
    Removing stm32f0xx_exti.o(i.EXTI_ClearITPendingBit), (12 bytes).
    Removing stm32f0xx_exti.o(i.EXTI_DeInit), (32 bytes).
    Removing stm32f0xx_exti.o(i.EXTI_GenerateSWInterrupt), (16 bytes).
    Removing stm32f0xx_exti.o(i.EXTI_GetFlagStatus), (28 bytes).
    Removing stm32f0xx_exti.o(i.EXTI_GetITStatus), (28 bytes).
    Removing stm32f0xx_exti.o(i.EXTI_Init), (136 bytes).
    Removing stm32f0xx_exti.o(i.EXTI_StructInit), (16 bytes).
    Removing stm32f0xx_syscfg.o(.rev16_text), (4 bytes).
    Removing stm32f0xx_syscfg.o(.revsh_text), (4 bytes).
    Removing stm32f0xx_syscfg.o(i.SYSCFG_BreakConfig), (16 bytes).
    Removing stm32f0xx_syscfg.o(i.SYSCFG_ClearFlag), (16 bytes).
    Removing stm32f0xx_syscfg.o(i.SYSCFG_DMAChannelRemapConfig), (32 bytes).
    Removing stm32f0xx_syscfg.o(i.SYSCFG_DeInit), (44 bytes).
    Removing stm32f0xx_syscfg.o(i.SYSCFG_EXTILineConfig), (64 bytes).
    Removing stm32f0xx_syscfg.o(i.SYSCFG_GetFlagStatus), (32 bytes).
    Removing stm32f0xx_syscfg.o(i.SYSCFG_GetPendingIT), (24 bytes).
    Removing stm32f0xx_syscfg.o(i.SYSCFG_I2CFastModePlusConfig), (32 bytes).
    Removing stm32f0xx_syscfg.o(i.SYSCFG_IRDAEnvSelection), (28 bytes).
    Removing stm32f0xx_syscfg.o(i.SYSCFG_MemoryRemapConfig), (28 bytes).
    Removing stm32f0xx_spi.o(.rev16_text), (4 bytes).
    Removing stm32f0xx_spi.o(.revsh_text), (4 bytes).
    Removing stm32f0xx_spi.o(i.I2S_Cmd), (32 bytes).
    Removing stm32f0xx_spi.o(i.I2S_Init), (232 bytes).
    Removing stm32f0xx_spi.o(i.I2S_StructInit), (20 bytes).
    Removing stm32f0xx_spi.o(i.SPI_BiDirectionalLineConfig), (32 bytes).
    Removing stm32f0xx_spi.o(i.SPI_CRCLengthConfig), (20 bytes).
    Removing stm32f0xx_spi.o(i.SPI_CalculateCRC), (32 bytes).
    Removing stm32f0xx_spi.o(i.SPI_Cmd), (28 bytes).
    Removing stm32f0xx_spi.o(i.SPI_DataSizeConfig), (24 bytes).
    Removing stm32f0xx_spi.o(i.SPI_GetCRC), (16 bytes).
    Removing stm32f0xx_spi.o(i.SPI_GetCRCPolynomial), (6 bytes).
    Removing stm32f0xx_spi.o(i.SPI_GetReceptionFIFOStatus), (12 bytes).
    Removing stm32f0xx_spi.o(i.SPI_GetTransmissionFIFOStatus), (12 bytes).
    Removing stm32f0xx_spi.o(i.SPI_I2S_ClearFlag), (6 bytes).
    Removing stm32f0xx_spi.o(i.SPI_I2S_DMACmd), (20 bytes).
    Removing stm32f0xx_spi.o(i.SPI_I2S_DeInit), (60 bytes).
    Removing stm32f0xx_spi.o(i.SPI_I2S_GetFlagStatus), (20 bytes).
    Removing stm32f0xx_spi.o(i.SPI_I2S_GetITStatus), (56 bytes).
    Removing stm32f0xx_spi.o(i.SPI_I2S_ITConfig), (34 bytes).
    Removing stm32f0xx_spi.o(i.SPI_I2S_ReceiveData16), (6 bytes).
    Removing stm32f0xx_spi.o(i.SPI_I2S_SendData16), (4 bytes).
    Removing stm32f0xx_spi.o(i.SPI_Init), (88 bytes).
    Removing stm32f0xx_spi.o(i.SPI_LastDMATransferCmd), (20 bytes).
    Removing stm32f0xx_spi.o(i.SPI_NSSInternalSoftwareConfig), (32 bytes).
    Removing stm32f0xx_spi.o(i.SPI_NSSPulseModeCmd), (28 bytes).
    Removing stm32f0xx_spi.o(i.SPI_ReceiveData8), (12 bytes).
    Removing stm32f0xx_spi.o(i.SPI_RxFIFOThresholdConfig), (20 bytes).
    Removing stm32f0xx_spi.o(i.SPI_SSOutputCmd), (28 bytes).
    Removing stm32f0xx_spi.o(i.SPI_SendData8), (10 bytes).
    Removing stm32f0xx_spi.o(i.SPI_StructInit), (30 bytes).
    Removing stm32f0xx_spi.o(i.SPI_TIModeCmd), (28 bytes).
    Removing stm32f0xx_spi.o(i.SPI_TransmitCRC), (12 bytes).
    Removing stm32f0xx_usart.o(.rev16_text), (4 bytes).
    Removing stm32f0xx_usart.o(.revsh_text), (4 bytes).
    Removing stm32f0xx_usart.o(i.USART_AddressDetectionConfig), (16 bytes).
    Removing stm32f0xx_usart.o(i.USART_AutoBaudRateCmd), (28 bytes).
    Removing stm32f0xx_usart.o(i.USART_AutoBaudRateConfig), (18 bytes).
    Removing stm32f0xx_usart.o(i.USART_ClearFlag), (4 bytes).
    Removing stm32f0xx_usart.o(i.USART_ClockInit), (36 bytes).
    Removing stm32f0xx_usart.o(i.USART_ClockStructInit), (12 bytes).
    Removing stm32f0xx_usart.o(i.USART_DECmd), (28 bytes).
    Removing stm32f0xx_usart.o(i.USART_DEPolarityConfig), (18 bytes).
    Removing stm32f0xx_usart.o(i.USART_DMACmd), (20 bytes).
    Removing stm32f0xx_usart.o(i.USART_DMAReceptionErrorConfig), (18 bytes).
    Removing stm32f0xx_usart.o(i.USART_DataInvCmd), (28 bytes).
    Removing stm32f0xx_usart.o(i.USART_DeInit), (240 bytes).
    Removing stm32f0xx_usart.o(i.USART_DirectionModeCmd), (20 bytes).
    Removing stm32f0xx_usart.o(i.USART_HalfDuplexCmd), (24 bytes).
    Removing stm32f0xx_usart.o(i.USART_InvPinCmd), (20 bytes).
    Removing stm32f0xx_usart.o(i.USART_IrDACmd), (24 bytes).
    Removing stm32f0xx_usart.o(i.USART_IrDAConfig), (16 bytes).
    Removing stm32f0xx_usart.o(i.USART_LINBreakDetectLengthConfig), (16 bytes).
    Removing stm32f0xx_usart.o(i.USART_LINCmd), (28 bytes).
    Removing stm32f0xx_usart.o(i.USART_MSBFirstCmd), (28 bytes).
    Removing stm32f0xx_usart.o(i.USART_MuteModeCmd), (28 bytes).
    Removing stm32f0xx_usart.o(i.USART_MuteModeWakeUpConfig), (18 bytes).
    Removing stm32f0xx_usart.o(i.USART_OneBitMethodCmd), (28 bytes).
    Removing stm32f0xx_usart.o(i.USART_OverSampling8Cmd), (28 bytes).
    Removing stm32f0xx_usart.o(i.USART_OverrunDetectionConfig), (18 bytes).
    Removing stm32f0xx_usart.o(i.USART_ReceiverTimeOutCmd), (28 bytes).
    Removing stm32f0xx_usart.o(i.USART_RequestCmd), (20 bytes).
    Removing stm32f0xx_usart.o(i.USART_STOPModeCmd), (24 bytes).
    Removing stm32f0xx_usart.o(i.USART_SWAPPinCmd), (28 bytes).
    Removing stm32f0xx_usart.o(i.USART_SetAddress), (18 bytes).
    Removing stm32f0xx_usart.o(i.USART_SetAutoRetryCount), (20 bytes).
    Removing stm32f0xx_usart.o(i.USART_SetBlockLength), (18 bytes).
    Removing stm32f0xx_usart.o(i.USART_SetDEAssertionTime), (20 bytes).
    Removing stm32f0xx_usart.o(i.USART_SetDEDeassertionTime), (20 bytes).
    Removing stm32f0xx_usart.o(i.USART_SetGuardTime), (16 bytes).
    Removing stm32f0xx_usart.o(i.USART_SetPrescaler), (18 bytes).
    Removing stm32f0xx_usart.o(i.USART_SetReceiverTimeOut), (16 bytes).
    Removing stm32f0xx_usart.o(i.USART_SmartCardCmd), (24 bytes).
    Removing stm32f0xx_usart.o(i.USART_SmartCardNACKCmd), (24 bytes).
    Removing stm32f0xx_usart.o(i.USART_StopModeWakeUpSourceConfig), (18 bytes).
    Removing stm32f0xx_usart.o(i.USART_StructInit), (24 bytes).
    Removing stm32f0xx_flash.o(.rev16_text), (4 bytes).
    Removing stm32f0xx_flash.o(.revsh_text), (4 bytes).
    Removing stm32f0xx_flash.o(i.FLASH_ClearFlag), (12 bytes).
    Removing stm32f0xx_flash.o(i.FLASH_EraseAllPages), (72 bytes).
    Removing stm32f0xx_flash.o(i.FLASH_ErasePage), (76 bytes).
    Removing stm32f0xx_flash.o(i.FLASH_GetFlagStatus), (28 bytes).
    Removing stm32f0xx_flash.o(i.FLASH_GetPrefetchBufferStatus), (28 bytes).
    Removing stm32f0xx_flash.o(i.FLASH_GetStatus), (60 bytes).
    Removing stm32f0xx_flash.o(i.FLASH_ITConfig), (32 bytes).
    Removing stm32f0xx_flash.o(i.FLASH_Lock), (20 bytes).
    Removing stm32f0xx_flash.o(i.FLASH_OB_BOOT0Config), (80 bytes).
    Removing stm32f0xx_flash.o(i.FLASH_OB_BOOT0SWConfig), (80 bytes).
    Removing stm32f0xx_flash.o(i.FLASH_OB_BOOTConfig), (80 bytes).
    Removing stm32f0xx_flash.o(i.FLASH_OB_EnableWRP), (184 bytes).
    Removing stm32f0xx_flash.o(i.FLASH_OB_Erase), (152 bytes).
    Removing stm32f0xx_flash.o(i.FLASH_OB_GetRDP), (28 bytes).
    Removing stm32f0xx_flash.o(i.FLASH_OB_GetUser), (16 bytes).
    Removing stm32f0xx_flash.o(i.FLASH_OB_GetWRP), (12 bytes).
    Removing stm32f0xx_flash.o(i.FLASH_OB_Launch), (20 bytes).
    Removing stm32f0xx_flash.o(i.FLASH_OB_Lock), (20 bytes).
    Removing stm32f0xx_flash.o(i.FLASH_OB_ProgramData), (72 bytes).
    Removing stm32f0xx_flash.o(i.FLASH_OB_RDPConfig), (144 bytes).
    Removing stm32f0xx_flash.o(i.FLASH_OB_SRAMParityConfig), (80 bytes).
    Removing stm32f0xx_flash.o(i.FLASH_OB_Unlock), (40 bytes).
    Removing stm32f0xx_flash.o(i.FLASH_OB_UserConfig), (88 bytes).
    Removing stm32f0xx_flash.o(i.FLASH_OB_VDDAConfig), (80 bytes).
    Removing stm32f0xx_flash.o(i.FLASH_OB_WriteUser), (76 bytes).
    Removing stm32f0xx_flash.o(i.FLASH_PrefetchBufferCmd), (36 bytes).
    Removing stm32f0xx_flash.o(i.FLASH_ProgramHalfWord), (68 bytes).
    Removing stm32f0xx_flash.o(i.FLASH_ProgramWord), (108 bytes).
    Removing stm32f0xx_flash.o(i.FLASH_SetLatency), (28 bytes).
    Removing stm32f0xx_flash.o(i.FLASH_Unlock), (36 bytes).
    Removing stm32f0xx_flash.o(i.FLASH_WaitForLastOperation), (40 bytes).
    Removing stm32f0xx_iwdg.o(.rev16_text), (4 bytes).
    Removing stm32f0xx_iwdg.o(.revsh_text), (4 bytes).
    Removing stm32f0xx_iwdg.o(i.IWDG_Enable), (16 bytes).
    Removing stm32f0xx_iwdg.o(i.IWDG_GetFlagStatus), (28 bytes).
    Removing stm32f0xx_iwdg.o(i.IWDG_ReloadCounter), (16 bytes).
    Removing stm32f0xx_iwdg.o(i.IWDG_SetPrescaler), (12 bytes).
    Removing stm32f0xx_iwdg.o(i.IWDG_SetReload), (12 bytes).
    Removing stm32f0xx_iwdg.o(i.IWDG_SetWindowValue), (12 bytes).
    Removing stm32f0xx_iwdg.o(i.IWDG_WriteAccessCmd), (12 bytes).
    Removing stm32f0xx_adc.o(.rev16_text), (4 bytes).
    Removing stm32f0xx_adc.o(.revsh_text), (4 bytes).
    Removing stm32f0xx_adc.o(i.ADC_AnalogWatchdogCmd), (28 bytes).
    Removing stm32f0xx_adc.o(i.ADC_AnalogWatchdogSingleChannelCmd), (28 bytes).
    Removing stm32f0xx_adc.o(i.ADC_AnalogWatchdogSingleChannelConfig), (28 bytes).
    Removing stm32f0xx_adc.o(i.ADC_AnalogWatchdogThresholdsConfig), (8 bytes).
    Removing stm32f0xx_adc.o(i.ADC_AutoPowerOffCmd), (28 bytes).
    Removing stm32f0xx_adc.o(i.ADC_ClearITPendingBit), (4 bytes).
    Removing stm32f0xx_adc.o(i.ADC_ClockModeConfig), (4 bytes).
    Removing stm32f0xx_adc.o(i.ADC_ContinuousModeCmd), (28 bytes).
    Removing stm32f0xx_adc.o(i.ADC_DMARequestModeConfig), (16 bytes).
    Removing stm32f0xx_adc.o(i.ADC_DeInit), (32 bytes).
    Removing stm32f0xx_adc.o(i.ADC_DiscModeCmd), (28 bytes).
    Removing stm32f0xx_adc.o(i.ADC_GetConversionValue), (8 bytes).
    Removing stm32f0xx_adc.o(i.ADC_GetFlagStatus), (48 bytes).
    Removing stm32f0xx_adc.o(i.ADC_GetITStatus), (34 bytes).
    Removing stm32f0xx_adc.o(i.ADC_JitterCmd), (20 bytes).
    Removing stm32f0xx_adc.o(i.ADC_OverrunModeCmd), (28 bytes).
    Removing stm32f0xx_adc.o(i.ADC_StopOfConversion), (10 bytes).
    Removing stm32f0xx_adc.o(i.ADC_StructInit), (16 bytes).
    Removing stm32f0xx_adc.o(i.ADC_TempSensorCmd), (40 bytes).
    Removing stm32f0xx_adc.o(i.ADC_VbatCmd), (40 bytes).
    Removing stm32f0xx_adc.o(i.ADC_VrefintCmd), (40 bytes).
    Removing stm32f0xx_adc.o(i.ADC_WaitModeCmd), (28 bytes).
    Removing stm32f0xx_rcc.o(.rev16_text), (4 bytes).
    Removing stm32f0xx_rcc.o(.revsh_text), (4 bytes).
    Removing stm32f0xx_rcc.o(i.RCC_ADCCLKConfig), (56 bytes).
    Removing stm32f0xx_rcc.o(i.RCC_AHBPeriphResetCmd), (32 bytes).
    Removing stm32f0xx_rcc.o(i.RCC_APB1PeriphClockCmd), (32 bytes).
    Removing stm32f0xx_rcc.o(i.RCC_APB1PeriphResetCmd), (32 bytes).
    Removing stm32f0xx_rcc.o(i.RCC_APB2PeriphResetCmd), (32 bytes).
    Removing stm32f0xx_rcc.o(i.RCC_AdjustHSI14CalibrationValue), (32 bytes).
    Removing stm32f0xx_rcc.o(i.RCC_AdjustHSICalibrationValue), (32 bytes).
    Removing stm32f0xx_rcc.o(i.RCC_BackupResetCmd), (40 bytes).
    Removing stm32f0xx_rcc.o(i.RCC_CECCLKConfig), (28 bytes).
    Removing stm32f0xx_rcc.o(i.RCC_ClearFlag), (20 bytes).
    Removing stm32f0xx_rcc.o(i.RCC_ClearITPendingBit), (12 bytes).
    Removing stm32f0xx_rcc.o(i.RCC_ClockSecuritySystemCmd), (40 bytes).
    Removing stm32f0xx_rcc.o(i.RCC_DeInit), (120 bytes).
    Removing stm32f0xx_rcc.o(i.RCC_GetITStatus), (28 bytes).
    Removing stm32f0xx_rcc.o(i.RCC_GetSYSCLKSource), (16 bytes).
    Removing stm32f0xx_rcc.o(i.RCC_HCLKConfig), (32 bytes).
    Removing stm32f0xx_rcc.o(i.RCC_HSI14ADCRequestCmd), (36 bytes).
    Removing stm32f0xx_rcc.o(i.RCC_HSI14Cmd), (36 bytes).
    Removing stm32f0xx_rcc.o(i.RCC_HSI48Cmd), (40 bytes).
    Removing stm32f0xx_rcc.o(i.RCC_HSICmd), (36 bytes).
    Removing stm32f0xx_rcc.o(i.RCC_I2CCLKConfig), (28 bytes).
    Removing stm32f0xx_rcc.o(i.RCC_ITConfig), (32 bytes).
    Removing stm32f0xx_rcc.o(i.RCC_LSEConfig), (40 bytes).
    Removing stm32f0xx_rcc.o(i.RCC_LSEDriveConfig), (28 bytes).
    Removing stm32f0xx_rcc.o(i.RCC_LSICmd), (36 bytes).
    Removing stm32f0xx_rcc.o(i.RCC_MCOConfig), (28 bytes).
    Removing stm32f0xx_rcc.o(i.RCC_PCLKConfig), (36 bytes).
    Removing stm32f0xx_rcc.o(i.RCC_PREDIV1Config), (28 bytes).
    Removing stm32f0xx_rcc.o(i.RCC_RTCCLKCmd), (40 bytes).
    Removing stm32f0xx_rcc.o(i.RCC_RTCCLKConfig), (16 bytes).
    Removing stm32f0xx_rcc.o(i.RCC_SYSCLKConfig), (28 bytes).
    Removing stm32f0xx_rcc.o(i.RCC_USARTCLKConfig), (72 bytes).
    Removing stm32f0xx_rcc.o(i.RCC_USBCLKConfig), (28 bytes).
    Removing stm32f0xx_rcc.o(i.RCC_WaitForHSEStartUp), (60 bytes).
    Removing stm32f0xx_dma.o(.rev16_text), (4 bytes).
    Removing stm32f0xx_dma.o(.revsh_text), (4 bytes).
    Removing stm32f0xx_dma.o(i.DMA_ClearFlag), (32 bytes).
    Removing stm32f0xx_dma.o(i.DMA_ClearITPendingBit), (32 bytes).
    Removing stm32f0xx_dma.o(i.DMA_GetCurrDataCounter), (8 bytes).
    Removing stm32f0xx_dma.o(i.DMA_GetFlagStatus), (52 bytes).
    Removing stm32f0xx_dma.o(i.DMA_GetITStatus), (52 bytes).
    Removing stm32f0xx_dma.o(i.DMA_ITConfig), (20 bytes).
    Removing stm32f0xx_dma.o(i.DMA_RemapConfig), (52 bytes).
    Removing stm32f0xx_dma.o(i.DMA_SetCurrDataCounter), (4 bytes).
    Removing stm32f0xx_dma.o(i.DMA_StructInit), (26 bytes).
    Removing stm32f0xx_rtc.o(.rev16_text), (4 bytes).
    Removing stm32f0xx_rtc.o(.revsh_text), (4 bytes).
    Removing stm32f0xx_rtc.o(i.RTC_AlarmCmd), (112 bytes).
    Removing stm32f0xx_rtc.o(i.RTC_AlarmStructInit), (22 bytes).
    Removing stm32f0xx_rtc.o(i.RTC_AlarmSubSecondConfig), (40 bytes).
    Removing stm32f0xx_rtc.o(i.RTC_Bcd2ToByte), (26 bytes).
    Removing stm32f0xx_rtc.o(i.RTC_BypassShadowCmd), (52 bytes).
    Removing stm32f0xx_rtc.o(i.RTC_ByteToBcd2), (28 bytes).
    Removing stm32f0xx_rtc.o(i.RTC_CalibOutputCmd), (56 bytes).
    Removing stm32f0xx_rtc.o(i.RTC_CalibOutputConfig), (44 bytes).
    Removing stm32f0xx_rtc.o(i.RTC_ClearFlag), (32 bytes).
    Removing stm32f0xx_rtc.o(i.RTC_ClearITPendingBit), (36 bytes).
    Removing stm32f0xx_rtc.o(i.RTC_DateStructInit), (14 bytes).
    Removing stm32f0xx_rtc.o(i.RTC_DayLightSavingConfig), (48 bytes).
    Removing stm32f0xx_rtc.o(i.RTC_DeInit), (116 bytes).
    Removing stm32f0xx_rtc.o(i.RTC_EnterInitMode), (88 bytes).
    Removing stm32f0xx_rtc.o(i.RTC_ExitInitMode), (20 bytes).
    Removing stm32f0xx_rtc.o(i.RTC_GetAlarm), (120 bytes).
    Removing stm32f0xx_rtc.o(i.RTC_GetAlarmSubSecond), (20 bytes).
    Removing stm32f0xx_rtc.o(i.RTC_GetDate), (96 bytes).
    Removing stm32f0xx_rtc.o(i.RTC_GetFlagStatus), (44 bytes).
    Removing stm32f0xx_rtc.o(i.RTC_GetITStatus), (76 bytes).
    Removing stm32f0xx_rtc.o(i.RTC_GetStoreOperation), (16 bytes).
    Removing stm32f0xx_rtc.o(i.RTC_GetSubSecond), (16 bytes).
    Removing stm32f0xx_rtc.o(i.RTC_GetTime), (92 bytes).
    Removing stm32f0xx_rtc.o(i.RTC_GetTimeStamp), (164 bytes).
    Removing stm32f0xx_rtc.o(i.RTC_GetTimeStampSubSecond), (12 bytes).
    Removing stm32f0xx_rtc.o(i.RTC_GetWakeUpCounter), (12 bytes).
    Removing stm32f0xx_rtc.o(i.RTC_ITConfig), (100 bytes).
    Removing stm32f0xx_rtc.o(i.RTC_Init), (88 bytes).
    Removing stm32f0xx_rtc.o(i.RTC_OutputConfig), (48 bytes).
    Removing stm32f0xx_rtc.o(i.RTC_OutputTypeConfig), (28 bytes).
    Removing stm32f0xx_rtc.o(i.RTC_ReadBackupRegister), (32 bytes).
    Removing stm32f0xx_rtc.o(i.RTC_RefClockCmd), (76 bytes).
    Removing stm32f0xx_rtc.o(i.RTC_SetAlarm), (216 bytes).
    Removing stm32f0xx_rtc.o(i.RTC_SetDate), (208 bytes).
    Removing stm32f0xx_rtc.o(i.RTC_SetTime), (216 bytes).
    Removing stm32f0xx_rtc.o(i.RTC_SetWakeUpCounter), (24 bytes).
    Removing stm32f0xx_rtc.o(i.RTC_SmoothCalibConfig), (96 bytes).
    Removing stm32f0xx_rtc.o(i.RTC_StructInit), (14 bytes).
    Removing stm32f0xx_rtc.o(i.RTC_SynchroShiftConfig), (124 bytes).
    Removing stm32f0xx_rtc.o(i.RTC_TamperCmd), (32 bytes).
    Removing stm32f0xx_rtc.o(i.RTC_TamperFilterConfig), (28 bytes).
    Removing stm32f0xx_rtc.o(i.RTC_TamperPinsPrechargeDuration), (28 bytes).
    Removing stm32f0xx_rtc.o(i.RTC_TamperPullUpCmd), (40 bytes).
    Removing stm32f0xx_rtc.o(i.RTC_TamperSamplingFreqConfig), (28 bytes).
    Removing stm32f0xx_rtc.o(i.RTC_TamperTriggerConfig), (36 bytes).
    Removing stm32f0xx_rtc.o(i.RTC_TimeStampCmd), (64 bytes).
    Removing stm32f0xx_rtc.o(i.RTC_TimeStampOnTamperDetectionCmd), (36 bytes).
    Removing stm32f0xx_rtc.o(i.RTC_TimeStructInit), (12 bytes).
    Removing stm32f0xx_rtc.o(i.RTC_WaitForSynchro), (108 bytes).
    Removing stm32f0xx_rtc.o(i.RTC_WakeUpClockConfig), (40 bytes).
    Removing stm32f0xx_rtc.o(i.RTC_WakeUpCmd), (116 bytes).
    Removing stm32f0xx_rtc.o(i.RTC_WriteBackupRegister), (28 bytes).
    Removing stm32f0xx_rtc.o(i.RTC_WriteProtectionCmd), (28 bytes).
    Removing stm32f0xx_gpio.o(.rev16_text), (4 bytes).
    Removing stm32f0xx_gpio.o(.revsh_text), (4 bytes).
    Removing stm32f0xx_gpio.o(i.GPIO_DeInit), (176 bytes).
    Removing stm32f0xx_gpio.o(i.GPIO_PinLockConfig), (34 bytes).
    Removing stm32f0xx_gpio.o(i.GPIO_ReadInputData), (6 bytes).
    Removing stm32f0xx_gpio.o(i.GPIO_ReadInputDataBit), (20 bytes).
    Removing stm32f0xx_gpio.o(i.GPIO_ReadOutputData), (6 bytes).
    Removing stm32f0xx_gpio.o(i.GPIO_ReadOutputDataBit), (20 bytes).
    Removing stm32f0xx_gpio.o(i.GPIO_ResetBits), (4 bytes).
    Removing stm32f0xx_gpio.o(i.GPIO_Write), (4 bytes).
    Removing stm32f0xx_gpio.o(i.GPIO_WriteBit), (12 bytes).
    Removing stm32f0xx_dbgmcu.o(.rev16_text), (4 bytes).
    Removing stm32f0xx_dbgmcu.o(.revsh_text), (4 bytes).
    Removing stm32f0xx_dbgmcu.o(i.DBGMCU_APB1PeriphConfig), (32 bytes).
    Removing stm32f0xx_dbgmcu.o(i.DBGMCU_APB2PeriphConfig), (32 bytes).
    Removing stm32f0xx_dbgmcu.o(i.DBGMCU_Config), (32 bytes).
    Removing stm32f0xx_dbgmcu.o(i.DBGMCU_GetDEVID), (16 bytes).
    Removing stm32f0xx_dbgmcu.o(i.DBGMCU_GetREVID), (12 bytes).
    Removing stm32f0xx_crc.o(.rev16_text), (4 bytes).
    Removing stm32f0xx_crc.o(.revsh_text), (4 bytes).
    Removing stm32f0xx_crc.o(i.CRC_CalcBlockCRC), (36 bytes).
    Removing stm32f0xx_crc.o(i.CRC_CalcCRC), (16 bytes).
    Removing stm32f0xx_crc.o(i.CRC_CalcCRC16bits), (16 bytes).
    Removing stm32f0xx_crc.o(i.CRC_CalcCRC8bits), (16 bytes).
    Removing stm32f0xx_crc.o(i.CRC_DeInit), (36 bytes).
    Removing stm32f0xx_crc.o(i.CRC_GetCRC), (12 bytes).
    Removing stm32f0xx_crc.o(i.CRC_GetIDRegister), (12 bytes).
    Removing stm32f0xx_crc.o(i.CRC_PolynomialSizeSelect), (32 bytes).
    Removing stm32f0xx_crc.o(i.CRC_ResetDR), (20 bytes).
    Removing stm32f0xx_crc.o(i.CRC_ReverseInputDataSelect), (32 bytes).
    Removing stm32f0xx_crc.o(i.CRC_ReverseOutputDataCmd), (36 bytes).
    Removing stm32f0xx_crc.o(i.CRC_SetIDRegister), (12 bytes).
    Removing stm32f0xx_crc.o(i.CRC_SetInitRegister), (12 bytes).
    Removing stm32f0xx_crc.o(i.CRC_SetPolynomial), (12 bytes).
    Removing stm32f0xx_wwdg.o(.rev16_text), (4 bytes).
    Removing stm32f0xx_wwdg.o(.revsh_text), (4 bytes).
    Removing stm32f0xx_wwdg.o(i.WWDG_ClearFlag), (12 bytes).
    Removing stm32f0xx_wwdg.o(i.WWDG_DeInit), (22 bytes).
    Removing stm32f0xx_wwdg.o(i.WWDG_Enable), (16 bytes).
    Removing stm32f0xx_wwdg.o(i.WWDG_EnableIT), (20 bytes).
    Removing stm32f0xx_wwdg.o(i.WWDG_GetFlagStatus), (24 bytes).
    Removing stm32f0xx_wwdg.o(i.WWDG_SetCounter), (16 bytes).
    Removing stm32f0xx_wwdg.o(i.WWDG_SetPrescaler), (32 bytes).
    Removing stm32f0xx_wwdg.o(i.WWDG_SetWindowValue), (40 bytes).
    Removing stm32f0xx_i2c.o(.rev16_text), (4 bytes).
    Removing stm32f0xx_i2c.o(.revsh_text), (4 bytes).
    Removing stm32f0xx_i2c.o(i.I2C_10BitAddressHeaderCmd), (28 bytes).
    Removing stm32f0xx_i2c.o(i.I2C_10BitAddressingModeCmd), (28 bytes).
    Removing stm32f0xx_i2c.o(i.I2C_AcknowledgeConfig), (28 bytes).
    Removing stm32f0xx_i2c.o(i.I2C_AutoEndCmd), (28 bytes).
    Removing stm32f0xx_i2c.o(i.I2C_CalculatePEC), (28 bytes).
    Removing stm32f0xx_i2c.o(i.I2C_ClearFlag), (4 bytes).
    Removing stm32f0xx_i2c.o(i.I2C_ClearITPendingBit), (4 bytes).
    Removing stm32f0xx_i2c.o(i.I2C_ClockTimeoutCmd), (28 bytes).
    Removing stm32f0xx_i2c.o(i.I2C_Cmd), (24 bytes).
    Removing stm32f0xx_i2c.o(i.I2C_DMACmd), (20 bytes).
    Removing stm32f0xx_i2c.o(i.I2C_DeInit), (56 bytes).
    Removing stm32f0xx_i2c.o(i.I2C_DualAddressCmd), (28 bytes).
    Removing stm32f0xx_i2c.o(i.I2C_ExtendedClockTimeoutCmd), (26 bytes).
    Removing stm32f0xx_i2c.o(i.I2C_GeneralCallCmd), (28 bytes).
    Removing stm32f0xx_i2c.o(i.I2C_GenerateSTART), (28 bytes).
    Removing stm32f0xx_i2c.o(i.I2C_GenerateSTOP), (28 bytes).
    Removing stm32f0xx_i2c.o(i.I2C_GetAddressMatched), (14 bytes).
    Removing stm32f0xx_i2c.o(i.I2C_GetFlagStatus), (28 bytes).
    Removing stm32f0xx_i2c.o(i.I2C_GetITStatus), (78 bytes).
    Removing stm32f0xx_i2c.o(i.I2C_GetPEC), (8 bytes).
    Removing stm32f0xx_i2c.o(i.I2C_GetTransferDirection), (30 bytes).
    Removing stm32f0xx_i2c.o(i.I2C_ITConfig), (20 bytes).
    Removing stm32f0xx_i2c.o(i.I2C_IdleClockTimeoutCmd), (28 bytes).
    Removing stm32f0xx_i2c.o(i.I2C_Init), (108 bytes).
    Removing stm32f0xx_i2c.o(i.I2C_MasterRequestConfig), (28 bytes).
    Removing stm32f0xx_i2c.o(i.I2C_NumberOfBytesConfig), (28 bytes).
    Removing stm32f0xx_i2c.o(i.I2C_OwnAddress2Config), (36 bytes).
    Removing stm32f0xx_i2c.o(i.I2C_PECRequestCmd), (28 bytes).
    Removing stm32f0xx_i2c.o(i.I2C_ReadRegister), (22 bytes).
    Removing stm32f0xx_i2c.o(i.I2C_ReceiveData), (8 bytes).
    Removing stm32f0xx_i2c.o(i.I2C_ReloadCmd), (28 bytes).
    Removing stm32f0xx_i2c.o(i.I2C_SMBusAlertCmd), (28 bytes).
    Removing stm32f0xx_i2c.o(i.I2C_SendData), (4 bytes).
    Removing stm32f0xx_i2c.o(i.I2C_SlaveAddressConfig), (20 bytes).
    Removing stm32f0xx_i2c.o(i.I2C_SlaveByteControlCmd), (28 bytes).
    Removing stm32f0xx_i2c.o(i.I2C_SoftwareResetCmd), (20 bytes).
    Removing stm32f0xx_i2c.o(i.I2C_StopModeCmd), (28 bytes).
    Removing stm32f0xx_i2c.o(i.I2C_StretchClockCmd), (28 bytes).
    Removing stm32f0xx_i2c.o(i.I2C_StructInit), (24 bytes).
    Removing stm32f0xx_i2c.o(i.I2C_TimeoutAConfig), (20 bytes).
    Removing stm32f0xx_i2c.o(i.I2C_TimeoutBConfig), (32 bytes).
    Removing stm32f0xx_i2c.o(i.I2C_TransferHandling), (44 bytes).
    Removing stm32f0xx_misc.o(.rev16_text), (4 bytes).
    Removing stm32f0xx_misc.o(.revsh_text), (4 bytes).
    Removing stm32f0xx_misc.o(i.NVIC_SystemLPConfig), (32 bytes).
    Removing stm32f0xx_misc.o(i.SysTick_CLKSourceConfig), (36 bytes).
    Removing stm32f0xx_tim.o(.rev16_text), (4 bytes).
    Removing stm32f0xx_tim.o(.revsh_text), (4 bytes).
    Removing stm32f0xx_tim.o(i.TI1_Config), (56 bytes).
    Removing stm32f0xx_tim.o(i.TI2_Config), (76 bytes).
    Removing stm32f0xx_tim.o(i.TI3_Config), (72 bytes).
    Removing stm32f0xx_tim.o(i.TI4_Config), (80 bytes).
    Removing stm32f0xx_tim.o(i.TIM_BDTRStructInit), (18 bytes).
    Removing stm32f0xx_tim.o(i.TIM_CCPreloadControl), (28 bytes).
    Removing stm32f0xx_tim.o(i.TIM_CCxCmd), (30 bytes).
    Removing stm32f0xx_tim.o(i.TIM_CCxNCmd), (30 bytes).
    Removing stm32f0xx_tim.o(i.TIM_ClearITPendingBit), (6 bytes).
    Removing stm32f0xx_tim.o(i.TIM_ClearOC1Ref), (24 bytes).
    Removing stm32f0xx_tim.o(i.TIM_ClearOC2Ref), (20 bytes).
    Removing stm32f0xx_tim.o(i.TIM_ClearOC3Ref), (24 bytes).
    Removing stm32f0xx_tim.o(i.TIM_ClearOC4Ref), (20 bytes).
    Removing stm32f0xx_tim.o(i.TIM_CounterModeConfig), (24 bytes).
    Removing stm32f0xx_tim.o(i.TIM_DMACmd), (20 bytes).
    Removing stm32f0xx_tim.o(i.TIM_DMAConfig), (12 bytes).
    Removing stm32f0xx_tim.o(i.TIM_DeInit), (260 bytes).
    Removing stm32f0xx_tim.o(i.TIM_ETRClockMode1Config), (52 bytes).
    Removing stm32f0xx_tim.o(i.TIM_ETRClockMode2Config), (34 bytes).
    Removing stm32f0xx_tim.o(i.TIM_ETRConfig), (24 bytes).
    Removing stm32f0xx_tim.o(i.TIM_EncoderInterfaceConfig), (68 bytes).
    Removing stm32f0xx_tim.o(i.TIM_ForcedOC1Config), (24 bytes).
    Removing stm32f0xx_tim.o(i.TIM_ForcedOC2Config), (24 bytes).
    Removing stm32f0xx_tim.o(i.TIM_ForcedOC3Config), (24 bytes).
    Removing stm32f0xx_tim.o(i.TIM_ForcedOC4Config), (24 bytes).
    Removing stm32f0xx_tim.o(i.TIM_GenerateEvent), (4 bytes).
    Removing stm32f0xx_tim.o(i.TIM_GetCapture1), (6 bytes).
    Removing stm32f0xx_tim.o(i.TIM_GetCapture2), (6 bytes).
    Removing stm32f0xx_tim.o(i.TIM_GetCapture3), (6 bytes).
    Removing stm32f0xx_tim.o(i.TIM_GetCapture4), (6 bytes).
    Removing stm32f0xx_tim.o(i.TIM_GetCounter), (6 bytes).
    Removing stm32f0xx_tim.o(i.TIM_GetFlagStatus), (20 bytes).
    Removing stm32f0xx_tim.o(i.TIM_GetITStatus), (38 bytes).
    Removing stm32f0xx_tim.o(i.TIM_GetPrescaler), (6 bytes).
    Removing stm32f0xx_tim.o(i.TIM_ICInit), (112 bytes).
    Removing stm32f0xx_tim.o(i.TIM_ICStructInit), (18 bytes).
    Removing stm32f0xx_tim.o(i.TIM_ITRxExternalClockConfig), (24 bytes).
    Removing stm32f0xx_tim.o(i.TIM_InternalClockConfig), (16 bytes).
    Removing stm32f0xx_tim.o(i.TIM_OC1FastConfig), (24 bytes).
    Removing stm32f0xx_tim.o(i.TIM_OC1NPolarityConfig), (24 bytes).
    Removing stm32f0xx_tim.o(i.TIM_OC1PolarityConfig), (24 bytes).
    Removing stm32f0xx_tim.o(i.TIM_OC2FastConfig), (24 bytes).
    Removing stm32f0xx_tim.o(i.TIM_OC2NPolarityConfig), (24 bytes).
    Removing stm32f0xx_tim.o(i.TIM_OC2PolarityConfig), (24 bytes).
    Removing stm32f0xx_tim.o(i.TIM_OC3FastConfig), (24 bytes).
    Removing stm32f0xx_tim.o(i.TIM_OC3NPolarityConfig), (24 bytes).
    Removing stm32f0xx_tim.o(i.TIM_OC3PolarityConfig), (24 bytes).
    Removing stm32f0xx_tim.o(i.TIM_OC4FastConfig), (24 bytes).
    Removing stm32f0xx_tim.o(i.TIM_OC4PolarityConfig), (24 bytes).
    Removing stm32f0xx_tim.o(i.TIM_OCStructInit), (20 bytes).
    Removing stm32f0xx_tim.o(i.TIM_PWMIConfig), (124 bytes).
    Removing stm32f0xx_tim.o(i.TIM_PrescalerConfig), (6 bytes).
    Removing stm32f0xx_tim.o(i.TIM_RemapConfig), (6 bytes).
    Removing stm32f0xx_tim.o(i.TIM_SelectCCDMA), (28 bytes).
    Removing stm32f0xx_tim.o(i.TIM_SelectCOM), (28 bytes).
    Removing stm32f0xx_tim.o(i.TIM_SelectHallSensor), (28 bytes).
    Removing stm32f0xx_tim.o(i.TIM_SelectInputTrigger), (24 bytes).
    Removing stm32f0xx_tim.o(i.TIM_SelectMasterSlaveMode), (20 bytes).
    Removing stm32f0xx_tim.o(i.TIM_SelectOCREFClear), (20 bytes).
    Removing stm32f0xx_tim.o(i.TIM_SelectOCxM), (82 bytes).
    Removing stm32f0xx_tim.o(i.TIM_SelectOnePulseMode), (20 bytes).
    Removing stm32f0xx_tim.o(i.TIM_SelectOutputTrigger), (20 bytes).
    Removing stm32f0xx_tim.o(i.TIM_SelectSlaveMode), (20 bytes).
    Removing stm32f0xx_tim.o(i.TIM_SetAutoreload), (4 bytes).
    Removing stm32f0xx_tim.o(i.TIM_SetClockDivision), (20 bytes).
    Removing stm32f0xx_tim.o(i.TIM_SetCompare1), (4 bytes).
    Removing stm32f0xx_tim.o(i.TIM_SetCompare2), (4 bytes).
    Removing stm32f0xx_tim.o(i.TIM_SetCompare3), (4 bytes).
    Removing stm32f0xx_tim.o(i.TIM_SetCompare4), (4 bytes).
    Removing stm32f0xx_tim.o(i.TIM_SetCounter), (4 bytes).
    Removing stm32f0xx_tim.o(i.TIM_SetIC1Prescaler), (20 bytes).
    Removing stm32f0xx_tim.o(i.TIM_SetIC2Prescaler), (24 bytes).
    Removing stm32f0xx_tim.o(i.TIM_SetIC3Prescaler), (20 bytes).
    Removing stm32f0xx_tim.o(i.TIM_SetIC4Prescaler), (24 bytes).
    Removing stm32f0xx_tim.o(i.TIM_TIxExternalClockConfig), (58 bytes).
    Removing stm32f0xx_tim.o(i.TIM_TimeBaseStructInit), (18 bytes).
    Removing stm32f0xx_tim.o(i.TIM_UpdateDisableConfig), (28 bytes).
    Removing stm32f0xx_tim.o(i.TIM_UpdateRequestConfig), (28 bytes).

471 unused section(s) (total 15784 bytes) removed from the image.

==============================================================================

Image Symbol Table

    Local Symbols

    Symbol Name                              Value     Ov Type        Size  Object(Section)

    ../clib/microlib/division.c              0x00000000   Number         0  uidiv.o ABSOLUTE
    ../clib/microlib/init/entry.s            0x00000000   Number         0  entry9b.o ABSOLUTE
    ../clib/microlib/init/entry.s            0x00000000   Number         0  entry7a.o ABSOLUTE
    ../clib/microlib/init/entry.s            0x00000000   Number         0  entry2.o ABSOLUTE
    ../clib/microlib/init/entry.s            0x00000000   Number         0  entry5.o ABSOLUTE
    ../clib/microlib/init/entry.s            0x00000000   Number         0  entry7b.o ABSOLUTE
    ../clib/microlib/init/entry.s            0x00000000   Number         0  entry11b.o ABSOLUTE
    ../clib/microlib/init/entry.s            0x00000000   Number         0  entry11a.o ABSOLUTE
    ../clib/microlib/init/entry.s            0x00000000   Number         0  entry10b.o ABSOLUTE
    ../clib/microlib/init/entry.s            0x00000000   Number         0  entry10a.o ABSOLUTE
    ../clib/microlib/init/entry.s            0x00000000   Number         0  entry.o ABSOLUTE
    ../clib/microlib/init/entry.s            0x00000000   Number         0  entry9a.o ABSOLUTE
    ../clib/microlib/init/entry.s            0x00000000   Number         0  entry8b.o ABSOLUTE
    ../clib/microlib/init/entry.s            0x00000000   Number         0  entry8a.o ABSOLUTE
    ..\..\..\Libraries\CMSIS\Device\ST\STM32F0xx\Source\Templates\arm\startup_stm32f031.s 0x00000000   Number         0  startup_stm32f031.o ABSOLUTE
    ..\..\..\Libraries\STM32F0xx_StdPeriph_Driver\src\stm32f0xx_adc.c 0x00000000   Number         0  stm32f0xx_adc.o ABSOLUTE
    ..\..\..\Libraries\STM32F0xx_StdPeriph_Driver\src\stm32f0xx_crc.c 0x00000000   Number         0  stm32f0xx_crc.o ABSOLUTE
    ..\..\..\Libraries\STM32F0xx_StdPeriph_Driver\src\stm32f0xx_dbgmcu.c 0x00000000   Number         0  stm32f0xx_dbgmcu.o ABSOLUTE
    ..\..\..\Libraries\STM32F0xx_StdPeriph_Driver\src\stm32f0xx_dma.c 0x00000000   Number         0  stm32f0xx_dma.o ABSOLUTE
    ..\..\..\Libraries\STM32F0xx_StdPeriph_Driver\src\stm32f0xx_exti.c 0x00000000   Number         0  stm32f0xx_exti.o ABSOLUTE
    ..\..\..\Libraries\STM32F0xx_StdPeriph_Driver\src\stm32f0xx_flash.c 0x00000000   Number         0  stm32f0xx_flash.o ABSOLUTE
    ..\..\..\Libraries\STM32F0xx_StdPeriph_Driver\src\stm32f0xx_gpio.c 0x00000000   Number         0  stm32f0xx_gpio.o ABSOLUTE
    ..\..\..\Libraries\STM32F0xx_StdPeriph_Driver\src\stm32f0xx_i2c.c 0x00000000   Number         0  stm32f0xx_i2c.o ABSOLUTE
    ..\..\..\Libraries\STM32F0xx_StdPeriph_Driver\src\stm32f0xx_iwdg.c 0x00000000   Number         0  stm32f0xx_iwdg.o ABSOLUTE
    ..\..\..\Libraries\STM32F0xx_StdPeriph_Driver\src\stm32f0xx_misc.c 0x00000000   Number         0  stm32f0xx_misc.o ABSOLUTE
    ..\..\..\Libraries\STM32F0xx_StdPeriph_Driver\src\stm32f0xx_pwr.c 0x00000000   Number         0  stm32f0xx_pwr.o ABSOLUTE
    ..\..\..\Libraries\STM32F0xx_StdPeriph_Driver\src\stm32f0xx_rcc.c 0x00000000   Number         0  stm32f0xx_rcc.o ABSOLUTE
    ..\..\..\Libraries\STM32F0xx_StdPeriph_Driver\src\stm32f0xx_rtc.c 0x00000000   Number         0  stm32f0xx_rtc.o ABSOLUTE
    ..\..\..\Libraries\STM32F0xx_StdPeriph_Driver\src\stm32f0xx_spi.c 0x00000000   Number         0  stm32f0xx_spi.o ABSOLUTE
    ..\..\..\Libraries\STM32F0xx_StdPeriph_Driver\src\stm32f0xx_syscfg.c 0x00000000   Number         0  stm32f0xx_syscfg.o ABSOLUTE
    ..\..\..\Libraries\STM32F0xx_StdPeriph_Driver\src\stm32f0xx_tim.c 0x00000000   Number         0  stm32f0xx_tim.o ABSOLUTE
    ..\..\..\Libraries\STM32F0xx_StdPeriph_Driver\src\stm32f0xx_usart.c 0x00000000   Number         0  stm32f0xx_usart.o ABSOLUTE
    ..\..\..\Libraries\STM32F0xx_StdPeriph_Driver\src\stm32f0xx_wwdg.c 0x00000000   Number         0  stm32f0xx_wwdg.o ABSOLUTE
    ..\\..\\..\\Libraries\\STM32F0xx_StdPeriph_Driver\\src\\stm32f0xx_adc.c 0x00000000   Number         0  stm32f0xx_adc.o ABSOLUTE
    ..\\..\\..\\Libraries\\STM32F0xx_StdPeriph_Driver\\src\\stm32f0xx_crc.c 0x00000000   Number         0  stm32f0xx_crc.o ABSOLUTE
    ..\\..\\..\\Libraries\\STM32F0xx_StdPeriph_Driver\\src\\stm32f0xx_dbgmcu.c 0x00000000   Number         0  stm32f0xx_dbgmcu.o ABSOLUTE
    ..\\..\\..\\Libraries\\STM32F0xx_StdPeriph_Driver\\src\\stm32f0xx_dma.c 0x00000000   Number         0  stm32f0xx_dma.o ABSOLUTE
    ..\\..\\..\\Libraries\\STM32F0xx_StdPeriph_Driver\\src\\stm32f0xx_exti.c 0x00000000   Number         0  stm32f0xx_exti.o ABSOLUTE
    ..\\..\\..\\Libraries\\STM32F0xx_StdPeriph_Driver\\src\\stm32f0xx_flash.c 0x00000000   Number         0  stm32f0xx_flash.o ABSOLUTE
    ..\\..\\..\\Libraries\\STM32F0xx_StdPeriph_Driver\\src\\stm32f0xx_gpio.c 0x00000000   Number         0  stm32f0xx_gpio.o ABSOLUTE
    ..\\..\\..\\Libraries\\STM32F0xx_StdPeriph_Driver\\src\\stm32f0xx_i2c.c 0x00000000   Number         0  stm32f0xx_i2c.o ABSOLUTE
    ..\\..\\..\\Libraries\\STM32F0xx_StdPeriph_Driver\\src\\stm32f0xx_iwdg.c 0x00000000   Number         0  stm32f0xx_iwdg.o ABSOLUTE
    ..\\..\\..\\Libraries\\STM32F0xx_StdPeriph_Driver\\src\\stm32f0xx_misc.c 0x00000000   Number         0  stm32f0xx_misc.o ABSOLUTE
    ..\\..\\..\\Libraries\\STM32F0xx_StdPeriph_Driver\\src\\stm32f0xx_pwr.c 0x00000000   Number         0  stm32f0xx_pwr.o ABSOLUTE
    ..\\..\\..\\Libraries\\STM32F0xx_StdPeriph_Driver\\src\\stm32f0xx_rcc.c 0x00000000   Number         0  stm32f0xx_rcc.o ABSOLUTE
    ..\\..\\..\\Libraries\\STM32F0xx_StdPeriph_Driver\\src\\stm32f0xx_rtc.c 0x00000000   Number         0  stm32f0xx_rtc.o ABSOLUTE
    ..\\..\\..\\Libraries\\STM32F0xx_StdPeriph_Driver\\src\\stm32f0xx_spi.c 0x00000000   Number         0  stm32f0xx_spi.o ABSOLUTE
    ..\\..\\..\\Libraries\\STM32F0xx_StdPeriph_Driver\\src\\stm32f0xx_syscfg.c 0x00000000   Number         0  stm32f0xx_syscfg.o ABSOLUTE
    ..\\..\\..\\Libraries\\STM32F0xx_StdPeriph_Driver\\src\\stm32f0xx_tim.c 0x00000000   Number         0  stm32f0xx_tim.o ABSOLUTE
    ..\\..\\..\\Libraries\\STM32F0xx_StdPeriph_Driver\\src\\stm32f0xx_usart.c 0x00000000   Number         0  stm32f0xx_usart.o ABSOLUTE
    ..\\..\\..\\Libraries\\STM32F0xx_StdPeriph_Driver\\src\\stm32f0xx_wwdg.c 0x00000000   Number         0  stm32f0xx_wwdg.o ABSOLUTE
    ..\\foc.c                                0x00000000   Number         0  foc.o ABSOLUTE
    ..\\init.c                               0x00000000   Number         0  init.o ABSOLUTE
    ..\\interrupts.c                         0x00000000   Number         0  interrupts.o ABSOLUTE
    ..\\main.c                               0x00000000   Number         0  main.o ABSOLUTE
    ..\\position_hall.c                      0x00000000   Number         0  position_hall.o ABSOLUTE
    ..\\self_test.c                          0x00000000   Number         0  self_test.o ABSOLUTE
    ..\\stm32f0xx_it.c                       0x00000000   Number         0  stm32f0xx_it.o ABSOLUTE
    ..\\system_stm32f0xx.c                   0x00000000   Number         0  system_stm32f0xx.o ABSOLUTE
    ..\\trig.c                               0x00000000   Number         0  trig.o ABSOLUTE
    ..\foc.c                                 0x00000000   Number         0  foc.o ABSOLUTE
    ..\init.c                                0x00000000   Number         0  init.o ABSOLUTE
    ..\interrupts.c                          0x00000000   Number         0  interrupts.o ABSOLUTE
    ..\main.c                                0x00000000   Number         0  main.o ABSOLUTE
    ..\position_hall.c                       0x00000000   Number         0  position_hall.o ABSOLUTE
    ..\self_test.c                           0x00000000   Number         0  self_test.o ABSOLUTE
    ..\stm32f0xx_it.c                        0x00000000   Number         0  stm32f0xx_it.o ABSOLUTE
    ..\system_stm32f0xx.c                    0x00000000   Number         0  system_stm32f0xx.o ABSOLUTE
    ..\trig.c                                0x00000000   Number         0  trig.o ABSOLUTE
    dc.s                                     0x00000000   Number         0  dc.o ABSOLUTE
    handlers.s                               0x00000000   Number         0  handlers.o ABSOLUTE
    init.s                                   0x00000000   Number         0  init.o ABSOLUTE
    RESET                                    0x08000000   Section      176  startup_stm32f031.o(RESET)
    .ARM.Collect$$$$00000000                 0x080000b0   Section        0  entry.o(.ARM.Collect$$$$00000000)
    .ARM.Collect$$$$00000001                 0x080000b0   Section        4  entry2.o(.ARM.Collect$$$$00000001)
    .ARM.Collect$$$$00000004                 0x080000b4   Section        4  entry5.o(.ARM.Collect$$$$00000004)
    .ARM.Collect$$$$00000008                 0x080000b8   Section        0  entry7b.o(.ARM.Collect$$$$00000008)
    .ARM.Collect$$$$0000000A                 0x080000b8   Section        0  entry8b.o(.ARM.Collect$$$$0000000A)
    .ARM.Collect$$$$0000000B                 0x080000b8   Section        8  entry9a.o(.ARM.Collect$$$$0000000B)
    .ARM.Collect$$$$0000000D                 0x080000c0   Section        0  entry10a.o(.ARM.Collect$$$$0000000D)
    .ARM.Collect$$$$0000000F                 0x080000c0   Section        0  entry11a.o(.ARM.Collect$$$$0000000F)
    .ARM.Collect$$$$00002712                 0x080000c0   Section        4  entry2.o(.ARM.Collect$$$$00002712)
    __lit__00000000                          0x080000c0   Data           4  entry2.o(.ARM.Collect$$$$00002712)
    .text                                    0x080000c4   Section       88  startup_stm32f031.o(.text)
    .text                                    0x0800011c   Section        0  uidiv.o(.text)
    .text                                    0x08000148   Section       36  init.o(.text)
    i.ADC1_IRQHandler                        0x0800016c   Section        0  interrupts.o(i.ADC1_IRQHandler)
    i.ADC_ChannelConfig                      0x080002ac   Section        0  stm32f0xx_adc.o(i.ADC_ChannelConfig)
    i.ADC_ClearFlag                          0x080002c4   Section        0  stm32f0xx_adc.o(i.ADC_ClearFlag)
    i.ADC_Cmd                                0x080002c8   Section        0  stm32f0xx_adc.o(i.ADC_Cmd)
    i.ADC_DMACmd                             0x080002e0   Section        0  stm32f0xx_adc.o(i.ADC_DMACmd)
    i.ADC_GetCalibrationFactor               0x080002f8   Section        0  stm32f0xx_adc.o(i.ADC_GetCalibrationFactor)
    i.ADC_ITConfig                           0x08000334   Section        0  stm32f0xx_adc.o(i.ADC_ITConfig)
    i.ADC_Init                               0x08000348   Section        0  stm32f0xx_adc.o(i.ADC_Init)
    i.ADC_StartOfConversion                  0x08000374   Section        0  stm32f0xx_adc.o(i.ADC_StartOfConversion)
    i.DMA_Cmd                                0x08000380   Section        0  stm32f0xx_dma.o(i.DMA_Cmd)
    i.DMA_DeInit                             0x0800039c   Section        0  stm32f0xx_dma.o(i.DMA_DeInit)
    i.DMA_Init                               0x08000500   Section        0  stm32f0xx_dma.o(i.DMA_Init)
    i.GPIO_Init                              0x08000540   Section        0  stm32f0xx_gpio.o(i.GPIO_Init)
    i.GPIO_PinAFConfig                       0x080005d0   Section        0  stm32f0xx_gpio.o(i.GPIO_PinAFConfig)
    i.GPIO_SetBits                           0x08000614   Section        0  stm32f0xx_gpio.o(i.GPIO_SetBits)
    i.GPIO_StructInit                        0x08000618   Section        0  stm32f0xx_gpio.o(i.GPIO_StructInit)
    i.HardFault_Handler                      0x08000630   Section        0  stm32f0xx_it.o(i.HardFault_Handler)
    i.MotorClarkeFun                         0x08000634   Section        0  foc.o(i.MotorClarkeFun)
    i.MotorCtrlFun                           0x08000664   Section        0  foc.o(i.MotorCtrlFun)
    i.MotorFetAngleFun                       0x080007cc   Section        0  position_hall.o(i.MotorFetAngleFun)
    i.MotorFlowRegFun                        0x08001110   Section        0  foc.o(i.MotorFlowRegFun)
    i.MotorInitParaFun                       0x0800117c   Section        0  foc.o(i.MotorInitParaFun)
    i.MotorParkFun                           0x08001198   Section        0  foc.o(i.MotorParkFun)
    i.MotorRevParkFun                        0x080011e8   Section        0  foc.o(i.MotorRevParkFun)
    i.NMI_Handler                            0x08001260   Section        0  stm32f0xx_it.o(i.NMI_Handler)
    i.NVIC_Init                              0x08001264   Section        0  stm32f0xx_misc.o(i.NVIC_Init)
    i.PendSV_Handler                         0x080012d4   Section        0  stm32f0xx_it.o(i.PendSV_Handler)
    i.RCC_AHBPeriphClockCmd                  0x080012d8   Section        0  stm32f0xx_rcc.o(i.RCC_AHBPeriphClockCmd)
    i.RCC_APB2PeriphClockCmd                 0x080012f8   Section        0  stm32f0xx_rcc.o(i.RCC_APB2PeriphClockCmd)
    i.RCC_GetClocksFreq                      0x08001318   Section        0  stm32f0xx_rcc.o(i.RCC_GetClocksFreq)
    i.RCC_GetFlagStatus                      0x08001560   Section        0  stm32f0xx_rcc.o(i.RCC_GetFlagStatus)
    i.RCC_HSEConfig                          0x080015a8   Section        0  stm32f0xx_rcc.o(i.RCC_HSEConfig)
    i.RCC_PLLCmd                             0x080015b8   Section        0  stm32f0xx_rcc.o(i.RCC_PLLCmd)
    i.RCC_PLLConfig                          0x080015e0   Section        0  stm32f0xx_rcc.o(i.RCC_PLLConfig)
    i.SVC_Handler                            0x08001604   Section        0  stm32f0xx_it.o(i.SVC_Handler)
    i.SendData                               0x08001608   Section        0  main.o(i.SendData)
    i.SetSysClock                            0x08001628   Section        0  system_stm32f0xx.o(i.SetSysClock)
    SetSysClock                              0x08001629   Thumb Code   174  system_stm32f0xx.o(i.SetSysClock)
    i.SysTick_Handler                        0x080016e0   Section        0  stm32f0xx_it.o(i.SysTick_Handler)
    i.SystemInit                             0x080016e4   Section        0  system_stm32f0xx.o(i.SystemInit)
    i.TIM1_CC_IRQHandler                     0x08001760   Section        0  interrupts.o(i.TIM1_CC_IRQHandler)
    i.TIM_ARRPreloadConfig                   0x080017e4   Section        0  stm32f0xx_tim.o(i.TIM_ARRPreloadConfig)
    i.TIM_BDTRConfig                         0x08001800   Section        0  stm32f0xx_tim.o(i.TIM_BDTRConfig)
    i.TIM_ClearFlag                          0x08001820   Section        0  stm32f0xx_tim.o(i.TIM_ClearFlag)
    i.TIM_Cmd                                0x08001828   Section        0  stm32f0xx_tim.o(i.TIM_Cmd)
    i.TIM_CtrlPWMOutputs                     0x08001844   Section        0  stm32f0xx_tim.o(i.TIM_CtrlPWMOutputs)
    i.TIM_ITConfig                           0x08001866   Section        0  stm32f0xx_tim.o(i.TIM_ITConfig)
    i.TIM_OC1Init                            0x0800187c   Section        0  stm32f0xx_tim.o(i.TIM_OC1Init)
    i.TIM_OC1PreloadConfig                   0x08001910   Section        0  stm32f0xx_tim.o(i.TIM_OC1PreloadConfig)
    i.TIM_OC2Init                            0x08001928   Section        0  stm32f0xx_tim.o(i.TIM_OC2Init)
    i.TIM_OC2PreloadConfig                   0x080019d4   Section        0  stm32f0xx_tim.o(i.TIM_OC2PreloadConfig)
    i.TIM_OC3Init                            0x080019ec   Section        0  stm32f0xx_tim.o(i.TIM_OC3Init)
    i.TIM_OC3PreloadConfig                   0x08001a84   Section        0  stm32f0xx_tim.o(i.TIM_OC3PreloadConfig)
    i.TIM_OC4Init                            0x08001a9c   Section        0  stm32f0xx_tim.o(i.TIM_OC4Init)
    i.TIM_OC4PreloadConfig                   0x08001b0c   Section        0  stm32f0xx_tim.o(i.TIM_OC4PreloadConfig)
    i.TIM_TimeBaseInit                       0x08001b24   Section        0  stm32f0xx_tim.o(i.TIM_TimeBaseInit)
    i.TX_data                                0x08001ba0   Section        0  main.o(i.TX_data)
    i.USART1_IRQHandler                      0x08001c7c   Section        0  interrupts.o(i.USART1_IRQHandler)
    i.USART_ClearITPendingBit                0x08001e1c   Section        0  stm32f0xx_usart.o(i.USART_ClearITPendingBit)
    i.USART_Cmd                              0x08001e2e   Section        0  stm32f0xx_usart.o(i.USART_Cmd)
    i.USART_GetFlagStatus                    0x08001e46   Section        0  stm32f0xx_usart.o(i.USART_GetFlagStatus)
    i.USART_GetITStatus                      0x08001e5a   Section        0  stm32f0xx_usart.o(i.USART_GetITStatus)
    i.USART_ITConfig                         0x08001ea8   Section        0  stm32f0xx_usart.o(i.USART_ITConfig)
    i.USART_Init                             0x08001eec   Section        0  stm32f0xx_usart.o(i.USART_Init)
    i.USART_ReceiveData                      0x08001fe4   Section        0  stm32f0xx_usart.o(i.USART_ReceiveData)
    i.USART_SendData                         0x08001fee   Section        0  stm32f0xx_usart.o(i.USART_SendData)
    i.Uart_Buff_Clear                        0x08001ff8   Section        0  interrupts.o(i.Uart_Buff_Clear)
    i.__ARM_common_switch8                   0x08002010   Section        0  foc.o(i.__ARM_common_switch8)
    i.__scatterload_copy                     0x0800202c   Section       14  handlers.o(i.__scatterload_copy)
    i.__scatterload_null                     0x0800203a   Section        2  handlers.o(i.__scatterload_null)
    i.__scatterload_zeroinit                 0x0800203c   Section       14  handlers.o(i.__scatterload_zeroinit)
    i.adc_init                               0x0800204c   Section        0  init.o(i.adc_init)
    i.board_self_test                        0x08002164   Section        0  self_test.o(i.board_self_test)
    i.device_init                            0x0800222c   Section        0  init.o(i.device_init)
    i.get_cos                                0x08002260   Section        0  trig.o(i.get_cos)
    i.get_sin                                0x08002274   Section        0  trig.o(i.get_sin)
    i.i2c_init                               0x0800229c   Section        0  init.o(i.i2c_init)
    i.main                                   0x0800229e   Section        0  main.o(i.main)
    i.nvic_init                              0x080022b2   Section        0  init.o(i.nvic_init)
    i.port_init                              0x080022ec   Section        0  init.o(i.port_init)
    i.pwm_init                               0x08002370   Section        0  init.o(i.pwm_init)
    i.rcc_init                               0x08002530   Section        0  init.o(i.rcc_init)
    i.states                                 0x08002534   Section        0  main.o(i.states)
    i.usart_init                             0x080025c8   Section        0  init.o(i.usart_init)
    .constdata                               0x08002668   Section     2048  trig.o(.constdata)
    .data                                    0x20000000   Section        8  main.o(.data)
    .data                                    0x20000008   Section        8  init.o(.data)
    .data                                    0x20000010   Section       24  foc.o(.data)
    .data                                    0x20000028   Section       57  position_hall.o(.data)
    .data                                    0x20000064   Section       16  self_test.o(.data)
    .data                                    0x20000074   Section       84  interrupts.o(.data)
    .data                                    0x200000c8   Section       16  stm32f0xx_rcc.o(.data)
    APBAHBPrescTable                         0x200000c8   Data          16  stm32f0xx_rcc.o(.data)
    .bss                                     0x200000d8   Section       14  main.o(.bss)
    .bss                                     0x200000e6   Section       12  position_hall.o(.bss)
    .bss                                     0x200000f2   Section       36  interrupts.o(.bss)
    STACK                                    0x20000118   Section     1024  startup_stm32f031.o(STACK)

    Global Symbols

    Symbol Name                              Value     Ov Type        Size  Object(Section)

    BuildAttributes$$THM_ISAv3M$S$PE$A:L22$X:L11$S22$IEEE1$IW$USESV6$~STKCKD$USESV7$~SHL$OSPACE$EBA8$MICROLIB$REQ8$PRES8$EABIv2 0x00000000   Number         0  anon$$obj.o ABSOLUTE
    __ARM_use_no_argv                        0x00000000   Number         0  main.o ABSOLUTE
    __cpp_initialize__aeabi_                  - Undefined Weak Reference
    __cxa_finalize                            - Undefined Weak Reference
    __decompress                              - Undefined Weak Reference
    _clock_init                               - Undefined Weak Reference
    _microlib_exit                            - Undefined Weak Reference
    __Vectors_Size                           0x000000b0   Number         0  startup_stm32f031.o ABSOLUTE
    __Vectors                                0x08000000   Data           4  startup_stm32f031.o(RESET)
    __Vectors_End                            0x080000b0   Data           0  startup_stm32f031.o(RESET)
    __main                                   0x080000b1   Thumb Code     0  entry.o(.ARM.Collect$$$$00000000)
    _main_stk                                0x080000b1   Thumb Code     0  entry2.o(.ARM.Collect$$$$00000001)
    _main_scatterload                        0x080000b5   Thumb Code     0  entry5.o(.ARM.Collect$$$$00000004)
    __main_after_scatterload                 0x080000b9   Thumb Code     0  entry5.o(.ARM.Collect$$$$00000004)
    _main_clock                              0x080000b9   Thumb Code     0  entry7b.o(.ARM.Collect$$$$00000008)
    _main_cpp_init                           0x080000b9   Thumb Code     0  entry8b.o(.ARM.Collect$$$$0000000A)
    _main_init                               0x080000b9   Thumb Code     0  entry9a.o(.ARM.Collect$$$$0000000B)
    __rt_final_cpp                           0x080000c1   Thumb Code     0  entry10a.o(.ARM.Collect$$$$0000000D)
    __rt_final_exit                          0x080000c1   Thumb Code     0  entry11a.o(.ARM.Collect$$$$0000000F)
    Reset_Handler                            0x080000c5   Thumb Code    38  startup_stm32f031.o(.text)
    DMA1_Channel1_IRQHandler                 0x080000f5   Thumb Code     0  startup_stm32f031.o(.text)
    DMA1_Channel2_3_IRQHandler               0x080000f5   Thumb Code     0  startup_stm32f031.o(.text)
    DMA1_Channel4_5_IRQHandler               0x080000f5   Thumb Code     0  startup_stm32f031.o(.text)
    EXTI0_1_IRQHandler                       0x080000f5   Thumb Code     0  startup_stm32f031.o(.text)
    EXTI2_3_IRQHandler                       0x080000f5   Thumb Code     0  startup_stm32f031.o(.text)
    EXTI4_15_IRQHandler                      0x080000f5   Thumb Code     0  startup_stm32f031.o(.text)
    FLASH_IRQHandler                         0x080000f5   Thumb Code     0  startup_stm32f031.o(.text)
    I2C1_IRQHandler                          0x080000f5   Thumb Code     0  startup_stm32f031.o(.text)
    PVD_IRQHandler                           0x080000f5   Thumb Code     0  startup_stm32f031.o(.text)
    RCC_IRQHandler                           0x080000f5   Thumb Code     0  startup_stm32f031.o(.text)
    RTC_IRQHandler                           0x080000f5   Thumb Code     0  startup_stm32f031.o(.text)
    SPI1_IRQHandler                          0x080000f5   Thumb Code     0  startup_stm32f031.o(.text)
    TIM14_IRQHandler                         0x080000f5   Thumb Code     0  startup_stm32f031.o(.text)
    TIM16_IRQHandler                         0x080000f5   Thumb Code     0  startup_stm32f031.o(.text)
    TIM17_IRQHandler                         0x080000f5   Thumb Code     0  startup_stm32f031.o(.text)
    TIM1_BRK_UP_TRG_COM_IRQHandler           0x080000f5   Thumb Code     0  startup_stm32f031.o(.text)
    TIM2_IRQHandler                          0x080000f5   Thumb Code     0  startup_stm32f031.o(.text)
    TIM3_IRQHandler                          0x080000f5   Thumb Code     0  startup_stm32f031.o(.text)
    WWDG_IRQHandler                          0x080000f5   Thumb Code     0  startup_stm32f031.o(.text)
    __aeabi_uidiv                            0x0800011d   Thumb Code     0  uidiv.o(.text)
    __aeabi_uidivmod                         0x0800011d   Thumb Code    44  uidiv.o(.text)
    __scatterload                            0x08000149   Thumb Code    28  init.o(.text)
    __scatterload_rt2                        0x08000149   Thumb Code     0  init.o(.text)
    ADC1_IRQHandler                          0x0800016d   Thumb Code   238  interrupts.o(i.ADC1_IRQHandler)
    ADC_ChannelConfig                        0x080002ad   Thumb Code    24  stm32f0xx_adc.o(i.ADC_ChannelConfig)
    ADC_ClearFlag                            0x080002c5   Thumb Code     4  stm32f0xx_adc.o(i.ADC_ClearFlag)
    ADC_Cmd                                  0x080002c9   Thumb Code    24  stm32f0xx_adc.o(i.ADC_Cmd)
    ADC_DMACmd                               0x080002e1   Thumb Code    24  stm32f0xx_adc.o(i.ADC_DMACmd)
    ADC_GetCalibrationFactor                 0x080002f9   Thumb Code    60  stm32f0xx_adc.o(i.ADC_GetCalibrationFactor)
    ADC_ITConfig                             0x08000335   Thumb Code    20  stm32f0xx_adc.o(i.ADC_ITConfig)
    ADC_Init                                 0x08000349   Thumb Code    40  stm32f0xx_adc.o(i.ADC_Init)
    ADC_StartOfConversion                    0x08000375   Thumb Code    10  stm32f0xx_adc.o(i.ADC_StartOfConversion)
    DMA_Cmd                                  0x08000381   Thumb Code    24  stm32f0xx_dma.o(i.DMA_Cmd)
    DMA_DeInit                               0x0800039d   Thumb Code   342  stm32f0xx_dma.o(i.DMA_DeInit)
    DMA_Init                                 0x08000501   Thumb Code    58  stm32f0xx_dma.o(i.DMA_Init)
    GPIO_Init                                0x08000541   Thumb Code   144  stm32f0xx_gpio.o(i.GPIO_Init)
    GPIO_PinAFConfig                         0x080005d1   Thumb Code    68  stm32f0xx_gpio.o(i.GPIO_PinAFConfig)
    GPIO_SetBits                             0x08000615   Thumb Code     4  stm32f0xx_gpio.o(i.GPIO_SetBits)
    GPIO_StructInit                          0x08000619   Thumb Code    20  stm32f0xx_gpio.o(i.GPIO_StructInit)
    HardFault_Handler                        0x08000631   Thumb Code     4  stm32f0xx_it.o(i.HardFault_Handler)
    MotorClarkeFun                           0x08000635   Thumb Code    36  foc.o(i.MotorClarkeFun)
    MotorCtrlFun                             0x08000665   Thumb Code   348  foc.o(i.MotorCtrlFun)
    MotorFetAngleFun                         0x080007cd   Thumb Code  2356  position_hall.o(i.MotorFetAngleFun)
    MotorFlowRegFun                          0x08001111   Thumb Code    90  foc.o(i.MotorFlowRegFun)
    MotorInitParaFun                         0x0800117d   Thumb Code    16  foc.o(i.MotorInitParaFun)
    MotorParkFun                             0x08001199   Thumb Code    60  foc.o(i.MotorParkFun)
    MotorRevParkFun                          0x080011e9   Thumb Code   104  foc.o(i.MotorRevParkFun)
    NMI_Handler                              0x08001261   Thumb Code     2  stm32f0xx_it.o(i.NMI_Handler)
    NVIC_Init                                0x08001265   Thumb Code   106  stm32f0xx_misc.o(i.NVIC_Init)
    PendSV_Handler                           0x080012d5   Thumb Code     2  stm32f0xx_it.o(i.PendSV_Handler)
    RCC_AHBPeriphClockCmd                    0x080012d9   Thumb Code    28  stm32f0xx_rcc.o(i.RCC_AHBPeriphClockCmd)
    RCC_APB2PeriphClockCmd                   0x080012f9   Thumb Code    28  stm32f0xx_rcc.o(i.RCC_APB2PeriphClockCmd)
    RCC_GetClocksFreq                        0x08001319   Thumb Code   554  stm32f0xx_rcc.o(i.RCC_GetClocksFreq)
    RCC_GetFlagStatus                        0x08001561   Thumb Code    68  stm32f0xx_rcc.o(i.RCC_GetFlagStatus)
    RCC_HSEConfig                            0x080015a9   Thumb Code    12  stm32f0xx_rcc.o(i.RCC_HSEConfig)
    RCC_PLLCmd                               0x080015b9   Thumb Code    36  stm32f0xx_rcc.o(i.RCC_PLLCmd)
    RCC_PLLConfig                            0x080015e1   Thumb Code    30  stm32f0xx_rcc.o(i.RCC_PLLConfig)
    SVC_Handler                              0x08001605   Thumb Code     2  stm32f0xx_it.o(i.SVC_Handler)
    SendData                                 0x08001609   Thumb Code    28  main.o(i.SendData)
    SysTick_Handler                          0x080016e1   Thumb Code     2  stm32f0xx_it.o(i.SysTick_Handler)
    SystemInit                               0x080016e5   Thumb Code   110  system_stm32f0xx.o(i.SystemInit)
    TIM1_CC_IRQHandler                       0x08001761   Thumb Code   108  interrupts.o(i.TIM1_CC_IRQHandler)
    TIM_ARRPreloadConfig                     0x080017e5   Thumb Code    24  stm32f0xx_tim.o(i.TIM_ARRPreloadConfig)
    TIM_BDTRConfig                           0x08001801   Thumb Code    32  stm32f0xx_tim.o(i.TIM_BDTRConfig)
    TIM_ClearFlag                            0x08001821   Thumb Code     6  stm32f0xx_tim.o(i.TIM_ClearFlag)
    TIM_Cmd                                  0x08001829   Thumb Code    24  stm32f0xx_tim.o(i.TIM_Cmd)
    TIM_CtrlPWMOutputs                       0x08001845   Thumb Code    34  stm32f0xx_tim.o(i.TIM_CtrlPWMOutputs)
    TIM_ITConfig                             0x08001867   Thumb Code    20  stm32f0xx_tim.o(i.TIM_ITConfig)
    TIM_OC1Init                              0x0800187d   Thumb Code   122  stm32f0xx_tim.o(i.TIM_OC1Init)
    TIM_OC1PreloadConfig                     0x08001911   Thumb Code    20  stm32f0xx_tim.o(i.TIM_OC1PreloadConfig)
    TIM_OC2Init                              0x08001929   Thumb Code   142  stm32f0xx_tim.o(i.TIM_OC2Init)
    TIM_OC2PreloadConfig                     0x080019d5   Thumb Code    20  stm32f0xx_tim.o(i.TIM_OC2PreloadConfig)
    TIM_OC3Init                              0x080019ed   Thumb Code   124  stm32f0xx_tim.o(i.TIM_OC3Init)
    TIM_OC3PreloadConfig                     0x08001a85   Thumb Code    20  stm32f0xx_tim.o(i.TIM_OC3PreloadConfig)
    TIM_OC4Init                              0x08001a9d   Thumb Code    88  stm32f0xx_tim.o(i.TIM_OC4Init)
    TIM_OC4PreloadConfig                     0x08001b0d   Thumb Code    20  stm32f0xx_tim.o(i.TIM_OC4PreloadConfig)
    TIM_TimeBaseInit                         0x08001b25   Thumb Code    90  stm32f0xx_tim.o(i.TIM_TimeBaseInit)
    TX_data                                  0x08001ba1   Thumb Code   190  main.o(i.TX_data)
    USART1_IRQHandler                        0x08001c7d   Thumb Code   356  interrupts.o(i.USART1_IRQHandler)
    USART_ClearITPendingBit                  0x08001e1d   Thumb Code    18  stm32f0xx_usart.o(i.USART_ClearITPendingBit)
    USART_Cmd                                0x08001e2f   Thumb Code    24  stm32f0xx_usart.o(i.USART_Cmd)
    USART_GetFlagStatus                      0x08001e47   Thumb Code    20  stm32f0xx_usart.o(i.USART_GetFlagStatus)
    USART_GetITStatus                        0x08001e5b   Thumb Code    78  stm32f0xx_usart.o(i.USART_GetITStatus)
    USART_ITConfig                           0x08001ea9   Thumb Code    66  stm32f0xx_usart.o(i.USART_ITConfig)
    USART_Init                               0x08001eed   Thumb Code   226  stm32f0xx_usart.o(i.USART_Init)
    USART_ReceiveData                        0x08001fe5   Thumb Code    10  stm32f0xx_usart.o(i.USART_ReceiveData)
    USART_SendData                           0x08001fef   Thumb Code     8  stm32f0xx_usart.o(i.USART_SendData)
    Uart_Buff_Clear                          0x08001ff9   Thumb Code    20  interrupts.o(i.Uart_Buff_Clear)
    __ARM_common_switch8                     0x08002011   Thumb Code    28  foc.o(i.__ARM_common_switch8)
    __scatterload_copy                       0x0800202d   Thumb Code    14  handlers.o(i.__scatterload_copy)
    __scatterload_null                       0x0800203b   Thumb Code     2  handlers.o(i.__scatterload_null)
    __scatterload_zeroinit                   0x0800203d   Thumb Code    14  handlers.o(i.__scatterload_zeroinit)
    adc_init                                 0x0800204d   Thumb Code   264  init.o(i.adc_init)
    board_self_test                          0x08002165   Thumb Code   158  self_test.o(i.board_self_test)
    device_init                              0x0800222d   Thumb Code    46  init.o(i.device_init)
    get_cos                                  0x08002261   Thumb Code    18  trig.o(i.get_cos)
    get_sin                                  0x08002275   Thumb Code    36  trig.o(i.get_sin)
    i2c_init                                 0x0800229d   Thumb Code     2  init.o(i.i2c_init)
    main                                     0x0800229f   Thumb Code    20  main.o(i.main)
    nvic_init                                0x080022b3   Thumb Code    56  init.o(i.nvic_init)
    port_init                                0x080022ed   Thumb Code   128  init.o(i.port_init)
    pwm_init                                 0x08002371   Thumb Code   434  init.o(i.pwm_init)
    rcc_init                                 0x08002531   Thumb Code     2  init.o(i.rcc_init)
    states                                   0x08002535   Thumb Code   124  main.o(i.states)
    usart_init                               0x080025c9   Thumb Code   146  init.o(i.usart_init)
    hSinCosTable                             0x08002668   Data        2048  trig.o(.constdata)
    Region$$Table$$Base                      0x08002e68   Number         0  anon$$obj.o(Region$$Table)
    Region$$Table$$Limit                     0x08002e88   Number         0  anon$$obj.o(Region$$Table)
    State1                                   0x20000000   Data           1  main.o(.data)
    State2                                   0x20000001   Data           1  main.o(.data)
    Current                                  0x20000002   Data           2  main.o(.data)
    Velocity                                 0x20000004   Data           2  main.o(.data)
    Check_Bit                                0x20000006   Data           2  main.o(.data)
    RegularConvData_Tab                      0x20000008   Data           8  init.o(.data)
    MotorCurr_ab                             0x20000010   Data           4  foc.o(.data)
    MotorAtatVolt_qd                         0x20000014   Data           4  foc.o(.data)
    MotorCurrAlfaBeta                        0x20000018   Data           4  foc.o(.data)
    MotorVectorComponents                    0x2000001c   Data           4  foc.o(.data)
    MotorVol_ab                              0x20000020   Data           4  foc.o(.data)
    MotorFlowIntergral                       0x20000024   Data           2  foc.o(.data)
    MotorCurrqd                              0x20000026   Data           2  foc.o(.data)
    MotorFlagMove                            0x20000028   Data           2  position_hall.o(.data)
    MotorFinalEleAngle                       0x2000002a   Data           2  position_hall.o(.data)
    MOTOR_PHASE_SEQUENCE                     0x2000002c   Data           7  position_hall.o(.data)
    MotorTimePole                            0x20000034   Data           2  position_hall.o(.data)
    MotorTimePole6                           0x20000036   Data           2  position_hall.o(.data)
    MotorFlagPole6OK                         0x20000038   Data           1  position_hall.o(.data)
    MotoSFlagHallChange                      0x20000039   Data           1  position_hall.o(.data)
    MotorPoleCnt                             0x2000003a   Data           1  position_hall.o(.data)
    MotorElectricalAngle                     0x2000003c   Data           2  position_hall.o(.data)
    MotorEleAngleParaA                       0x2000003e   Data           2  position_hall.o(.data)
    MotorEleAngleParaC                       0x20000040   Data           2  position_hall.o(.data)
    MotorEleAngleParaD                       0x20000042   Data           2  position_hall.o(.data)
    MotorEleAngleParaE                       0x20000044   Data           2  position_hall.o(.data)
    MotorEleAngleParaF                       0x20000046   Data           2  position_hall.o(.data)
    MotorEleAngleParaG                       0x20000048   Data           2  position_hall.o(.data)
    MotorMoveCnt                             0x2000004a   Data           1  position_hall.o(.data)
    MotorFlagDir                             0x2000004c   Data           2  position_hall.o(.data)
    MotorPosCur                              0x2000004e   Data           2  position_hall.o(.data)
    MotorFlagShake                           0x20000050   Data           1  position_hall.o(.data)
    MotorUnknownPara1                        0x20000052   Data           2  position_hall.o(.data)
    MotorElectricalAngleBak                  0x20000054   Data           2  position_hall.o(.data)
    MotorEleAnglePara1                       0x20000056   Data           1  position_hall.o(.data)
    MotorCurHall                             0x20000057   Data           1  position_hall.o(.data)
    MotorHallCnt                             0x20000058   Data           1  position_hall.o(.data)
    MotorLastHall                            0x20000059   Data           1  position_hall.o(.data)
    MotorDirFlagLast                         0x2000005a   Data           1  position_hall.o(.data)
    MotorErrorPosFlag                        0x2000005b   Data           1  position_hall.o(.data)
    MotorEleAngleDiff                        0x2000005c   Data           2  position_hall.o(.data)
    MotorRollTimeLast                        0x2000005e   Data           2  position_hall.o(.data)
    MotorFlagHallChange                      0x20000060   Data           1  position_hall.o(.data)
    FocSelfCheckOK                           0x20000064   Data           4  self_test.o(.data)
    FocMotorLoadRef                          0x20000068   Data           2  self_test.o(.data)
    FocFlagMotorErrorElVol                   0x2000006c   Data           4  self_test.o(.data)
    FocMotorPhaseAOffset                     0x20000070   Data           2  self_test.o(.data)
    FocMotorPhaseBOffset                     0x20000072   Data           2  self_test.o(.data)
    vadc_pwroff_bat                          0x20000074   Data           2  interrupts.o(.data)
    vadc_pwron_bat                           0x20000076   Data           2  interrupts.o(.data)
    vadc_ibus                                0x20000078   Data           2  interrupts.o(.data)
    vadc_ia                                  0x2000007a   Data           2  interrupts.o(.data)
    vadc_ib                                  0x2000007c   Data           2  interrupts.o(.data)
    vadc_ic                                  0x2000007e   Data           2  interrupts.o(.data)
    FocTime64usCnt                           0x20000080   Data           4  interrupts.o(.data)
    FocTime1msFlag                           0x20000084   Data           4  interrupts.o(.data)
    MsFlag                                   0x20000088   Data           4  interrupts.o(.data)
    FocGetAdcCnt                             0x2000008c   Data           4  interrupts.o(.data)
    FocFlagAdcOK                             0x20000090   Data           4  interrupts.o(.data)
    FocBootVolBuf                            0x20000094   Data           8  interrupts.o(.data)
    FocAdcBatteryBuf                         0x2000009c   Data           8  interrupts.o(.data)
    FocMotorLoadBuf                          0x200000a4   Data           8  interrupts.o(.data)
    FocMotorCurA                             0x200000ac   Data           2  interrupts.o(.data)
    FocMotorCurB                             0x200000ae   Data           2  interrupts.o(.data)
    cnt                                      0x200000b0   Data           1  interrupts.o(.data)
    res_old                                  0x200000b1   Data           1  interrupts.o(.data)
    res_old1                                 0x200000b2   Data           1  interrupts.o(.data)
    res                                      0x200000b3   Data           1  interrupts.o(.data)
    Yibiao_Set                               0x200000b4   Data           1  interrupts.o(.data)
    fuzhiwc_flg                              0x200000b5   Data           1  interrupts.o(.data)
    CiGangShu                                0x200000b6   Data           1  interrupts.o(.data)
    LunJing                                  0x200000b8   Data           2  interrupts.o(.data)
    TiaoSuPWM                                0x200000ba   Data           2  interrupts.o(.data)
    TiaoSuPWM1                               0x200000bc   Data           2  interrupts.o(.data)
    TiaoSuPWM2                               0x200000be   Data           2  interrupts.o(.data)
    Yibiao_CheckBit                          0x200000c0   Data           1  interrupts.o(.data)
    zero_run_flg                             0x200000c1   Data           1  interrupts.o(.data)
    filter_cnt                               0x200000c2   Data           1  interrupts.o(.data)
    TiaoSu                                   0x200000c4   Data           2  interrupts.o(.data)
    X                                        0x200000c6   Data           2  interrupts.o(.data)
    send_data                                0x200000d8   Data          14  main.o(.bss)
    MotorTimePoleBuf                         0x200000e6   Data          12  position_hall.o(.bss)
    USART_RX_BUF                             0x200000f2   Data          25  interrupts.o(.bss)
    filter_pwm                               0x2000010c   Data          10  interrupts.o(.bss)
    __initial_sp                             0x20000518   Data           0  startup_stm32f031.o(STACK)



==============================================================================

Memory Map of the image

  Image Entry point : 0x080000c5

  Load Region LR_1 (Base: 0x08000000, Size: 0x00002f60, Max: 0xffffffff, ABSOLUTE)

    Execution Region ER_RO (Exec base: 0x08000000, Load base: 0x08000000, Size: 0x00002e88, Max: 0xffffffff, ABSOLUTE)

    Exec Addr    Load Addr    Size         Type   Attr      Idx    E Section Name        Object

    0x08000000   0x08000000   0x000000b0   Data   RO          435    RESET               startup_stm32f031.o
    0x080000b0   0x080000b0   0x00000000   Code   RO         3611  * .ARM.Collect$$$$00000000  mc_p.l(entry.o)
    0x080000b0   0x080000b0   0x00000004   Code   RO         3616    .ARM.Collect$$$$00000001  mc_p.l(entry2.o)
    0x080000b4   0x080000b4   0x00000004   Code   RO         3619    .ARM.Collect$$$$00000004  mc_p.l(entry5.o)
    0x080000b8   0x080000b8   0x00000000   Code   RO         3621    .ARM.Collect$$$$00000008  mc_p.l(entry7b.o)
    0x080000b8   0x080000b8   0x00000000   Code   RO         3623    .ARM.Collect$$$$0000000A  mc_p.l(entry8b.o)
    0x080000b8   0x080000b8   0x00000008   Code   RO         3624    .ARM.Collect$$$$0000000B  mc_p.l(entry9a.o)
    0x080000c0   0x080000c0   0x00000000   Code   RO         3626    .ARM.Collect$$$$0000000D  mc_p.l(entry10a.o)
    0x080000c0   0x080000c0   0x00000000   Code   RO         3628    .ARM.Collect$$$$0000000F  mc_p.l(entry11a.o)
    0x080000c0   0x080000c0   0x00000004   Code   RO         3617    .ARM.Collect$$$$00002712  mc_p.l(entry2.o)
    0x080000c4   0x080000c4   0x00000058   Code   RO          436  * .text               startup_stm32f031.o
    0x0800011c   0x0800011c   0x0000002c   Code   RO         3614    .text               mc_p.l(uidiv.o)
    0x08000148   0x08000148   0x00000024   Code   RO         3630    .text               mc_p.l(init.o)
    0x0800016c   0x0800016c   0x00000140   Code   RO          392    i.ADC1_IRQHandler   interrupts.o
    0x080002ac   0x080002ac   0x00000018   Code   RO         1560    i.ADC_ChannelConfig  stm32f0xx_adc.o
    0x080002c4   0x080002c4   0x00000004   Code   RO         1561    i.ADC_ClearFlag     stm32f0xx_adc.o
    0x080002c8   0x080002c8   0x00000018   Code   RO         1564    i.ADC_Cmd           stm32f0xx_adc.o
    0x080002e0   0x080002e0   0x00000018   Code   RO         1566    i.ADC_DMACmd        stm32f0xx_adc.o
    0x080002f8   0x080002f8   0x0000003c   Code   RO         1570    i.ADC_GetCalibrationFactor  stm32f0xx_adc.o
    0x08000334   0x08000334   0x00000014   Code   RO         1574    i.ADC_ITConfig      stm32f0xx_adc.o
    0x08000348   0x08000348   0x0000002c   Code   RO         1575    i.ADC_Init          stm32f0xx_adc.o
    0x08000374   0x08000374   0x0000000a   Code   RO         1578    i.ADC_StartOfConversion  stm32f0xx_adc.o
    0x0800037e   0x0800037e   0x00000002   PAD
    0x08000380   0x08000380   0x0000001c   Code   RO         2019    i.DMA_Cmd           stm32f0xx_dma.o
    0x0800039c   0x0800039c   0x00000164   Code   RO         2020    i.DMA_DeInit        stm32f0xx_dma.o
    0x08000500   0x08000500   0x00000040   Code   RO         2025    i.DMA_Init          stm32f0xx_dma.o
    0x08000540   0x08000540   0x00000090   Code   RO         2440    i.GPIO_Init         stm32f0xx_gpio.o
    0x080005d0   0x080005d0   0x00000044   Code   RO         2441    i.GPIO_PinAFConfig  stm32f0xx_gpio.o
    0x08000614   0x08000614   0x00000004   Code   RO         2448    i.GPIO_SetBits      stm32f0xx_gpio.o
    0x08000618   0x08000618   0x00000018   Code   RO         2449    i.GPIO_StructInit   stm32f0xx_gpio.o
    0x08000630   0x08000630   0x00000004   Code   RO          143    i.HardFault_Handler  stm32f0xx_it.o
    0x08000634   0x08000634   0x00000030   Code   RO          259    i.MotorClarkeFun    foc.o
    0x08000664   0x08000664   0x00000168   Code   RO          260    i.MotorCtrlFun      foc.o
    0x080007cc   0x080007cc   0x00000944   Code   RO          315    i.MotorFetAngleFun  position_hall.o
    0x08001110   0x08001110   0x0000006c   Code   RO          261    i.MotorFlowRegFun   foc.o
    0x0800117c   0x0800117c   0x0000001c   Code   RO          262    i.MotorInitParaFun  foc.o
    0x08001198   0x08001198   0x00000050   Code   RO          263    i.MotorParkFun      foc.o
    0x080011e8   0x080011e8   0x00000078   Code   RO          264    i.MotorRevParkFun   foc.o
    0x08001260   0x08001260   0x00000002   Code   RO          144    i.NMI_Handler       stm32f0xx_it.o
    0x08001262   0x08001262   0x00000002   PAD
    0x08001264   0x08001264   0x00000070   Code   RO         3007    i.NVIC_Init         stm32f0xx_misc.o
    0x080012d4   0x080012d4   0x00000002   Code   RO          145    i.PendSV_Handler    stm32f0xx_it.o
    0x080012d6   0x080012d6   0x00000002   PAD
    0x080012d8   0x080012d8   0x00000020   Code   RO         1753    i.RCC_AHBPeriphClockCmd  stm32f0xx_rcc.o
    0x080012f8   0x080012f8   0x00000020   Code   RO         1757    i.RCC_APB2PeriphClockCmd  stm32f0xx_rcc.o
    0x08001318   0x08001318   0x00000248   Code   RO         1767    i.RCC_GetClocksFreq  stm32f0xx_rcc.o
    0x08001560   0x08001560   0x00000048   Code   RO         1768    i.RCC_GetFlagStatus  stm32f0xx_rcc.o
    0x080015a8   0x080015a8   0x00000010   Code   RO         1772    i.RCC_HSEConfig     stm32f0xx_rcc.o
    0x080015b8   0x080015b8   0x00000028   Code   RO         1784    i.RCC_PLLCmd        stm32f0xx_rcc.o
    0x080015e0   0x080015e0   0x00000024   Code   RO         1785    i.RCC_PLLConfig     stm32f0xx_rcc.o
    0x08001604   0x08001604   0x00000002   Code   RO          146    i.SVC_Handler       stm32f0xx_it.o
    0x08001606   0x08001606   0x00000002   PAD
    0x08001608   0x08001608   0x00000020   Code   RO            3    i.SendData          main.o
    0x08001628   0x08001628   0x000000b8   Code   RO          442    i.SetSysClock       system_stm32f0xx.o
    0x080016e0   0x080016e0   0x00000002   Code   RO          147    i.SysTick_Handler   stm32f0xx_it.o
    0x080016e2   0x080016e2   0x00000002   PAD
    0x080016e4   0x080016e4   0x0000007c   Code   RO          444    i.SystemInit        system_stm32f0xx.o
    0x08001760   0x08001760   0x00000084   Code   RO          393    i.TIM1_CC_IRQHandler  interrupts.o
    0x080017e4   0x080017e4   0x0000001c   Code   RO         3046    i.TIM_ARRPreloadConfig  stm32f0xx_tim.o
    0x08001800   0x08001800   0x00000020   Code   RO         3047    i.TIM_BDTRConfig    stm32f0xx_tim.o
    0x08001820   0x08001820   0x00000006   Code   RO         3052    i.TIM_ClearFlag     stm32f0xx_tim.o
    0x08001826   0x08001826   0x00000002   PAD
    0x08001828   0x08001828   0x0000001c   Code   RO         3058    i.TIM_Cmd           stm32f0xx_tim.o
    0x08001844   0x08001844   0x00000022   Code   RO         3060    i.TIM_CtrlPWMOutputs  stm32f0xx_tim.o
    0x08001866   0x08001866   0x00000014   Code   RO         3083    i.TIM_ITConfig      stm32f0xx_tim.o
    0x0800187a   0x0800187a   0x00000002   PAD
    0x0800187c   0x0800187c   0x00000094   Code   RO         3087    i.TIM_OC1Init       stm32f0xx_tim.o
    0x08001910   0x08001910   0x00000018   Code   RO         3090    i.TIM_OC1PreloadConfig  stm32f0xx_tim.o
    0x08001928   0x08001928   0x000000ac   Code   RO         3092    i.TIM_OC2Init       stm32f0xx_tim.o
    0x080019d4   0x080019d4   0x00000018   Code   RO         3095    i.TIM_OC2PreloadConfig  stm32f0xx_tim.o
    0x080019ec   0x080019ec   0x00000098   Code   RO         3097    i.TIM_OC3Init       stm32f0xx_tim.o
    0x08001a84   0x08001a84   0x00000018   Code   RO         3100    i.TIM_OC3PreloadConfig  stm32f0xx_tim.o
    0x08001a9c   0x08001a9c   0x00000070   Code   RO         3102    i.TIM_OC4Init       stm32f0xx_tim.o
    0x08001b0c   0x08001b0c   0x00000018   Code   RO         3104    i.TIM_OC4PreloadConfig  stm32f0xx_tim.o
    0x08001b24   0x08001b24   0x0000007c   Code   RO         3131    i.TIM_TimeBaseInit  stm32f0xx_tim.o
    0x08001ba0   0x08001ba0   0x000000dc   Code   RO            4    i.TX_data           main.o
    0x08001c7c   0x08001c7c   0x000001a0   Code   RO          394    i.USART1_IRQHandler  interrupts.o
    0x08001e1c   0x08001e1c   0x00000012   Code   RO          989    i.USART_ClearITPendingBit  stm32f0xx_usart.o
    0x08001e2e   0x08001e2e   0x00000018   Code   RO          992    i.USART_Cmd         stm32f0xx_usart.o
    0x08001e46   0x08001e46   0x00000014   Code   RO         1000    i.USART_GetFlagStatus  stm32f0xx_usart.o
    0x08001e5a   0x08001e5a   0x0000004e   Code   RO         1001    i.USART_GetITStatus  stm32f0xx_usart.o
    0x08001ea8   0x08001ea8   0x00000042   Code   RO         1003    i.USART_ITConfig    stm32f0xx_usart.o
    0x08001eea   0x08001eea   0x00000002   PAD
    0x08001eec   0x08001eec   0x000000f8   Code   RO         1004    i.USART_Init        stm32f0xx_usart.o
    0x08001fe4   0x08001fe4   0x0000000a   Code   RO         1016    i.USART_ReceiveData  stm32f0xx_usart.o
    0x08001fee   0x08001fee   0x00000008   Code   RO         1021    i.USART_SendData    stm32f0xx_usart.o
    0x08001ff6   0x08001ff6   0x00000002   PAD
    0x08001ff8   0x08001ff8   0x00000018   Code   RO          395    i.Uart_Buff_Clear   interrupts.o
    0x08002010   0x08002010   0x0000001c   Code   RO          307    i.__ARM_common_switch8  foc.o
    0x0800202c   0x0800202c   0x0000000e   Code   RO         3634    i.__scatterload_copy  mc_p.l(handlers.o)
    0x0800203a   0x0800203a   0x00000002   Code   RO         3635    i.__scatterload_null  mc_p.l(handlers.o)
    0x0800203c   0x0800203c   0x0000000e   Code   RO         3636    i.__scatterload_zeroinit  mc_p.l(handlers.o)
    0x0800204a   0x0800204a   0x00000002   PAD
    0x0800204c   0x0800204c   0x00000118   Code   RO          194    i.adc_init          init.o
    0x08002164   0x08002164   0x000000c8   Code   RO          339    i.board_self_test   self_test.o
    0x0800222c   0x0800222c   0x00000034   Code   RO          195    i.device_init       init.o
    0x08002260   0x08002260   0x00000012   Code   RO          363    i.get_cos           trig.o
    0x08002272   0x08002272   0x00000002   PAD
    0x08002274   0x08002274   0x00000028   Code   RO          364    i.get_sin           trig.o
    0x0800229c   0x0800229c   0x00000002   Code   RO          196    i.i2c_init          init.o
    0x0800229e   0x0800229e   0x00000014   Code   RO            5    i.main              main.o
    0x080022b2   0x080022b2   0x00000038   Code   RO          197    i.nvic_init         init.o
    0x080022ea   0x080022ea   0x00000002   PAD
    0x080022ec   0x080022ec   0x00000084   Code   RO          198    i.port_init         init.o
    0x08002370   0x08002370   0x000001c0   Code   RO          199    i.pwm_init          init.o
    0x08002530   0x08002530   0x00000002   Code   RO          200    i.rcc_init          init.o
    0x08002532   0x08002532   0x00000002   PAD
    0x08002534   0x08002534   0x00000094   Code   RO            6    i.states            main.o
    0x080025c8   0x080025c8   0x000000a0   Code   RO          201    i.usart_init        init.o
    0x08002668   0x08002668   0x00000800   Data   RO          365    .constdata          trig.o
    0x08002e68   0x08002e68   0x00000020   Data   RO         3632    Region$$Table       anon$$obj.o


    Execution Region ER_RW (Exec base: 0x20000000, Load base: 0x08002e88, Size: 0x000000d8, Max: 0xffffffff, ABSOLUTE)

    Exec Addr    Load Addr    Size         Type   Attr      Idx    E Section Name        Object

    0x20000000   0x08002e88   0x00000008   Data   RW            8    .data               main.o
    0x20000008   0x08002e90   0x00000008   Data   RW          202    .data               init.o
    0x20000010   0x08002e98   0x00000018   Data   RW          265    .data               foc.o
    0x20000028   0x08002eb0   0x00000039   Data   RW          317    .data               position_hall.o
    0x20000061   0x08002ee9   0x00000003   PAD
    0x20000064   0x08002eec   0x00000010   Data   RW          340    .data               self_test.o
    0x20000074   0x08002efc   0x00000054   Data   RW          397    .data               interrupts.o
    0x200000c8   0x08002f50   0x00000010   Data   RW         1793    .data               stm32f0xx_rcc.o


    Execution Region ER_ZI (Exec base: 0x200000d8, Load base: 0x08002f60, Size: 0x00000440, Max: 0xffffffff, ABSOLUTE)

    Exec Addr    Load Addr    Size         Type   Attr      Idx    E Section Name        Object

    0x200000d8        -       0x0000000e   Zero   RW            7    .bss                main.o
    0x200000e6        -       0x0000000c   Zero   RW          316    .bss                position_hall.o
    0x200000f2        -       0x00000024   Zero   RW          396    .bss                interrupts.o
    0x20000116   0x08002f60   0x00000002   PAD
    0x20000118        -       0x00000400   Zero   RW          433    STACK               startup_stm32f031.o


==============================================================================

Image component sizes


      Code (inc. data)   RO Data    RW Data    ZI Data      Debug   Object Name

       772        100          0         24          0       3837   foc.o
      1132         54          0          8          0       5105   init.o
       892        170          0         84         36       4599   interrupts.o
       420         58          0          8         14     237155   main.o
      2372        360          0         57         12       3999   position_hall.o
       200         42          0         16          0       1116   self_test.o
        88         38        176          0       1024        772   startup_stm32f031.o
       210          4          0          0          0      14096   stm32f0xx_adc.o
       448         24          0          0          0      31310   stm32f0xx_dma.o
       240          4          0          0          0       7820   stm32f0xx_gpio.o
        12          0          0          0          0       2183   stm32f0xx_it.o
       112          6          0          0          0       2236   stm32f0xx_misc.o
         0          0          0          0          0      13104   stm32f0xx_pwr.o
       812         56          0         16          0      19158   stm32f0xx_rcc.o
       952        166          0          0          0      31141   stm32f0xx_tim.o
       472         22          0          0          0      16543   stm32f0xx_usart.o
       308         24          0          0          0     159377   system_stm32f0xx.o
        58          4       2048          0          0       1571   trig.o

    ----------------------------------------------------------------------
      9524       1132       2256        216       1088     555122   Object Totals
         0          0         32          0          0          0   (incl. Generated)
        24          0          0          3          2          0   (incl. Padding)

    ----------------------------------------------------------------------

      Code (inc. data)   RO Data    RW Data    ZI Data      Debug   Library Member Name

         0          0          0          0          0          0   entry.o
         0          0          0          0          0          0   entry10a.o
         0          0          0          0          0          0   entry11a.o
         8          4          0          0          0          0   entry2.o
         4          0          0          0          0          0   entry5.o
         0          0          0          0          0          0   entry7b.o
         0          0          0          0          0          0   entry8b.o
         8          4          0          0          0          0   entry9a.o
        30          0          0          0          0          0   handlers.o
        36          8          0          0          0         68   init.o
        44          0          0          0          0         72   uidiv.o

    ----------------------------------------------------------------------
       132         16          0          0          0        140   Library Totals
         2          0          0          0          0          0   (incl. Padding)

    ----------------------------------------------------------------------

      Code (inc. data)   RO Data    RW Data    ZI Data      Debug   Library Name

       130         16          0          0          0        140   mc_p.l

    ----------------------------------------------------------------------
       132         16          0          0          0        140   Library Totals

    ----------------------------------------------------------------------

==============================================================================


      Code (inc. data)   RO Data    RW Data    ZI Data      Debug   

      9656       1148       2256        216       1088     552070   Grand Totals
      9656       1148       2256        216       1088     552070   ELF Image Totals
      9656       1148       2256        216          0          0   ROM Totals

==============================================================================

    Total RO  Size (Code + RO Data)                11912 (  11.63kB)
    Total RW  Size (RW Data + ZI Data)              1304 (   1.27kB)
    Total ROM Size (Code + RO Data + RW Data)      12128 (  11.84kB)

==============================================================================

