Component: ARM Compiler 5.06 update 4 (build 422) Tool: armlink [4d35d2]

==============================================================================

Section Cross References

    main.o(i.main) refers to init.o(i.HardwareInit) for HardwareInit
    main.o(i.main) refers to self_test.o(i.board_self_test) for board_self_test
    main.o(i.main) refers to mcstate.o(i.MCL_Function) for MCL_Function
    main.o(i.main) refers to mcstate.o(i.UI) for UI
    main.o(i.main) refers to mcstate.o(.data) for Ctl
    init.o(i.HardwareInit) refers to init.o(i.rcc_init) for rcc_init
    init.o(i.HardwareInit) refers to init.o(i.MX_GPIO_Init) for MX_GPIO_Init
    init.o(i.HardwareInit) refers to init.o(i.pwm_init) for pwm_init
    init.o(i.HardwareInit) refers to init.o(i.adc_init) for adc_init
    init.o(i.HardwareInit) refers to init.o(i.nvic_init) for nvic_init
    init.o(i.HardwareInit) refers to init.o(i.usart_init) for usart_init
    init.o(i.HardwareInit) refers to init.o(i.i2c_init) for i2c_init
    init.o(i.MX_GPIO_Init) refers to stm32f0xx_rcc.o(i.RCC_AHBPeriphClockCmd) for RCC_AHBPeriphClockCmd
    init.o(i.MX_GPIO_Init) refers to stm32f0xx_gpio.o(i.GPIO_Init) for GPIO_Init
    init.o(i.MX_GPIO_Init) refers to stm32f0xx_gpio.o(i.GPIO_SetBits) for GPIO_SetBits
    init.o(i.adc_init) refers to stm32f0xx_rcc.o(i.RCC_AHBPeriphClockCmd) for RCC_AHBPeriphClockCmd
    init.o(i.adc_init) refers to stm32f0xx_rcc.o(i.RCC_APB2PeriphClockCmd) for RCC_APB2PeriphClockCmd
    init.o(i.adc_init) refers to stm32f0xx_gpio.o(i.GPIO_Init) for GPIO_Init
    init.o(i.adc_init) refers to stm32f0xx_dma.o(i.DMA_DeInit) for DMA_DeInit
    init.o(i.adc_init) refers to stm32f0xx_dma.o(i.DMA_Init) for DMA_Init
    init.o(i.adc_init) refers to stm32f0xx_dma.o(i.DMA_Cmd) for DMA_Cmd
    init.o(i.adc_init) refers to stm32f0xx_adc.o(i.ADC_Init) for ADC_Init
    init.o(i.adc_init) refers to stm32f0xx_adc.o(i.ADC_ChannelConfig) for ADC_ChannelConfig
    init.o(i.adc_init) refers to stm32f0xx_adc.o(i.ADC_GetCalibrationFactor) for ADC_GetCalibrationFactor
    init.o(i.adc_init) refers to stm32f0xx_adc.o(i.ADC_DMACmd) for ADC_DMACmd
    init.o(i.adc_init) refers to stm32f0xx_adc.o(i.ADC_Cmd) for ADC_Cmd
    init.o(i.adc_init) refers to stm32f0xx_adc.o(i.ADC_ITConfig) for ADC_ITConfig
    init.o(i.adc_init) refers to init.o(.bss) for RegularConvData_Tab
    init.o(i.nvic_init) refers to stm32f0xx_misc.o(i.NVIC_Init) for NVIC_Init
    init.o(i.pwm_init) refers to stm32f0xx_rcc.o(i.RCC_AHBPeriphClockCmd) for RCC_AHBPeriphClockCmd
    init.o(i.pwm_init) refers to stm32f0xx_rcc.o(i.RCC_APB2PeriphClockCmd) for RCC_APB2PeriphClockCmd
    init.o(i.pwm_init) refers to stm32f0xx_gpio.o(i.GPIO_Init) for GPIO_Init
    init.o(i.pwm_init) refers to stm32f0xx_gpio.o(i.GPIO_PinAFConfig) for GPIO_PinAFConfig
    init.o(i.pwm_init) refers to stm32f0xx_tim.o(i.TIM_TimeBaseInit) for TIM_TimeBaseInit
    init.o(i.pwm_init) refers to stm32f0xx_tim.o(i.TIM_BDTRConfig) for TIM_BDTRConfig
    init.o(i.pwm_init) refers to stm32f0xx_tim.o(i.TIM_OC1Init) for TIM_OC1Init
    init.o(i.pwm_init) refers to stm32f0xx_tim.o(i.TIM_OC2Init) for TIM_OC2Init
    init.o(i.pwm_init) refers to stm32f0xx_tim.o(i.TIM_OC3Init) for TIM_OC3Init
    init.o(i.pwm_init) refers to stm32f0xx_tim.o(i.TIM_OC4Init) for TIM_OC4Init
    init.o(i.pwm_init) refers to stm32f0xx_tim.o(i.TIM_OC1PreloadConfig) for TIM_OC1PreloadConfig
    init.o(i.pwm_init) refers to stm32f0xx_tim.o(i.TIM_OC2PreloadConfig) for TIM_OC2PreloadConfig
    init.o(i.pwm_init) refers to stm32f0xx_tim.o(i.TIM_OC3PreloadConfig) for TIM_OC3PreloadConfig
    init.o(i.pwm_init) refers to stm32f0xx_tim.o(i.TIM_OC4PreloadConfig) for TIM_OC4PreloadConfig
    init.o(i.pwm_init) refers to stm32f0xx_tim.o(i.TIM_ARRPreloadConfig) for TIM_ARRPreloadConfig
    init.o(i.pwm_init) refers to stm32f0xx_tim.o(i.TIM_ClearFlag) for TIM_ClearFlag
    init.o(i.pwm_init) refers to stm32f0xx_tim.o(i.TIM_ITConfig) for TIM_ITConfig
    init.o(i.pwm_init) refers to stm32f0xx_tim.o(i.TIM_CtrlPWMOutputs) for TIM_CtrlPWMOutputs
    init.o(i.pwm_init) refers to stm32f0xx_tim.o(i.TIM_Cmd) for TIM_Cmd
    init.o(i.usart_init) refers to stm32f0xx_rcc.o(i.RCC_AHBPeriphClockCmd) for RCC_AHBPeriphClockCmd
    init.o(i.usart_init) refers to stm32f0xx_rcc.o(i.RCC_APB2PeriphClockCmd) for RCC_APB2PeriphClockCmd
    init.o(i.usart_init) refers to stm32f0xx_gpio.o(i.GPIO_Init) for GPIO_Init
    init.o(i.usart_init) refers to stm32f0xx_gpio.o(i.GPIO_PinAFConfig) for GPIO_PinAFConfig
    init.o(i.usart_init) refers to stm32f0xx_usart.o(i.USART_Init) for USART_Init
    init.o(i.usart_init) refers to stm32f0xx_usart.o(i.USART_ITConfig) for USART_ITConfig
    init.o(i.usart_init) refers to stm32f0xx_usart.o(i.USART_Cmd) for USART_Cmd
    foc.o(i.MotorClarkeFun) refers to foc.o(.data) for MotorCurr_ab
    foc.o(i.MotorCtrlFun) refers to foc.o(i.__ARM_common_switch8) for __ARM_common_switch8
    foc.o(i.MotorCtrlFun) refers to foc.o(.data) for MotorVol_ab
[...]
    stm32f0xx_tim.o(i.TIM_PWMIConfig) refers to stm32f0xx_tim.o(i.TIM_SetIC2Prescaler) for TIM_SetIC2Prescaler
    stm32f0xx_tim.o(i.TIM_TIxExternalClockConfig) refers to stm32f0xx_tim.o(i.TI2_Config) for TI2_Config
    stm32f0xx_tim.o(i.TIM_TIxExternalClockConfig) refers to stm32f0xx_tim.o(i.TI1_Config) for TI1_Config
    stm32f0xx_tim.o(i.TIM_TIxExternalClockConfig) refers to stm32f0xx_tim.o(i.TIM_SelectInputTrigger) for TIM_SelectInputTrigger
    entry.o(.ARM.Collect$$$$00000000) refers (Special) to entry10a.o(.ARM.Collect$$$$0000000D) for __rt_final_cpp
    entry.o(.ARM.Collect$$$$00000000) refers (Special) to entry11a.o(.ARM.Collect$$$$0000000F) for __rt_final_exit
    entry.o(.ARM.Collect$$$$00000000) refers (Special) to entry7b.o(.ARM.Collect$$$$00000008) for _main_clock
    entry.o(.ARM.Collect$$$$00000000) refers (Special) to entry8b.o(.ARM.Collect$$$$0000000A) for _main_cpp_init
    entry.o(.ARM.Collect$$$$00000000) refers (Special) to entry9a.o(.ARM.Collect$$$$0000000B) for _main_init
    entry.o(.ARM.Collect$$$$00000000) refers (Special) to entry5.o(.ARM.Collect$$$$00000004) for _main_scatterload
    entry.o(.ARM.Collect$$$$00000000) refers (Special) to entry2.o(.ARM.Collect$$$$00000001) for _main_stk
    dmul.o(.text) refers (Special) to iusefp.o(.text) for __I$use$fp
    dmul.o(.text) refers to depilogue.o(.text) for _double_epilogue
    dflti.o(.text) refers (Special) to iusefp.o(.text) for __I$use$fp
    dflti.o(.text) refers to depilogue.o(.text) for _double_epilogue
    dfixui.o(.text) refers (Special) to iusefp.o(.text) for __I$use$fp
    dfixui.o(.text) refers to llushr.o(.text) for __aeabi_llsr
    entry2.o(.ARM.Collect$$$$00000001) refers to entry2.o(.ARM.Collect$$$$00002712) for __lit__00000000
    entry2.o(.ARM.Collect$$$$00002712) refers to startup_stm32f031.o(STACK) for __initial_sp
    entry2.o(__vectab_stack_and_reset_area) refers to startup_stm32f031.o(STACK) for __initial_sp
    entry2.o(__vectab_stack_and_reset_area) refers to entry.o(.ARM.Collect$$$$00000000) for __main
    entry5.o(.ARM.Collect$$$$00000004) refers to init.o(.text) for __scatterload
    entry9a.o(.ARM.Collect$$$$0000000B) refers to main.o(i.main) for main
    entry9b.o(.ARM.Collect$$$$0000000C) refers to main.o(i.main) for main
    depilogue.o(.text) refers to depilogue.o(i.__ARM_clz) for __ARM_clz
    depilogue.o(.text) refers to llshl.o(.text) for __aeabi_llsl
    depilogue.o(.text) refers to llushr.o(.text) for __aeabi_llsr
    init.o(.text) refers to entry5.o(.ARM.Collect$$$$00000004) for __main_after_scatterload


==============================================================================

Removing Unused input sections from the image.

    Removing main.o(.rev16_text), (4 bytes).
    Removing main.o(.revsh_text), (4 bytes).
    Removing stm32f0xx_it.o(.rev16_text), (4 bytes).
    Removing stm32f0xx_it.o(.revsh_text), (4 bytes).
    Removing init.o(.rev16_text), (4 bytes).
    Removing init.o(.revsh_text), (4 bytes).
    Removing foc.o(.rev16_text), (4 bytes).
    Removing foc.o(.revsh_text), (4 bytes).
    Removing position_hall.o(.rev16_text), (4 bytes).
    Removing position_hall.o(.revsh_text), (4 bytes).
    Removing self_test.o(.rev16_text), (4 bytes).
    Removing self_test.o(.revsh_text), (4 bytes).
    Removing trig.o(.rev16_text), (4 bytes).
    Removing trig.o(.revsh_text), (4 bytes).
    Removing interrupts.o(.rev16_text), (4 bytes).
    Removing interrupts.o(.revsh_text), (4 bytes).
    Removing mcstate.o(.rev16_text), (4 bytes).
    Removing mcstate.o(.revsh_text), (4 bytes).
    Removing startup_stm32f031.o(HEAP), (512 bytes).
    Removing system_stm32f0xx.o(.rev16_text), (4 bytes).
    Removing system_stm32f0xx.o(.revsh_text), (4 bytes).
    Removing system_stm32f0xx.o(i.SystemCoreClockUpdate), (176 bytes).
    Removing system_stm32f0xx.o(.data), (20 bytes).
    Removing stm32f0xx_pwr.o(.rev16_text), (4 bytes).
    Removing stm32f0xx_pwr.o(.revsh_text), (4 bytes).
    Removing stm32f0xx_pwr.o(i.PWR_BackupAccessCmd), (40 bytes).
    Removing stm32f0xx_pwr.o(i.PWR_ClearFlag), (20 bytes).
    Removing stm32f0xx_pwr.o(i.PWR_DeInit), (22 bytes).
    Removing stm32f0xx_pwr.o(i.PWR_EnterSTANDBYMode), (36 bytes).
    Removing stm32f0xx_pwr.o(i.PWR_EnterSTOPMode), (100 bytes).
    Removing stm32f0xx_pwr.o(i.PWR_EnterSleepMode), (32 bytes).
    Removing stm32f0xx_pwr.o(i.PWR_GetFlagStatus), (28 bytes).
    Removing stm32f0xx_pwr.o(i.PWR_PVDCmd), (36 bytes).
    Removing stm32f0xx_pwr.o(i.PWR_PVDLevelConfig), (32 bytes).
    Removing stm32f0xx_pwr.o(i.PWR_WakeUpPinCmd), (32 bytes).
    Removing stm32f0xx_exti.o(.rev16_text), (4 bytes).
    Removing stm32f0xx_exti.o(.revsh_text), (4 bytes).
    Removing stm32f0xx_exti.o(i.EXTI_ClearFlag), (12 bytes).
    Removing stm32f0xx_exti.o(i.EXTI_ClearITPendingBit), (12 bytes).
    Removing stm32f0xx_exti.o(i.EXTI_DeInit), (32 bytes).
    Removing stm32f0xx_exti.o(i.EXTI_GenerateSWInterrupt), (16 bytes).
    Removing stm32f0xx_exti.o(i.EXTI_GetFlagStatus), (28 bytes).
    Removing stm32f0xx_exti.o(i.EXTI_GetITStatus), (28 bytes).
    Removing stm32f0xx_exti.o(i.EXTI_Init), (136 bytes).
    Removing stm32f0xx_exti.o(i.EXTI_StructInit), (16 bytes).
    Removing stm32f0xx_syscfg.o(.rev16_text), (4 bytes).
    Removing stm32f0xx_syscfg.o(.revsh_text), (4 bytes).
    Removing stm32f0xx_syscfg.o(i.SYSCFG_BreakConfig), (16 bytes).
    Removing stm32f0xx_syscfg.o(i.SYSCFG_ClearFlag), (16 bytes).
    Removing stm32f0xx_syscfg.o(i.SYSCFG_DMAChannelRemapConfig), (32 bytes).
    Removing stm32f0xx_syscfg.o(i.SYSCFG_DeInit), (44 bytes).
    Removing stm32f0xx_syscfg.o(i.SYSCFG_EXTILineConfig), (64 bytes).
    Removing stm32f0xx_syscfg.o(i.SYSCFG_GetFlagStatus), (32 bytes).
    Removing stm32f0xx_syscfg.o(i.SYSCFG_GetPendingIT), (24 bytes).
    Removing stm32f0xx_syscfg.o(i.SYSCFG_I2CFastModePlusConfig), (32 bytes).
    Removing stm32f0xx_syscfg.o(i.SYSCFG_IRDAEnvSelection), (28 bytes).
    Removing stm32f0xx_syscfg.o(i.SYSCFG_MemoryRemapConfig), (28 bytes).
    Removing stm32f0xx_spi.o(.rev16_text), (4 bytes).
    Removing stm32f0xx_spi.o(.revsh_text), (4 bytes).
    Removing stm32f0xx_spi.o(i.I2S_Cmd), (32 bytes).
    Removing stm32f0xx_spi.o(i.I2S_Init), (232 bytes).
    Removing stm32f0xx_spi.o(i.I2S_StructInit), (20 bytes).
    Removing stm32f0xx_spi.o(i.SPI_BiDirectionalLineConfig), (32 bytes).
    Removing stm32f0xx_spi.o(i.SPI_CRCLengthConfig), (20 bytes).
    Removing stm32f0xx_spi.o(i.SPI_CalculateCRC), (32 bytes).
    Removing stm32f0xx_spi.o(i.SPI_Cmd), (28 bytes).
    Removing stm32f0xx_spi.o(i.SPI_DataSizeConfig), (24 bytes).
    Removing stm32f0xx_spi.o(i.SPI_GetCRC), (16 bytes).
    Removing stm32f0xx_spi.o(i.SPI_GetCRCPolynomial), (6 bytes).
    Removing stm32f0xx_spi.o(i.SPI_GetReceptionFIFOStatus), (12 bytes).
    Removing stm32f0xx_spi.o(i.SPI_GetTransmissionFIFOStatus), (12 bytes).
    Removing stm32f0xx_spi.o(i.SPI_I2S_ClearFlag), (6 bytes).
    Removing stm32f0xx_spi.o(i.SPI_I2S_DMACmd), (20 bytes).
    Removing stm32f0xx_spi.o(i.SPI_I2S_DeInit), (60 bytes).
    Removing stm32f0xx_spi.o(i.SPI_I2S_GetFlagStatus), (20 bytes).
    Removing stm32f0xx_spi.o(i.SPI_I2S_GetITStatus), (56 bytes).
    Removing stm32f0xx_spi.o(i.SPI_I2S_ITConfig), (34 bytes).
    Removing stm32f0xx_spi.o(i.SPI_I2S_ReceiveData16), (6 bytes).
    Removing stm32f0xx_spi.o(i.SPI_I2S_SendData16), (4 bytes).
    Removing stm32f0xx_spi.o(i.SPI_Init), (88 bytes).
    Removing stm32f0xx_spi.o(i.SPI_LastDMATransferCmd), (20 bytes).
    Removing stm32f0xx_spi.o(i.SPI_NSSInternalSoftwareConfig), (32 bytes).
    Removing stm32f0xx_spi.o(i.SPI_NSSPulseModeCmd), (28 bytes).
    Removing stm32f0xx_spi.o(i.SPI_ReceiveData8), (12 bytes).
    Removing stm32f0xx_spi.o(i.SPI_RxFIFOThresholdConfig), (20 bytes).
    Removing stm32f0xx_spi.o(i.SPI_SSOutputCmd), (28 bytes).
    Removing stm32f0xx_spi.o(i.SPI_SendData8), (10 bytes).
    Removing stm32f0xx_spi.o(i.SPI_StructInit), (30 bytes).
    Removing stm32f0xx_spi.o(i.SPI_TIModeCmd), (28 bytes).
    Removing stm32f0xx_spi.o(i.SPI_TransmitCRC), (12 bytes).
    Removing stm32f0xx_usart.o(.rev16_text), (4 bytes).
    Removing stm32f0xx_usart.o(.revsh_text), (4 bytes).
    Removing stm32f0xx_usart.o(i.USART_AddressDetectionConfig), (16 bytes).
    Removing stm32f0xx_usart.o(i.USART_AutoBaudRateCmd), (28 bytes).
    Removing stm32f0xx_usart.o(i.USART_AutoBaudRateConfig), (18 bytes).
    Removing stm32f0xx_usart.o(i.USART_ClearFlag), (4 bytes).
    Removing stm32f0xx_usart.o(i.USART_ClockInit), (36 bytes).
    Removing stm32f0xx_usart.o(i.USART_ClockStructInit), (12 bytes).
    Removing stm32f0xx_usart.o(i.USART_DECmd), (28 bytes).
    Removing stm32f0xx_usart.o(i.USART_DEPolarityConfig), (18 bytes).
    Removing stm32f0xx_usart.o(i.USART_DMACmd), (20 bytes).
    Removing stm32f0xx_usart.o(i.USART_DMAReceptionErrorConfig), (18 bytes).
    Removing stm32f0xx_usart.o(i.USART_DataInvCmd), (28 bytes).
    Removing stm32f0xx_usart.o(i.USART_DeInit), (240 bytes).
    Removing stm32f0xx_usart.o(i.USART_DirectionModeCmd), (20 bytes).
    Removing stm32f0xx_usart.o(i.USART_GetFlagStatus), (20 bytes).
    Removing stm32f0xx_usart.o(i.USART_HalfDuplexCmd), (24 bytes).
    Removing stm32f0xx_usart.o(i.USART_InvPinCmd), (20 bytes).
    Removing stm32f0xx_usart.o(i.USART_IrDACmd), (24 bytes).
    Removing stm32f0xx_usart.o(i.USART_IrDAConfig), (16 bytes).
    Removing stm32f0xx_usart.o(i.USART_LINBreakDetectLengthConfig), (16 bytes).
    Removing stm32f0xx_usart.o(i.USART_LINCmd), (28 bytes).
    Removing stm32f0xx_usart.o(i.USART_MSBFirstCmd), (28 bytes).
    Removing stm32f0xx_usart.o(i.USART_MuteModeCmd), (28 bytes).
    Removing stm32f0xx_usart.o(i.USART_MuteModeWakeUpConfig), (18 bytes).
    Removing stm32f0xx_usart.o(i.USART_OneBitMethodCmd), (28 bytes).
    Removing stm32f0xx_usart.o(i.USART_OverSampling8Cmd), (28 bytes).
    Removing stm32f0xx_usart.o(i.USART_OverrunDetectionConfig), (18 bytes).
    Removing stm32f0xx_usart.o(i.USART_ReceiverTimeOutCmd), (28 bytes).
    Removing stm32f0xx_usart.o(i.USART_RequestCmd), (20 bytes).
    Removing stm32f0xx_usart.o(i.USART_STOPModeCmd), (24 bytes).
    Removing stm32f0xx_usart.o(i.USART_SWAPPinCmd), (28 bytes).
    Removing stm32f0xx_usart.o(i.USART_SendData), (8 bytes).
    Removing stm32f0xx_usart.o(i.USART_SetAddress), (18 bytes).
    Removing stm32f0xx_usart.o(i.USART_SetAutoRetryCount), (20 bytes).
    Removing stm32f0xx_usart.o(i.USART_SetBlockLength), (18 bytes).
    Removing stm32f0xx_usart.o(i.USART_SetDEAssertionTime), (20 bytes).
    Removing stm32f0xx_usart.o(i.USART_SetDEDeassertionTime), (20 bytes).
    Removing stm32f0xx_usart.o(i.USART_SetGuardTime), (16 bytes).
    Removing stm32f0xx_usart.o(i.USART_SetPrescaler), (18 bytes).
    Removing stm32f0xx_usart.o(i.USART_SetReceiverTimeOut), (16 bytes).
    Removing stm32f0xx_usart.o(i.USART_SmartCardCmd), (24 bytes).
    Removing stm32f0xx_usart.o(i.USART_SmartCardNACKCmd), (24 bytes).
    Removing stm32f0xx_usart.o(i.USART_StopModeWakeUpSourceConfig), (18 bytes).
    Removing stm32f0xx_usart.o(i.USART_StructInit), (24 bytes).
    Removing stm32f0xx_flash.o(.rev16_text), (4 bytes).
    Removing stm32f0xx_flash.o(.revsh_text), (4 bytes).
    Removing stm32f0xx_flash.o(i.FLASH_ClearFlag), (12 bytes).
    Removing stm32f0xx_flash.o(i.FLASH_EraseAllPages), (72 bytes).
    Removing stm32f0xx_flash.o(i.FLASH_ErasePage), (76 bytes).
    Removing stm32f0xx_flash.o(i.FLASH_GetFlagStatus), (28 bytes).
    Removing stm32f0xx_flash.o(i.FLASH_GetPrefetchBufferStatus), (28 bytes).
    Removing stm32f0xx_flash.o(i.FLASH_GetStatus), (60 bytes).
    Removing stm32f0xx_flash.o(i.FLASH_ITConfig), (32 bytes).
    Removing stm32f0xx_flash.o(i.FLASH_Lock), (20 bytes).
    Removing stm32f0xx_flash.o(i.FLASH_OB_BOOT0Config), (80 bytes).
    Removing stm32f0xx_flash.o(i.FLASH_OB_BOOT0SWConfig), (80 bytes).
    Removing stm32f0xx_flash.o(i.FLASH_OB_BOOTConfig), (80 bytes).
    Removing stm32f0xx_flash.o(i.FLASH_OB_EnableWRP), (184 bytes).
    Removing stm32f0xx_flash.o(i.FLASH_OB_Erase), (152 bytes).
    Removing stm32f0xx_flash.o(i.FLASH_OB_GetRDP), (28 bytes).
    Removing stm32f0xx_flash.o(i.FLASH_OB_GetUser), (16 bytes).
    Removing stm32f0xx_flash.o(i.FLASH_OB_GetWRP), (12 bytes).
    Removing stm32f0xx_flash.o(i.FLASH_OB_Launch), (20 bytes).
    Removing stm32f0xx_flash.o(i.FLASH_OB_Lock), (20 bytes).
    Removing stm32f0xx_flash.o(i.FLASH_OB_ProgramData), (72 bytes).
    Removing stm32f0xx_flash.o(i.FLASH_OB_RDPConfig), (144 bytes).
    Removing stm32f0xx_flash.o(i.FLASH_OB_SRAMParityConfig), (80 bytes).
    Removing stm32f0xx_flash.o(i.FLASH_OB_Unlock), (40 bytes).
    Removing stm32f0xx_flash.o(i.FLASH_OB_UserConfig), (88 bytes).
    Removing stm32f0xx_flash.o(i.FLASH_OB_VDDAConfig), (80 bytes).
    Removing stm32f0xx_flash.o(i.FLASH_OB_WriteUser), (76 bytes).
    Removing stm32f0xx_flash.o(i.FLASH_PrefetchBufferCmd), (36 bytes).
    Removing stm32f0xx_flash.o(i.FLASH_ProgramHalfWord), (68 bytes).
    Removing stm32f0xx_flash.o(i.FLASH_ProgramWord), (108 bytes).
    Removing stm32f0xx_flash.o(i.FLASH_SetLatency), (28 bytes).
    Removing stm32f0xx_flash.o(i.FLASH_Unlock), (36 bytes).
    Removing stm32f0xx_flash.o(i.FLASH_WaitForLastOperation), (40 bytes).
    Removing stm32f0xx_iwdg.o(.rev16_text), (4 bytes).
    Removing stm32f0xx_iwdg.o(.revsh_text), (4 bytes).
    Removing stm32f0xx_iwdg.o(i.IWDG_Enable), (16 bytes).
    Removing stm32f0xx_iwdg.o(i.IWDG_GetFlagStatus), (28 bytes).
    Removing stm32f0xx_iwdg.o(i.IWDG_ReloadCounter), (16 bytes).
    Removing stm32f0xx_iwdg.o(i.IWDG_SetPrescaler), (12 bytes).
    Removing stm32f0xx_iwdg.o(i.IWDG_SetReload), (12 bytes).
    Removing stm32f0xx_iwdg.o(i.IWDG_SetWindowValue), (12 bytes).
    Removing stm32f0xx_iwdg.o(i.IWDG_WriteAccessCmd), (12 bytes).
    Removing stm32f0xx_adc.o(.rev16_text), (4 bytes).
    Removing stm32f0xx_adc.o(.revsh_text), (4 bytes).
    Removing stm32f0xx_adc.o(i.ADC_AnalogWatchdogCmd), (28 bytes).
    Removing stm32f0xx_adc.o(i.ADC_AnalogWatchdogSingleChannelCmd), (28 bytes).
    Removing stm32f0xx_adc.o(i.ADC_AnalogWatchdogSingleChannelConfig), (28 bytes).
    Removing stm32f0xx_adc.o(i.ADC_AnalogWatchdogThresholdsConfig), (8 bytes).
    Removing stm32f0xx_adc.o(i.ADC_AutoPowerOffCmd), (28 bytes).
    Removing stm32f0xx_adc.o(i.ADC_ClearITPendingBit), (4 bytes).
    Removing stm32f0xx_adc.o(i.ADC_ClockModeConfig), (4 bytes).
    Removing stm32f0xx_adc.o(i.ADC_ContinuousModeCmd), (28 bytes).
    Removing stm32f0xx_adc.o(i.ADC_DMARequestModeConfig), (16 bytes).
    Removing stm32f0xx_adc.o(i.ADC_DeInit), (32 bytes).
    Removing stm32f0xx_adc.o(i.ADC_DiscModeCmd), (28 bytes).
    Removing stm32f0xx_adc.o(i.ADC_GetConversionValue), (8 bytes).
    Removing stm32f0xx_adc.o(i.ADC_GetFlagStatus), (48 bytes).
    Removing stm32f0xx_adc.o(i.ADC_GetITStatus), (34 bytes).
    Removing stm32f0xx_adc.o(i.ADC_JitterCmd), (20 bytes).
    Removing stm32f0xx_adc.o(i.ADC_OverrunModeCmd), (28 bytes).
    Removing stm32f0xx_adc.o(i.ADC_StopOfConversion), (10 bytes).
    Removing stm32f0xx_adc.o(i.ADC_StructInit), (16 bytes).
    Removing stm32f0xx_adc.o(i.ADC_TempSensorCmd), (40 bytes).
    Removing stm32f0xx_adc.o(i.ADC_VbatCmd), (40 bytes).
    Removing stm32f0xx_adc.o(i.ADC_VrefintCmd), (40 bytes).
    Removing stm32f0xx_adc.o(i.ADC_WaitModeCmd), (28 bytes).
    Removing stm32f0xx_rcc.o(.rev16_text), (4 bytes).
    Removing stm32f0xx_rcc.o(.revsh_text), (4 bytes).
    Removing stm32f0xx_rcc.o(i.RCC_ADCCLKConfig), (56 bytes).
    Removing stm32f0xx_rcc.o(i.RCC_AHBPeriphResetCmd), (32 bytes).
    Removing stm32f0xx_rcc.o(i.RCC_APB1PeriphClockCmd), (32 bytes).
    Removing stm32f0xx_rcc.o(i.RCC_APB1PeriphResetCmd), (32 bytes).
    Removing stm32f0xx_rcc.o(i.RCC_APB2PeriphResetCmd), (32 bytes).
    Removing stm32f0xx_rcc.o(i.RCC_AdjustHSI14CalibrationValue), (32 bytes).
    Removing stm32f0xx_rcc.o(i.RCC_AdjustHSICalibrationValue), (32 bytes).
    Removing stm32f0xx_rcc.o(i.RCC_BackupResetCmd), (40 bytes).
    Removing stm32f0xx_rcc.o(i.RCC_CECCLKConfig), (28 bytes).
    Removing stm32f0xx_rcc.o(i.RCC_ClearFlag), (20 bytes).
    Removing stm32f0xx_rcc.o(i.RCC_ClearITPendingBit), (12 bytes).
    Removing stm32f0xx_rcc.o(i.RCC_ClockSecuritySystemCmd), (40 bytes).
    Removing stm32f0xx_rcc.o(i.RCC_DeInit), (120 bytes).
    Removing stm32f0xx_rcc.o(i.RCC_GetITStatus), (28 bytes).
    Removing stm32f0xx_rcc.o(i.RCC_GetSYSCLKSource), (16 bytes).
    Removing stm32f0xx_rcc.o(i.RCC_HCLKConfig), (32 bytes).
    Removing stm32f0xx_rcc.o(i.RCC_HSI14ADCRequestCmd), (36 bytes).
    Removing stm32f0xx_rcc.o(i.RCC_HSI14Cmd), (36 bytes).
    Removing stm32f0xx_rcc.o(i.RCC_HSI48Cmd), (40 bytes).
    Removing stm32f0xx_rcc.o(i.RCC_HSICmd), (36 bytes).
    Removing stm32f0xx_rcc.o(i.RCC_I2CCLKConfig), (28 bytes).
    Removing stm32f0xx_rcc.o(i.RCC_ITConfig), (32 bytes).
    Removing stm32f0xx_rcc.o(i.RCC_LSEConfig), (40 bytes).
    Removing stm32f0xx_rcc.o(i.RCC_LSEDriveConfig), (28 bytes).
    Removing stm32f0xx_rcc.o(i.RCC_LSICmd), (36 bytes).
    Removing stm32f0xx_rcc.o(i.RCC_MCOConfig), (28 bytes).
    Removing stm32f0xx_rcc.o(i.RCC_PCLKConfig), (36 bytes).
    Removing stm32f0xx_rcc.o(i.RCC_PREDIV1Config), (28 bytes).
    Removing stm32f0xx_rcc.o(i.RCC_RTCCLKCmd), (40 bytes).
    Removing stm32f0xx_rcc.o(i.RCC_RTCCLKConfig), (16 bytes).
    Removing stm32f0xx_rcc.o(i.RCC_SYSCLKConfig), (28 bytes).
    Removing stm32f0xx_rcc.o(i.RCC_USARTCLKConfig), (72 bytes).
    Removing stm32f0xx_rcc.o(i.RCC_USBCLKConfig), (28 bytes).
    Removing stm32f0xx_rcc.o(i.RCC_WaitForHSEStartUp), (60 bytes).
    Removing stm32f0xx_dma.o(.rev16_text), (4 bytes).
    Removing stm32f0xx_dma.o(.revsh_text), (4 bytes).
    Removing stm32f0xx_dma.o(i.DMA_ClearFlag), (32 bytes).
    Removing stm32f0xx_dma.o(i.DMA_ClearITPendingBit), (32 bytes).
    Removing stm32f0xx_dma.o(i.DMA_GetCurrDataCounter), (8 bytes).
    Removing stm32f0xx_dma.o(i.DMA_GetFlagStatus), (52 bytes).
    Removing stm32f0xx_dma.o(i.DMA_GetITStatus), (52 bytes).
    Removing stm32f0xx_dma.o(i.DMA_ITConfig), (20 bytes).
    Removing stm32f0xx_dma.o(i.DMA_RemapConfig), (52 bytes).
    Removing stm32f0xx_dma.o(i.DMA_SetCurrDataCounter), (4 bytes).
    Removing stm32f0xx_dma.o(i.DMA_StructInit), (26 bytes).
    Removing stm32f0xx_rtc.o(.rev16_text), (4 bytes).
    Removing stm32f0xx_rtc.o(.revsh_text), (4 bytes).
    Removing stm32f0xx_rtc.o(i.RTC_AlarmCmd), (112 bytes).
    Removing stm32f0xx_rtc.o(i.RTC_AlarmStructInit), (22 bytes).
    Removing stm32f0xx_rtc.o(i.RTC_AlarmSubSecondConfig), (40 bytes).
    Removing stm32f0xx_rtc.o(i.RTC_Bcd2ToByte), (26 bytes).
    Removing stm32f0xx_rtc.o(i.RTC_BypassShadowCmd), (52 bytes).
    Removing stm32f0xx_rtc.o(i.RTC_ByteToBcd2), (28 bytes).
    Removing stm32f0xx_rtc.o(i.RTC_CalibOutputCmd), (56 bytes).
    Removing stm32f0xx_rtc.o(i.RTC_CalibOutputConfig), (44 bytes).
    Removing stm32f0xx_rtc.o(i.RTC_ClearFlag), (32 bytes).
    Removing stm32f0xx_rtc.o(i.RTC_ClearITPendingBit), (36 bytes).
    Removing stm32f0xx_rtc.o(i.RTC_DateStructInit), (14 bytes).
    Removing stm32f0xx_rtc.o(i.RTC_DayLightSavingConfig), (48 bytes).
    Removing stm32f0xx_rtc.o(i.RTC_DeInit), (116 bytes).
    Removing stm32f0xx_rtc.o(i.RTC_EnterInitMode), (88 bytes).
    Removing stm32f0xx_rtc.o(i.RTC_ExitInitMode), (20 bytes).
    Removing stm32f0xx_rtc.o(i.RTC_GetAlarm), (120 bytes).
    Removing stm32f0xx_rtc.o(i.RTC_GetAlarmSubSecond), (20 bytes).
    Removing stm32f0xx_rtc.o(i.RTC_GetDate), (96 bytes).
    Removing stm32f0xx_rtc.o(i.RTC_GetFlagStatus), (44 bytes).
    Removing stm32f0xx_rtc.o(i.RTC_GetITStatus), (76 bytes).
    Removing stm32f0xx_rtc.o(i.RTC_GetStoreOperation), (16 bytes).
    Removing stm32f0xx_rtc.o(i.RTC_GetSubSecond), (16 bytes).
    Removing stm32f0xx_rtc.o(i.RTC_GetTime), (92 bytes).
    Removing stm32f0xx_rtc.o(i.RTC_GetTimeStamp), (164 bytes).
    Removing stm32f0xx_rtc.o(i.RTC_GetTimeStampSubSecond), (12 bytes).
    Removing stm32f0xx_rtc.o(i.RTC_GetWakeUpCounter), (12 bytes).
    Removing stm32f0xx_rtc.o(i.RTC_ITConfig), (100 bytes).
    Removing stm32f0xx_rtc.o(i.RTC_Init), (88 bytes).
    Removing stm32f0xx_rtc.o(i.RTC_OutputConfig), (48 bytes).
    Removing stm32f0xx_rtc.o(i.RTC_OutputTypeConfig), (28 bytes).
    Removing stm32f0xx_rtc.o(i.RTC_ReadBackupRegister), (32 bytes).
    Removing stm32f0xx_rtc.o(i.RTC_RefClockCmd), (76 bytes).
    Removing stm32f0xx_rtc.o(i.RTC_SetAlarm), (216 bytes).
    Removing stm32f0xx_rtc.o(i.RTC_SetDate), (208 bytes).
    Removing stm32f0xx_rtc.o(i.RTC_SetTime), (216 bytes).
    Removing stm32f0xx_rtc.o(i.RTC_SetWakeUpCounter), (24 bytes).
    Removing stm32f0xx_rtc.o(i.RTC_SmoothCalibConfig), (96 bytes).
    Removing stm32f0xx_rtc.o(i.RTC_StructInit), (14 bytes).
    Removing stm32f0xx_rtc.o(i.RTC_SynchroShiftConfig), (124 bytes).
    Removing stm32f0xx_rtc.o(i.RTC_TamperCmd), (32 bytes).
    Removing stm32f0xx_rtc.o(i.RTC_TamperFilterConfig), (28 bytes).
    Removing stm32f0xx_rtc.o(i.RTC_TamperPinsPrechargeDuration), (28 bytes).
    Removing stm32f0xx_rtc.o(i.RTC_TamperPullUpCmd), (40 bytes).
    Removing stm32f0xx_rtc.o(i.RTC_TamperSamplingFreqConfig), (28 bytes).
    Removing stm32f0xx_rtc.o(i.RTC_TamperTriggerConfig), (36 bytes).
    Removing stm32f0xx_rtc.o(i.RTC_TimeStampCmd), (64 bytes).
    Removing stm32f0xx_rtc.o(i.RTC_TimeStampOnTamperDetectionCmd), (36 bytes).
    Removing stm32f0xx_rtc.o(i.RTC_TimeStructInit), (12 bytes).
    Removing stm32f0xx_rtc.o(i.RTC_WaitForSynchro), (108 bytes).
    Removing stm32f0xx_rtc.o(i.RTC_WakeUpClockConfig), (40 bytes).
    Removing stm32f0xx_rtc.o(i.RTC_WakeUpCmd), (116 bytes).
    Removing stm32f0xx_rtc.o(i.RTC_WriteBackupRegister), (28 bytes).
    Removing stm32f0xx_rtc.o(i.RTC_WriteProtectionCmd), (28 bytes).
    Removing stm32f0xx_gpio.o(.rev16_text), (4 bytes).
    Removing stm32f0xx_gpio.o(.revsh_text), (4 bytes).
    Removing stm32f0xx_gpio.o(i.GPIO_DeInit), (176 bytes).
    Removing stm32f0xx_gpio.o(i.GPIO_PinLockConfig), (34 bytes).
    Removing stm32f0xx_gpio.o(i.GPIO_ReadInputData), (6 bytes).
    Removing stm32f0xx_gpio.o(i.GPIO_ReadInputDataBit), (20 bytes).
    Removing stm32f0xx_gpio.o(i.GPIO_ReadOutputData), (6 bytes).
    Removing stm32f0xx_gpio.o(i.GPIO_ReadOutputDataBit), (20 bytes).
    Removing stm32f0xx_gpio.o(i.GPIO_ResetBits), (4 bytes).
    Removing stm32f0xx_gpio.o(i.GPIO_Write), (4 bytes).
    Removing stm32f0xx_gpio.o(i.GPIO_WriteBit), (12 bytes).
    Removing stm32f0xx_dbgmcu.o(.rev16_text), (4 bytes).
    Removing stm32f0xx_dbgmcu.o(.revsh_text), (4 bytes).
    Removing stm32f0xx_dbgmcu.o(i.DBGMCU_APB1PeriphConfig), (32 bytes).
    Removing stm32f0xx_dbgmcu.o(i.DBGMCU_APB2PeriphConfig), (32 bytes).
    Removing stm32f0xx_dbgmcu.o(i.DBGMCU_Config), (32 bytes).
    Removing stm32f0xx_dbgmcu.o(i.DBGMCU_GetDEVID), (16 bytes).
    Removing stm32f0xx_dbgmcu.o(i.DBGMCU_GetREVID), (12 bytes).
    Removing stm32f0xx_crc.o(.rev16_text), (4 bytes).
    Removing stm32f0xx_crc.o(.revsh_text), (4 bytes).
    Removing stm32f0xx_crc.o(i.CRC_CalcBlockCRC), (36 bytes).
    Removing stm32f0xx_crc.o(i.CRC_CalcCRC), (16 bytes).
    Removing stm32f0xx_crc.o(i.CRC_CalcCRC16bits), (16 bytes).
    Removing stm32f0xx_crc.o(i.CRC_CalcCRC8bits), (16 bytes).
    Removing stm32f0xx_crc.o(i.CRC_DeInit), (36 bytes).
    Removing stm32f0xx_crc.o(i.CRC_GetCRC), (12 bytes).
    Removing stm32f0xx_crc.o(i.CRC_GetIDRegister), (12 bytes).
    Removing stm32f0xx_crc.o(i.CRC_PolynomialSizeSelect), (32 bytes).
    Removing stm32f0xx_crc.o(i.CRC_ResetDR), (20 bytes).
    Removing stm32f0xx_crc.o(i.CRC_ReverseInputDataSelect), (32 bytes).
    Removing stm32f0xx_crc.o(i.CRC_ReverseOutputDataCmd), (36 bytes).
    Removing stm32f0xx_crc.o(i.CRC_SetIDRegister), (12 bytes).
    Removing stm32f0xx_crc.o(i.CRC_SetInitRegister), (12 bytes).
    Removing stm32f0xx_crc.o(i.CRC_SetPolynomial), (12 bytes).
    Removing stm32f0xx_wwdg.o(.rev16_text), (4 bytes).
    Removing stm32f0xx_wwdg.o(.revsh_text), (4 bytes).
    Removing stm32f0xx_wwdg.o(i.WWDG_ClearFlag), (12 bytes).
    Removing stm32f0xx_wwdg.o(i.WWDG_DeInit), (22 bytes).
    Removing stm32f0xx_wwdg.o(i.WWDG_Enable), (16 bytes).
    Removing stm32f0xx_wwdg.o(i.WWDG_EnableIT), (20 bytes).
    Removing stm32f0xx_wwdg.o(i.WWDG_GetFlagStatus), (24 bytes).
    Removing stm32f0xx_wwdg.o(i.WWDG_SetCounter), (16 bytes).
    Removing stm32f0xx_wwdg.o(i.WWDG_SetPrescaler), (32 bytes).
    Removing stm32f0xx_wwdg.o(i.WWDG_SetWindowValue), (40 bytes).
    Removing stm32f0xx_i2c.o(.rev16_text), (4 bytes).
    Removing stm32f0xx_i2c.o(.revsh_text), (4 bytes).
    Removing stm32f0xx_i2c.o(i.I2C_10BitAddressHeaderCmd), (28 bytes).
    Removing stm32f0xx_i2c.o(i.I2C_10BitAddressingModeCmd), (28 bytes).
    Removing stm32f0xx_i2c.o(i.I2C_AcknowledgeConfig), (28 bytes).
    Removing stm32f0xx_i2c.o(i.I2C_AutoEndCmd), (28 bytes).
    Removing stm32f0xx_i2c.o(i.I2C_CalculatePEC), (28 bytes).
    Removing stm32f0xx_i2c.o(i.I2C_ClearFlag), (4 bytes).
    Removing stm32f0xx_i2c.o(i.I2C_ClearITPendingBit), (4 bytes).
    Removing stm32f0xx_i2c.o(i.I2C_ClockTimeoutCmd), (28 bytes).
    Removing stm32f0xx_i2c.o(i.I2C_Cmd), (24 bytes).
    Removing stm32f0xx_i2c.o(i.I2C_DMACmd), (20 bytes).
    Removing stm32f0xx_i2c.o(i.I2C_DeInit), (56 bytes).
    Removing stm32f0xx_i2c.o(i.I2C_DualAddressCmd), (28 bytes).
    Removing stm32f0xx_i2c.o(i.I2C_ExtendedClockTimeoutCmd), (26 bytes).
    Removing stm32f0xx_i2c.o(i.I2C_GeneralCallCmd), (28 bytes).
    Removing stm32f0xx_i2c.o(i.I2C_GenerateSTART), (28 bytes).
    Removing stm32f0xx_i2c.o(i.I2C_GenerateSTOP), (28 bytes).
    Removing stm32f0xx_i2c.o(i.I2C_GetAddressMatched), (14 bytes).
    Removing stm32f0xx_i2c.o(i.I2C_GetFlagStatus), (28 bytes).
    Removing stm32f0xx_i2c.o(i.I2C_GetITStatus), (78 bytes).
    Removing stm32f0xx_i2c.o(i.I2C_GetPEC), (8 bytes).
    Removing stm32f0xx_i2c.o(i.I2C_GetTransferDirection), (30 bytes).
    Removing stm32f0xx_i2c.o(i.I2C_ITConfig), (20 bytes).
    Removing stm32f0xx_i2c.o(i.I2C_IdleClockTimeoutCmd), (28 bytes).
    Removing stm32f0xx_i2c.o(i.I2C_Init), (108 bytes).
    Removing stm32f0xx_i2c.o(i.I2C_MasterRequestConfig), (28 bytes).
    Removing stm32f0xx_i2c.o(i.I2C_NumberOfBytesConfig), (28 bytes).
    Removing stm32f0xx_i2c.o(i.I2C_OwnAddress2Config), (36 bytes).
    Removing stm32f0xx_i2c.o(i.I2C_PECRequestCmd), (28 bytes).
    Removing stm32f0xx_i2c.o(i.I2C_ReadRegister), (22 bytes).
    Removing stm32f0xx_i2c.o(i.I2C_ReceiveData), (8 bytes).
    Removing stm32f0xx_i2c.o(i.I2C_ReloadCmd), (28 bytes).
    Removing stm32f0xx_i2c.o(i.I2C_SMBusAlertCmd), (28 bytes).
    Removing stm32f0xx_i2c.o(i.I2C_SendData), (4 bytes).
    Removing stm32f0xx_i2c.o(i.I2C_SlaveAddressConfig), (20 bytes).
    Removing stm32f0xx_i2c.o(i.I2C_SlaveByteControlCmd), (28 bytes).
    Removing stm32f0xx_i2c.o(i.I2C_SoftwareResetCmd), (20 bytes).
    Removing stm32f0xx_i2c.o(i.I2C_StopModeCmd), (28 bytes).
    Removing stm32f0xx_i2c.o(i.I2C_StretchClockCmd), (28 bytes).
    Removing stm32f0xx_i2c.o(i.I2C_StructInit), (24 bytes).
    Removing stm32f0xx_i2c.o(i.I2C_TimeoutAConfig), (20 bytes).
    Removing stm32f0xx_i2c.o(i.I2C_TimeoutBConfig), (32 bytes).
    Removing stm32f0xx_i2c.o(i.I2C_TransferHandling), (44 bytes).
    Removing stm32f0xx_misc.o(.rev16_text), (4 bytes).
    Removing stm32f0xx_misc.o(.revsh_text), (4 bytes).
    Removing stm32f0xx_misc.o(i.NVIC_SystemLPConfig), (32 bytes).
    Removing stm32f0xx_misc.o(i.SysTick_CLKSourceConfig), (36 bytes).
    Removing stm32f0xx_tim.o(.rev16_text), (4 bytes).
    Removing stm32f0xx_tim.o(.revsh_text), (4 bytes).
    Removing stm32f0xx_tim.o(i.TI1_Config), (56 bytes).
    Removing stm32f0xx_tim.o(i.TI2_Config), (76 bytes).
    Removing stm32f0xx_tim.o(i.TI3_Config), (72 bytes).
    Removing stm32f0xx_tim.o(i.TI4_Config), (80 bytes).
    Removing stm32f0xx_tim.o(i.TIM_BDTRStructInit), (18 bytes).
    Removing stm32f0xx_tim.o(i.TIM_CCPreloadControl), (28 bytes).
    Removing stm32f0xx_tim.o(i.TIM_CCxCmd), (30 bytes).
    Removing stm32f0xx_tim.o(i.TIM_CCxNCmd), (30 bytes).
    Removing stm32f0xx_tim.o(i.TIM_ClearITPendingBit), (6 bytes).
    Removing stm32f0xx_tim.o(i.TIM_ClearOC1Ref), (24 bytes).
    Removing stm32f0xx_tim.o(i.TIM_ClearOC2Ref), (20 bytes).
    Removing stm32f0xx_tim.o(i.TIM_ClearOC3Ref), (24 bytes).
    Removing stm32f0xx_tim.o(i.TIM_ClearOC4Ref), (20 bytes).
    Removing stm32f0xx_tim.o(i.TIM_CounterModeConfig), (24 bytes).
    Removing stm32f0xx_tim.o(i.TIM_DMACmd), (20 bytes).
    Removing stm32f0xx_tim.o(i.TIM_DMAConfig), (12 bytes).
    Removing stm32f0xx_tim.o(i.TIM_DeInit), (260 bytes).
    Removing stm32f0xx_tim.o(i.TIM_ETRClockMode1Config), (52 bytes).
    Removing stm32f0xx_tim.o(i.TIM_ETRClockMode2Config), (34 bytes).
    Removing stm32f0xx_tim.o(i.TIM_ETRConfig), (24 bytes).
    Removing stm32f0xx_tim.o(i.TIM_EncoderInterfaceConfig), (68 bytes).
    Removing stm32f0xx_tim.o(i.TIM_ForcedOC1Config), (24 bytes).
    Removing stm32f0xx_tim.o(i.TIM_ForcedOC2Config), (24 bytes).
    Removing stm32f0xx_tim.o(i.TIM_ForcedOC3Config), (24 bytes).
    Removing stm32f0xx_tim.o(i.TIM_ForcedOC4Config), (24 bytes).
    Removing stm32f0xx_tim.o(i.TIM_GenerateEvent), (4 bytes).
    Removing stm32f0xx_tim.o(i.TIM_GetCapture1), (6 bytes).
    Removing stm32f0xx_tim.o(i.TIM_GetCapture2), (6 bytes).
    Removing stm32f0xx_tim.o(i.TIM_GetCapture3), (6 bytes).
    Removing stm32f0xx_tim.o(i.TIM_GetCapture4), (6 bytes).
    Removing stm32f0xx_tim.o(i.TIM_GetCounter), (6 bytes).
    Removing stm32f0xx_tim.o(i.TIM_GetFlagStatus), (20 bytes).
    Removing stm32f0xx_tim.o(i.TIM_GetITStatus), (38 bytes).
    Removing stm32f0xx_tim.o(i.TIM_GetPrescaler), (6 bytes).
    Removing stm32f0xx_tim.o(i.TIM_ICInit), (112 bytes).
    Removing stm32f0xx_tim.o(i.TIM_ICStructInit), (18 bytes).
    Removing stm32f0xx_tim.o(i.TIM_ITRxExternalClockConfig), (24 bytes).
    Removing stm32f0xx_tim.o(i.TIM_InternalClockConfig), (16 bytes).
    Removing stm32f0xx_tim.o(i.TIM_OC1FastConfig), (24 bytes).
    Removing stm32f0xx_tim.o(i.TIM_OC1NPolarityConfig), (24 bytes).
    Removing stm32f0xx_tim.o(i.TIM_OC1PolarityConfig), (24 bytes).
    Removing stm32f0xx_tim.o(i.TIM_OC2FastConfig), (24 bytes).
    Removing stm32f0xx_tim.o(i.TIM_OC2NPolarityConfig), (24 bytes).
    Removing stm32f0xx_tim.o(i.TIM_OC2PolarityConfig), (24 bytes).
    Removing stm32f0xx_tim.o(i.TIM_OC3FastConfig), (24 bytes).
    Removing stm32f0xx_tim.o(i.TIM_OC3NPolarityConfig), (24 bytes).
    Removing stm32f0xx_tim.o(i.TIM_OC3PolarityConfig), (24 bytes).
    Removing stm32f0xx_tim.o(i.TIM_OC4FastConfig), (24 bytes).
    Removing stm32f0xx_tim.o(i.TIM_OC4PolarityConfig), (24 bytes).
    Removing stm32f0xx_tim.o(i.TIM_OCStructInit), (20 bytes).
    Removing stm32f0xx_tim.o(i.TIM_PWMIConfig), (124 bytes).
    Removing stm32f0xx_tim.o(i.TIM_PrescalerConfig), (6 bytes).
    Removing stm32f0xx_tim.o(i.TIM_RemapConfig), (6 bytes).
    Removing stm32f0xx_tim.o(i.TIM_SelectCCDMA), (28 bytes).
    Removing stm32f0xx_tim.o(i.TIM_SelectCOM), (28 bytes).
    Removing stm32f0xx_tim.o(i.TIM_SelectHallSensor), (28 bytes).
    Removing stm32f0xx_tim.o(i.TIM_SelectInputTrigger), (24 bytes).
    Removing stm32f0xx_tim.o(i.TIM_SelectMasterSlaveMode), (20 bytes).
    Removing stm32f0xx_tim.o(i.TIM_SelectOCREFClear), (20 bytes).
    Removing stm32f0xx_tim.o(i.TIM_SelectOCxM), (82 bytes).
    Removing stm32f0xx_tim.o(i.TIM_SelectOnePulseMode), (20 bytes).
    Removing stm32f0xx_tim.o(i.TIM_SelectOutputTrigger), (20 bytes).
    Removing stm32f0xx_tim.o(i.TIM_SelectSlaveMode), (20 bytes).
    Removing stm32f0xx_tim.o(i.TIM_SetAutoreload), (4 bytes).
    Removing stm32f0xx_tim.o(i.TIM_SetClockDivision), (20 bytes).
    Removing stm32f0xx_tim.o(i.TIM_SetCompare1), (4 bytes).
    Removing stm32f0xx_tim.o(i.TIM_SetCompare2), (4 bytes).
    Removing stm32f0xx_tim.o(i.TIM_SetCompare3), (4 bytes).
    Removing stm32f0xx_tim.o(i.TIM_SetCompare4), (4 bytes).
    Removing stm32f0xx_tim.o(i.TIM_SetCounter), (4 bytes).
    Removing stm32f0xx_tim.o(i.TIM_SetIC1Prescaler), (20 bytes).
    Removing stm32f0xx_tim.o(i.TIM_SetIC2Prescaler), (24 bytes).
    Removing stm32f0xx_tim.o(i.TIM_SetIC3Prescaler), (20 bytes).
    Removing stm32f0xx_tim.o(i.TIM_SetIC4Prescaler), (24 bytes).
    Removing stm32f0xx_tim.o(i.TIM_TIxExternalClockConfig), (58 bytes).
    Removing stm32f0xx_tim.o(i.TIM_TimeBaseStructInit), (18 bytes).
    Removing stm32f0xx_tim.o(i.TIM_UpdateDisableConfig), (28 bytes).
    Removing stm32f0xx_tim.o(i.TIM_UpdateRequestConfig), (28 bytes).

475 unused section(s) (total 15820 bytes) removed from the image.

==============================================================================

Image Symbol Table

    Local Symbols

    Symbol Name                              Value     Ov Type        Size  Object(Section)

    ../clib/microlib/division.c              0x00000000   Number         0  uidiv.o ABSOLUTE
    ../clib/microlib/init/entry.s            0x00000000   Number         0  entry11b.o ABSOLUTE
    ../clib/microlib/init/entry.s            0x00000000   Number         0  entry.o ABSOLUTE
    ../clib/microlib/init/entry.s            0x00000000   Number         0  entry11a.o ABSOLUTE
    ../clib/microlib/init/entry.s            0x00000000   Number         0  entry10b.o ABSOLUTE
    ../clib/microlib/init/entry.s            0x00000000   Number         0  entry8a.o ABSOLUTE
    ../clib/microlib/init/entry.s            0x00000000   Number         0  entry8b.o ABSOLUTE
    ../clib/microlib/init/entry.s            0x00000000   Number         0  entry10a.o ABSOLUTE
    ../clib/microlib/init/entry.s            0x00000000   Number         0  entry9b.o ABSOLUTE
    ../clib/microlib/init/entry.s            0x00000000   Number         0  entry2.o ABSOLUTE
    ../clib/microlib/init/entry.s            0x00000000   Number         0  entry5.o ABSOLUTE
    ../clib/microlib/init/entry.s            0x00000000   Number         0  entry7a.o ABSOLUTE
    ../clib/microlib/init/entry.s            0x00000000   Number         0  entry9a.o ABSOLUTE
    ../clib/microlib/init/entry.s            0x00000000   Number         0  entry7b.o ABSOLUTE
    ../clib/microlib/longlong.c              0x00000000   Number         0  llshl.o ABSOLUTE
    ../clib/microlib/longlong.c              0x00000000   Number         0  llushr.o ABSOLUTE
    ../clib/microlib/stubs.s                 0x00000000   Number         0  iusefp.o ABSOLUTE
    ../fplib/microlib/fpepilogue.c           0x00000000   Number         0  depilogue.o ABSOLUTE
    ../fplib/microlib/fpfix.c                0x00000000   Number         0  dfixui.o ABSOLUTE
    ../fplib/microlib/fpflt.c                0x00000000   Number         0  dflti.o ABSOLUTE
    ../fplib/microlib/fpmul.c                0x00000000   Number         0  dmul.o ABSOLUTE
    ..\..\..\Libraries\CMSIS\Device\ST\STM32F0xx\Source\Templates\arm\startup_stm32f031.s 0x00000000   Number         0  startup_stm32f031.o ABSOLUTE
    ..\..\..\Libraries\STM32F0xx_StdPeriph_Driver\src\stm32f0xx_adc.c 0x00000000   Number         0  stm32f0xx_adc.o ABSOLUTE
    ..\..\..\Libraries\STM32F0xx_StdPeriph_Driver\src\stm32f0xx_crc.c 0x00000000   Number         0  stm32f0xx_crc.o ABSOLUTE
    ..\..\..\Libraries\STM32F0xx_StdPeriph_Driver\src\stm32f0xx_dbgmcu.c 0x00000000   Number         0  stm32f0xx_dbgmcu.o ABSOLUTE
    ..\..\..\Libraries\STM32F0xx_StdPeriph_Driver\src\stm32f0xx_dma.c 0x00000000   Number         0  stm32f0xx_dma.o ABSOLUTE
    ..\..\..\Libraries\STM32F0xx_StdPeriph_Driver\src\stm32f0xx_exti.c 0x00000000   Number         0  stm32f0xx_exti.o ABSOLUTE
    ..\..\..\Libraries\STM32F0xx_StdPeriph_Driver\src\stm32f0xx_flash.c 0x00000000   Number         0  stm32f0xx_flash.o ABSOLUTE
    ..\..\..\Libraries\STM32F0xx_StdPeriph_Driver\src\stm32f0xx_gpio.c 0x00000000   Number         0  stm32f0xx_gpio.o ABSOLUTE
    ..\..\..\Libraries\STM32F0xx_StdPeriph_Driver\src\stm32f0xx_i2c.c 0x00000000   Number         0  stm32f0xx_i2c.o ABSOLUTE
    ..\..\..\Libraries\STM32F0xx_StdPeriph_Driver\src\stm32f0xx_iwdg.c 0x00000000   Number         0  stm32f0xx_iwdg.o ABSOLUTE
    ..\..\..\Libraries\STM32F0xx_StdPeriph_Driver\src\stm32f0xx_misc.c 0x00000000   Number         0  stm32f0xx_misc.o ABSOLUTE
    ..\..\..\Libraries\STM32F0xx_StdPeriph_Driver\src\stm32f0xx_pwr.c 0x00000000   Number         0  stm32f0xx_pwr.o ABSOLUTE
    ..\..\..\Libraries\STM32F0xx_StdPeriph_Driver\src\stm32f0xx_rcc.c 0x00000000   Number         0  stm32f0xx_rcc.o ABSOLUTE
    ..\..\..\Libraries\STM32F0xx_StdPeriph_Driver\src\stm32f0xx_rtc.c 0x00000000   Number         0  stm32f0xx_rtc.o ABSOLUTE
    ..\..\..\Libraries\STM32F0xx_StdPeriph_Driver\src\stm32f0xx_spi.c 0x00000000   Number         0  stm32f0xx_spi.o ABSOLUTE
    ..\..\..\Libraries\STM32F0xx_StdPeriph_Driver\src\stm32f0xx_syscfg.c 0x00000000   Number         0  stm32f0xx_syscfg.o ABSOLUTE
    ..\..\..\Libraries\STM32F0xx_StdPeriph_Driver\src\stm32f0xx_tim.c 0x00000000   Number         0  stm32f0xx_tim.o ABSOLUTE
    ..\..\..\Libraries\STM32F0xx_StdPeriph_Driver\src\stm32f0xx_usart.c 0x00000000   Number         0  stm32f0xx_usart.o ABSOLUTE
    ..\..\..\Libraries\STM32F0xx_StdPeriph_Driver\src\stm32f0xx_wwdg.c 0x00000000   Number         0  stm32f0xx_wwdg.o ABSOLUTE
    ..\McState.c                             0x00000000   Number         0  mcstate.o ABSOLUTE
    ..\\..\\..\\Libraries\\STM32F0xx_StdPeriph_Driver\\src\\stm32f0xx_adc.c 0x00000000   Number         0  stm32f0xx_adc.o ABSOLUTE
    ..\\..\\..\\Libraries\\STM32F0xx_StdPeriph_Driver\\src\\stm32f0xx_crc.c 0x00000000   Number         0  stm32f0xx_crc.o ABSOLUTE
    ..\\..\\..\\Libraries\\STM32F0xx_StdPeriph_Driver\\src\\stm32f0xx_dbgmcu.c 0x00000000   Number         0  stm32f0xx_dbgmcu.o ABSOLUTE
    ..\\..\\..\\Libraries\\STM32F0xx_StdPeriph_Driver\\src\\stm32f0xx_dma.c 0x00000000   Number         0  stm32f0xx_dma.o ABSOLUTE
    ..\\..\\..\\Libraries\\STM32F0xx_StdPeriph_Driver\\src\\stm32f0xx_exti.c 0x00000000   Number         0  stm32f0xx_exti.o ABSOLUTE
    ..\\..\\..\\Libraries\\STM32F0xx_StdPeriph_Driver\\src\\stm32f0xx_flash.c 0x00000000   Number         0  stm32f0xx_flash.o ABSOLUTE
    ..\\..\\..\\Libraries\\STM32F0xx_StdPeriph_Driver\\src\\stm32f0xx_gpio.c 0x00000000   Number         0  stm32f0xx_gpio.o ABSOLUTE
    ..\\..\\..\\Libraries\\STM32F0xx_StdPeriph_Driver\\src\\stm32f0xx_i2c.c 0x00000000   Number         0  stm32f0xx_i2c.o ABSOLUTE
    ..\\..\\..\\Libraries\\STM32F0xx_StdPeriph_Driver\\src\\stm32f0xx_iwdg.c 0x00000000   Number         0  stm32f0xx_iwdg.o ABSOLUTE
    ..\\..\\..\\Libraries\\STM32F0xx_StdPeriph_Driver\\src\\stm32f0xx_misc.c 0x00000000   Number         0  stm32f0xx_misc.o ABSOLUTE
    ..\\..\\..\\Libraries\\STM32F0xx_StdPeriph_Driver\\src\\stm32f0xx_pwr.c 0x00000000   Number         0  stm32f0xx_pwr.o ABSOLUTE
    ..\\..\\..\\Libraries\\STM32F0xx_StdPeriph_Driver\\src\\stm32f0xx_rcc.c 0x00000000   Number         0  stm32f0xx_rcc.o ABSOLUTE
    ..\\..\\..\\Libraries\\STM32F0xx_StdPeriph_Driver\\src\\stm32f0xx_rtc.c 0x00000000   Number         0  stm32f0xx_rtc.o ABSOLUTE
    ..\\..\\..\\Libraries\\STM32F0xx_StdPeriph_Driver\\src\\stm32f0xx_spi.c 0x00000000   Number         0  stm32f0xx_spi.o ABSOLUTE
    ..\\..\\..\\Libraries\\STM32F0xx_StdPeriph_Driver\\src\\stm32f0xx_syscfg.c 0x00000000   Number         0  stm32f0xx_syscfg.o ABSOLUTE
    ..\\..\\..\\Libraries\\STM32F0xx_StdPeriph_Driver\\src\\stm32f0xx_tim.c 0x00000000   Number         0  stm32f0xx_tim.o ABSOLUTE
    ..\\..\\..\\Libraries\\STM32F0xx_StdPeriph_Driver\\src\\stm32f0xx_usart.c 0x00000000   Number         0  stm32f0xx_usart.o ABSOLUTE
    ..\\..\\..\\Libraries\\STM32F0xx_StdPeriph_Driver\\src\\stm32f0xx_wwdg.c 0x00000000   Number         0  stm32f0xx_wwdg.o ABSOLUTE
    ..\\McState.c                            0x00000000   Number         0  mcstate.o ABSOLUTE
    ..\\foc.c                                0x00000000   Number         0  foc.o ABSOLUTE
    ..\\init.c                               0x00000000   Number         0  init.o ABSOLUTE
    ..\\interrupts.c                         0x00000000   Number         0  interrupts.o ABSOLUTE
    ..\\main.c                               0x00000000   Number         0  main.o ABSOLUTE
    ..\\position_hall.c                      0x00000000   Number         0  position_hall.o ABSOLUTE
    ..\\self_test.c                          0x00000000   Number         0  self_test.o ABSOLUTE
    ..\\stm32f0xx_it.c                       0x00000000   Number         0  stm32f0xx_it.o ABSOLUTE
    ..\\system_stm32f0xx.c                   0x00000000   Number         0  system_stm32f0xx.o ABSOLUTE
    ..\\trig.c                               0x00000000   Number         0  trig.o ABSOLUTE
    ..\foc.c                                 0x00000000   Number         0  foc.o ABSOLUTE
    ..\init.c                                0x00000000   Number         0  init.o ABSOLUTE
    ..\interrupts.c                          0x00000000   Number         0  interrupts.o ABSOLUTE
    ..\main.c                                0x00000000   Number         0  main.o ABSOLUTE
    ..\position_hall.c                       0x00000000   Number         0  position_hall.o ABSOLUTE
    ..\self_test.c                           0x00000000   Number         0  self_test.o ABSOLUTE
    ..\stm32f0xx_it.c                        0x00000000   Number         0  stm32f0xx_it.o ABSOLUTE
    ..\system_stm32f0xx.c                    0x00000000   Number         0  system_stm32f0xx.o ABSOLUTE
    ..\trig.c                                0x00000000   Number         0  trig.o ABSOLUTE
    dc.s                                     0x00000000   Number         0  dc.o ABSOLUTE
    handlers.s                               0x00000000   Number         0  handlers.o ABSOLUTE
    init.s                                   0x00000000   Number         0  init.o ABSOLUTE
    RESET                                    0x08000000   Section      176  startup_stm32f031.o(RESET)
    .ARM.Collect$$$$00000000                 0x080000b0   Section        0  entry.o(.ARM.Collect$$$$00000000)
    .ARM.Collect$$$$00000001                 0x080000b0   Section        4  entry2.o(.ARM.Collect$$$$00000001)
    .ARM.Collect$$$$00000004                 0x080000b4   Section        4  entry5.o(.ARM.Collect$$$$00000004)
    .ARM.Collect$$$$00000008                 0x080000b8   Section        0  entry7b.o(.ARM.Collect$$$$00000008)
    .ARM.Collect$$$$0000000A                 0x080000b8   Section        0  entry8b.o(.ARM.Collect$$$$0000000A)
    .ARM.Collect$$$$0000000B                 0x080000b8   Section        8  entry9a.o(.ARM.Collect$$$$0000000B)
    .ARM.Collect$$$$0000000D                 0x080000c0   Section        0  entry10a.o(.ARM.Collect$$$$0000000D)
    .ARM.Collect$$$$0000000F                 0x080000c0   Section        0  entry11a.o(.ARM.Collect$$$$0000000F)
    .ARM.Collect$$$$00002712                 0x080000c0   Section        4  entry2.o(.ARM.Collect$$$$00002712)
    __lit__00000000                          0x080000c0   Data           4  entry2.o(.ARM.Collect$$$$00002712)
    .text                                    0x080000c4   Section       88  startup_stm32f031.o(.text)
    .text                                    0x0800011c   Section        0  uidiv.o(.text)
    .text                                    0x08000148   Section        0  dmul.o(.text)
    .text                                    0x08000218   Section        0  dflti.o(.text)
    .text                                    0x08000240   Section        0  dfixui.o(.text)
    .text                                    0x0800027c   Section        0  llushr.o(.text)
    .text                                    0x0800029e   Section        0  iusefp.o(.text)
    .text                                    0x0800029e   Section        0  depilogue.o(.text)
    .text                                    0x0800035c   Section       36  init.o(.text)
    .text                                    0x08000380   Section        0  llshl.o(.text)
    i.ADC1_IRQHandler                        0x080003a0   Section        0  interrupts.o(i.ADC1_IRQHandler)
    i.ADC_ChannelConfig                      0x080004d8   Section        0  stm32f0xx_adc.o(i.ADC_ChannelConfig)
    i.ADC_ClearFlag                          0x080004f0   Section        0  stm32f0xx_adc.o(i.ADC_ClearFlag)
    i.ADC_Cmd                                0x080004f4   Section        0  stm32f0xx_adc.o(i.ADC_Cmd)
    i.ADC_DMACmd                             0x0800050c   Section        0  stm32f0xx_adc.o(i.ADC_DMACmd)
    i.ADC_GetCalibrationFactor               0x08000524   Section        0  stm32f0xx_adc.o(i.ADC_GetCalibrationFactor)
    i.ADC_ITConfig                           0x08000560   Section        0  stm32f0xx_adc.o(i.ADC_ITConfig)
    i.ADC_Init                               0x08000574   Section        0  stm32f0xx_adc.o(i.ADC_Init)
    i.ADC_StartOfConversion                  0x080005a0   Section        0  stm32f0xx_adc.o(i.ADC_StartOfConversion)
    i.DMA_Cmd                                0x080005ac   Section        0  stm32f0xx_dma.o(i.DMA_Cmd)
    i.DMA_DeInit                             0x080005c8   Section        0  stm32f0xx_dma.o(i.DMA_DeInit)
    i.DMA_Init                               0x0800072c   Section        0  stm32f0xx_dma.o(i.DMA_Init)
    i.GPIO_Init                              0x0800076c   Section        0  stm32f0xx_gpio.o(i.GPIO_Init)
    i.GPIO_PinAFConfig                       0x080007fc   Section        0  stm32f0xx_gpio.o(i.GPIO_PinAFConfig)
    i.GPIO_SetBits                           0x08000840   Section        0  stm32f0xx_gpio.o(i.GPIO_SetBits)
    i.GPIO_StructInit                        0x08000844   Section        0  stm32f0xx_gpio.o(i.GPIO_StructInit)
    i.HardFault_Handler                      0x0800085c   Section        0  stm32f0xx_it.o(i.HardFault_Handler)
    i.HardwareInit                           0x08000860   Section        0  init.o(i.HardwareInit)
    i.MCL_Failure                            0x08000894   Section        0  mcstate.o(i.MCL_Failure)
    MCL_Failure                              0x08000895   Thumb Code     2  mcstate.o(i.MCL_Failure)
    i.MCL_Function                           0x08000898   Section        0  mcstate.o(i.MCL_Function)
    i.MCL_Init                               0x080008d4   Section        0  mcstate.o(i.MCL_Init)
    MCL_Init                                 0x080008d5   Thumb Code     8  mcstate.o(i.MCL_Init)
    i.MCL_Normal                             0x080008e0   Section        0  mcstate.o(i.MCL_Normal)
    MCL_Normal                               0x080008e1   Thumb Code   124  mcstate.o(i.MCL_Normal)
    i.MCL_OpenLoop                           0x08000978   Section        0  mcstate.o(i.MCL_OpenLoop)
    MCL_OpenLoop                             0x08000979   Thumb Code    22  mcstate.o(i.MCL_OpenLoop)
    i.MCL_Stop                               0x08000998   Section        0  mcstate.o(i.MCL_Stop)
    MCL_Stop                                 0x08000999   Thumb Code    16  mcstate.o(i.MCL_Stop)
    i.MX_GPIO_Init                           0x080009ac   Section        0  init.o(i.MX_GPIO_Init)
    MX_GPIO_Init                             0x080009ad   Thumb Code   128  init.o(i.MX_GPIO_Init)
    i.MotorClarkeFun                         0x08000a30   Section        0  foc.o(i.MotorClarkeFun)
    i.MotorCtrlFun                           0x08000a60   Section        0  foc.o(i.MotorCtrlFun)
    i.MotorFetAngleFun                       0x08000bc8   Section        0  position_hall.o(i.MotorFetAngleFun)
    i.MotorFlowRegFun                        0x08001510   Section        0  foc.o(i.MotorFlowRegFun)
    i.MotorInitParaFun                       0x0800157c   Section        0  foc.o(i.MotorInitParaFun)
    i.MotorParkFun                           0x08001598   Section        0  foc.o(i.MotorParkFun)
    i.MotorRevParkFun                        0x080015e8   Section        0  foc.o(i.MotorRevParkFun)
    i.NMI_Handler                            0x08001660   Section        0  stm32f0xx_it.o(i.NMI_Handler)
    i.NVIC_Init                              0x08001664   Section        0  stm32f0xx_misc.o(i.NVIC_Init)
    i.PendSV_Handler                         0x080016d4   Section        0  stm32f0xx_it.o(i.PendSV_Handler)
    i.RCC_AHBPeriphClockCmd                  0x080016d8   Section        0  stm32f0xx_rcc.o(i.RCC_AHBPeriphClockCmd)
    i.RCC_APB2PeriphClockCmd                 0x080016f8   Section        0  stm32f0xx_rcc.o(i.RCC_APB2PeriphClockCmd)
    i.RCC_GetClocksFreq                      0x08001718   Section        0  stm32f0xx_rcc.o(i.RCC_GetClocksFreq)
    i.RCC_GetFlagStatus                      0x08001960   Section        0  stm32f0xx_rcc.o(i.RCC_GetFlagStatus)
    i.RCC_HSEConfig                          0x080019a8   Section        0  stm32f0xx_rcc.o(i.RCC_HSEConfig)
    i.RCC_PLLCmd                             0x080019b8   Section        0  stm32f0xx_rcc.o(i.RCC_PLLCmd)
    i.RCC_PLLConfig                          0x080019e0   Section        0  stm32f0xx_rcc.o(i.RCC_PLLConfig)
    i.SVC_Handler                            0x08001a04   Section        0  stm32f0xx_it.o(i.SVC_Handler)
    i.SetSysClock                            0x08001a08   Section        0  system_stm32f0xx.o(i.SetSysClock)
    SetSysClock                              0x08001a09   Thumb Code   174  system_stm32f0xx.o(i.SetSysClock)
    i.SysTick_Handler                        0x08001ac0   Section        0  stm32f0xx_it.o(i.SysTick_Handler)
    i.SystemInit                             0x08001ac4   Section        0  system_stm32f0xx.o(i.SystemInit)
    i.TIM1_CC_IRQHandler                     0x08001b40   Section        0  interrupts.o(i.TIM1_CC_IRQHandler)
    i.TIM_ARRPreloadConfig                   0x08001b70   Section        0  stm32f0xx_tim.o(i.TIM_ARRPreloadConfig)
    i.TIM_BDTRConfig                         0x08001b8c   Section        0  stm32f0xx_tim.o(i.TIM_BDTRConfig)
    i.TIM_ClearFlag                          0x08001bac   Section        0  stm32f0xx_tim.o(i.TIM_ClearFlag)
    i.TIM_Cmd                                0x08001bb4   Section        0  stm32f0xx_tim.o(i.TIM_Cmd)
    i.TIM_CtrlPWMOutputs                     0x08001bd0   Section        0  stm32f0xx_tim.o(i.TIM_CtrlPWMOutputs)
    i.TIM_ITConfig                           0x08001bf2   Section        0  stm32f0xx_tim.o(i.TIM_ITConfig)
    i.TIM_OC1Init                            0x08001c08   Section        0  stm32f0xx_tim.o(i.TIM_OC1Init)
    i.TIM_OC1PreloadConfig                   0x08001c9c   Section        0  stm32f0xx_tim.o(i.TIM_OC1PreloadConfig)
    i.TIM_OC2Init                            0x08001cb4   Section        0  stm32f0xx_tim.o(i.TIM_OC2Init)
    i.TIM_OC2PreloadConfig                   0x08001d60   Section        0  stm32f0xx_tim.o(i.TIM_OC2PreloadConfig)
    i.TIM_OC3Init                            0x08001d78   Section        0  stm32f0xx_tim.o(i.TIM_OC3Init)
    i.TIM_OC3PreloadConfig                   0x08001e10   Section        0  stm32f0xx_tim.o(i.TIM_OC3PreloadConfig)
    i.TIM_OC4Init                            0x08001e28   Section        0  stm32f0xx_tim.o(i.TIM_OC4Init)
    i.TIM_OC4PreloadConfig                   0x08001e98   Section        0  stm32f0xx_tim.o(i.TIM_OC4PreloadConfig)
    i.TIM_TimeBaseInit                       0x08001eb0   Section        0  stm32f0xx_tim.o(i.TIM_TimeBaseInit)
    i.UI                                     0x08001f2c   Section        0  mcstate.o(i.UI)
    i.USART1_IRQHandler                      0x08001f94   Section        0  interrupts.o(i.USART1_IRQHandler)
    i.USART_ClearITPendingBit                0x08002134   Section        0  stm32f0xx_usart.o(i.USART_ClearITPendingBit)
    i.USART_Cmd                              0x08002146   Section        0  stm32f0xx_usart.o(i.USART_Cmd)
    i.USART_GetITStatus                      0x0800215e   Section        0  stm32f0xx_usart.o(i.USART_GetITStatus)
    i.USART_ITConfig                         0x080021ac   Section        0  stm32f0xx_usart.o(i.USART_ITConfig)
    i.USART_Init                             0x080021f0   Section        0  stm32f0xx_usart.o(i.USART_Init)
    i.USART_ReceiveData                      0x080022e8   Section        0  stm32f0xx_usart.o(i.USART_ReceiveData)
    i.Uart_Buff_Clear                        0x080022f4   Section        0  interrupts.o(i.Uart_Buff_Clear)
    i.__ARM_clz                              0x0800230c   Section        0  depilogue.o(i.__ARM_clz)
    i.__ARM_common_switch8                   0x0800233a   Section        0  foc.o(i.__ARM_common_switch8)
    i.__scatterload_copy                     0x08002356   Section       14  handlers.o(i.__scatterload_copy)
    i.__scatterload_null                     0x08002364   Section        2  handlers.o(i.__scatterload_null)
    i.__scatterload_zeroinit                 0x08002366   Section       14  handlers.o(i.__scatterload_zeroinit)
    i.adc_init                               0x08002374   Section        0  init.o(i.adc_init)
    adc_init                                 0x08002375   Thumb Code   276  init.o(i.adc_init)
    i.board_self_test                        0x08002498   Section        0  self_test.o(i.board_self_test)
    i.get_cos                                0x0800254c   Section        0  trig.o(i.get_cos)
    i.get_sin                                0x08002560   Section        0  trig.o(i.get_sin)
    i.i2c_init                               0x08002588   Section        0  init.o(i.i2c_init)
    i.main                                   0x0800258c   Section        0  main.o(i.main)
    i.nvic_init                              0x080025ac   Section        0  init.o(i.nvic_init)
    nvic_init                                0x080025ad   Thumb Code    56  init.o(i.nvic_init)
    i.pwm_init                               0x080025e4   Section        0  init.o(i.pwm_init)
    pwm_init                                 0x080025e5   Thumb Code   434  init.o(i.pwm_init)
    i.rcc_init                               0x080027a4   Section        0  init.o(i.rcc_init)
    i.usart_init                             0x080027a8   Section        0  init.o(i.usart_init)
    usart_init                               0x080027a9   Thumb Code   146  init.o(i.usart_init)
    .constdata                               0x08002848   Section     2048  trig.o(.constdata)
    .data                                    0x20000000   Section       24  foc.o(.data)
    .data                                    0x20000018   Section       72  position_hall.o(.data)
    .data                                    0x20000060   Section       16  self_test.o(.data)
    .data                                    0x20000070   Section       84  interrupts.o(.data)
    .data                                    0x200000c4   Section       14  mcstate.o(.data)
    .data                                    0x200000d2   Section       16  stm32f0xx_rcc.o(.data)
    APBAHBPrescTable                         0x200000d2   Data          16  stm32f0xx_rcc.o(.data)
    .bss                                     0x200000e4   Section       10  init.o(.bss)
    .bss                                     0x200000ee   Section       12  position_hall.o(.bss)
    .bss                                     0x200000fa   Section       36  interrupts.o(.bss)
    STACK                                    0x20000120   Section     1024  startup_stm32f031.o(STACK)

    Global Symbols

    Symbol Name                              Value     Ov Type        Size  Object(Section)

    BuildAttributes$$THM_ISAv3M$S$PE$A:L22$X:L11$S22$IEEE1$IW$USESV6$~STKCKD$USESV7$~SHL$OSPACE$ROPI$EBA8$MICROLIB$REQ8$PRES8$EABIv2 0x00000000   Number         0  anon$$obj.o ABSOLUTE
    __ARM_use_no_argv                        0x00000000   Number         0  main.o ABSOLUTE
    __cpp_initialize__aeabi_                  - Undefined Weak Reference
    __cxa_finalize                            - Undefined Weak Reference
    __decompress                              - Undefined Weak Reference
    _clock_init                               - Undefined Weak Reference
    _microlib_exit                            - Undefined Weak Reference
    __Vectors_Size                           0x000000b0   Number         0  startup_stm32f031.o ABSOLUTE
    __Vectors                                0x08000000   Data           4  startup_stm32f031.o(RESET)
    __Vectors_End                            0x080000b0   Data           0  startup_stm32f031.o(RESET)
    __main                                   0x080000b1   Thumb Code     0  entry.o(.ARM.Collect$$$$00000000)
    _main_stk                                0x080000b1   Thumb Code     0  entry2.o(.ARM.Collect$$$$00000001)
    _main_scatterload                        0x080000b5   Thumb Code     0  entry5.o(.ARM.Collect$$$$00000004)
    __main_after_scatterload                 0x080000b9   Thumb Code     0  entry5.o(.ARM.Collect$$$$00000004)
    _main_clock                              0x080000b9   Thumb Code     0  entry7b.o(.ARM.Collect$$$$00000008)
    _main_cpp_init                           0x080000b9   Thumb Code     0  entry8b.o(.ARM.Collect$$$$0000000A)
    _main_init                               0x080000b9   Thumb Code     0  entry9a.o(.ARM.Collect$$$$0000000B)
    __rt_final_cpp                           0x080000c1   Thumb Code     0  entry10a.o(.ARM.Collect$$$$0000000D)
    __rt_final_exit                          0x080000c1   Thumb Code     0  entry11a.o(.ARM.Collect$$$$0000000F)
    Reset_Handler                            0x080000c5   Thumb Code    38  startup_stm32f031.o(.text)
    DMA1_Channel1_IRQHandler                 0x080000f5   Thumb Code     0  startup_stm32f031.o(.text)
    DMA1_Channel2_3_IRQHandler               0x080000f5   Thumb Code     0  startup_stm32f031.o(.text)
    DMA1_Channel4_5_IRQHandler               0x080000f5   Thumb Code     0  startup_stm32f031.o(.text)
    EXTI0_1_IRQHandler                       0x080000f5   Thumb Code     0  startup_stm32f031.o(.text)
    EXTI2_3_IRQHandler                       0x080000f5   Thumb Code     0  startup_stm32f031.o(.text)
    EXTI4_15_IRQHandler                      0x080000f5   Thumb Code     0  startup_stm32f031.o(.text)
    FLASH_IRQHandler                         0x080000f5   Thumb Code     0  startup_stm32f031.o(.text)
    I2C1_IRQHandler                          0x080000f5   Thumb Code     0  startup_stm32f031.o(.text)
    PVD_IRQHandler                           0x080000f5   Thumb Code     0  startup_stm32f031.o(.text)
    RCC_IRQHandler                           0x080000f5   Thumb Code     0  startup_stm32f031.o(.text)
    RTC_IRQHandler                           0x080000f5   Thumb Code     0  startup_stm32f031.o(.text)
    SPI1_IRQHandler                          0x080000f5   Thumb Code     0  startup_stm32f031.o(.text)
    TIM14_IRQHandler                         0x080000f5   Thumb Code     0  startup_stm32f031.o(.text)
    TIM16_IRQHandler                         0x080000f5   Thumb Code     0  startup_stm32f031.o(.text)
    TIM17_IRQHandler                         0x080000f5   Thumb Code     0  startup_stm32f031.o(.text)
    TIM1_BRK_UP_TRG_COM_IRQHandler           0x080000f5   Thumb Code     0  startup_stm32f031.o(.text)
    TIM2_IRQHandler                          0x080000f5   Thumb Code     0  startup_stm32f031.o(.text)
    TIM3_IRQHandler                          0x080000f5   Thumb Code     0  startup_stm32f031.o(.text)
    WWDG_IRQHandler                          0x080000f5   Thumb Code     0  startup_stm32f031.o(.text)
    __aeabi_uidiv                            0x0800011d   Thumb Code     0  uidiv.o(.text)
    __aeabi_uidivmod                         0x0800011d   Thumb Code    44  uidiv.o(.text)
    __aeabi_dmul                             0x08000149   Thumb Code   202  dmul.o(.text)
    __aeabi_i2d                              0x08000219   Thumb Code    34  dflti.o(.text)
    __aeabi_d2uiz                            0x08000241   Thumb Code    50  dfixui.o(.text)
    __aeabi_llsr                             0x0800027d   Thumb Code    34  llushr.o(.text)
    _ll_ushift_r                             0x0800027d   Thumb Code     0  llushr.o(.text)
    __I$use$fp                               0x0800029f   Thumb Code     0  iusefp.o(.text)
    _double_round                            0x0800029f   Thumb Code    26  depilogue.o(.text)
    _double_epilogue                         0x080002b9   Thumb Code   164  depilogue.o(.text)
    __scatterload                            0x0800035d   Thumb Code    28  init.o(.text)
    __scatterload_rt2                        0x0800035d   Thumb Code     0  init.o(.text)
    __aeabi_llsl                             0x08000381   Thumb Code    32  llshl.o(.text)
    _ll_shift_l                              0x08000381   Thumb Code     0  llshl.o(.text)
    ADC1_IRQHandler                          0x080003a1   Thumb Code   232  interrupts.o(i.ADC1_IRQHandler)
    ADC_ChannelConfig                        0x080004d9   Thumb Code    24  stm32f0xx_adc.o(i.ADC_ChannelConfig)
    ADC_ClearFlag                            0x080004f1   Thumb Code     4  stm32f0xx_adc.o(i.ADC_ClearFlag)
    ADC_Cmd                                  0x080004f5   Thumb Code    24  stm32f0xx_adc.o(i.ADC_Cmd)
    ADC_DMACmd                               0x0800050d   Thumb Code    24  stm32f0xx_adc.o(i.ADC_DMACmd)
    ADC_GetCalibrationFactor                 0x08000525   Thumb Code    60  stm32f0xx_adc.o(i.ADC_GetCalibrationFactor)
    ADC_ITConfig                             0x08000561   Thumb Code    20  stm32f0xx_adc.o(i.ADC_ITConfig)
    ADC_Init                                 0x08000575   Thumb Code    40  stm32f0xx_adc.o(i.ADC_Init)
    ADC_StartOfConversion                    0x080005a1   Thumb Code    10  stm32f0xx_adc.o(i.ADC_StartOfConversion)
    DMA_Cmd                                  0x080005ad   Thumb Code    24  stm32f0xx_dma.o(i.DMA_Cmd)
    DMA_DeInit                               0x080005c9   Thumb Code   342  stm32f0xx_dma.o(i.DMA_DeInit)
    DMA_Init                                 0x0800072d   Thumb Code    58  stm32f0xx_dma.o(i.DMA_Init)
    GPIO_Init                                0x0800076d   Thumb Code   144  stm32f0xx_gpio.o(i.GPIO_Init)
    GPIO_PinAFConfig                         0x080007fd   Thumb Code    68  stm32f0xx_gpio.o(i.GPIO_PinAFConfig)
    GPIO_SetBits                             0x08000841   Thumb Code     4  stm32f0xx_gpio.o(i.GPIO_SetBits)
    GPIO_StructInit                          0x08000845   Thumb Code    20  stm32f0xx_gpio.o(i.GPIO_StructInit)
    HardFault_Handler                        0x0800085d   Thumb Code     4  stm32f0xx_it.o(i.HardFault_Handler)
    HardwareInit                             0x08000861   Thumb Code    46  init.o(i.HardwareInit)
    MCL_Function                             0x08000899   Thumb Code    56  mcstate.o(i.MCL_Function)
    MotorClarkeFun                           0x08000a31   Thumb Code    36  foc.o(i.MotorClarkeFun)
    MotorCtrlFun                             0x08000a61   Thumb Code   348  foc.o(i.MotorCtrlFun)
    MotorFetAngleFun                         0x08000bc9   Thumb Code  2360  position_hall.o(i.MotorFetAngleFun)
    MotorFlowRegFun                          0x08001511   Thumb Code    90  foc.o(i.MotorFlowRegFun)
    MotorInitParaFun                         0x0800157d   Thumb Code    16  foc.o(i.MotorInitParaFun)
    MotorParkFun                             0x08001599   Thumb Code    60  foc.o(i.MotorParkFun)
    MotorRevParkFun                          0x080015e9   Thumb Code   104  foc.o(i.MotorRevParkFun)
    NMI_Handler                              0x08001661   Thumb Code     2  stm32f0xx_it.o(i.NMI_Handler)
    NVIC_Init                                0x08001665   Thumb Code   106  stm32f0xx_misc.o(i.NVIC_Init)
    PendSV_Handler                           0x080016d5   Thumb Code     2  stm32f0xx_it.o(i.PendSV_Handler)
    RCC_AHBPeriphClockCmd                    0x080016d9   Thumb Code    28  stm32f0xx_rcc.o(i.RCC_AHBPeriphClockCmd)
    RCC_APB2PeriphClockCmd                   0x080016f9   Thumb Code    28  stm32f0xx_rcc.o(i.RCC_APB2PeriphClockCmd)
    RCC_GetClocksFreq                        0x08001719   Thumb Code   554  stm32f0xx_rcc.o(i.RCC_GetClocksFreq)
    RCC_GetFlagStatus                        0x08001961   Thumb Code    68  stm32f0xx_rcc.o(i.RCC_GetFlagStatus)
    RCC_HSEConfig                            0x080019a9   Thumb Code    12  stm32f0xx_rcc.o(i.RCC_HSEConfig)
    RCC_PLLCmd                               0x080019b9   Thumb Code    36  stm32f0xx_rcc.o(i.RCC_PLLCmd)
    RCC_PLLConfig                            0x080019e1   Thumb Code    30  stm32f0xx_rcc.o(i.RCC_PLLConfig)
    SVC_Handler                              0x08001a05   Thumb Code     2  stm32f0xx_it.o(i.SVC_Handler)
    SysTick_Handler                          0x08001ac1   Thumb Code     2  stm32f0xx_it.o(i.SysTick_Handler)
    SystemInit                               0x08001ac5   Thumb Code   110  system_stm32f0xx.o(i.SystemInit)
    TIM1_CC_IRQHandler                       0x08001b41   Thumb Code    34  interrupts.o(i.TIM1_CC_IRQHandler)
    TIM_ARRPreloadConfig                     0x08001b71   Thumb Code    24  stm32f0xx_tim.o(i.TIM_ARRPreloadConfig)
    TIM_BDTRConfig                           0x08001b8d   Thumb Code    32  stm32f0xx_tim.o(i.TIM_BDTRConfig)
    TIM_ClearFlag                            0x08001bad   Thumb Code     6  stm32f0xx_tim.o(i.TIM_ClearFlag)
    TIM_Cmd                                  0x08001bb5   Thumb Code    24  stm32f0xx_tim.o(i.TIM_Cmd)
    TIM_CtrlPWMOutputs                       0x08001bd1   Thumb Code    34  stm32f0xx_tim.o(i.TIM_CtrlPWMOutputs)
    TIM_ITConfig                             0x08001bf3   Thumb Code    20  stm32f0xx_tim.o(i.TIM_ITConfig)
    TIM_OC1Init                              0x08001c09   Thumb Code   122  stm32f0xx_tim.o(i.TIM_OC1Init)
    TIM_OC1PreloadConfig                     0x08001c9d   Thumb Code    20  stm32f0xx_tim.o(i.TIM_OC1PreloadConfig)
    TIM_OC2Init                              0x08001cb5   Thumb Code   142  stm32f0xx_tim.o(i.TIM_OC2Init)
    TIM_OC2PreloadConfig                     0x08001d61   Thumb Code    20  stm32f0xx_tim.o(i.TIM_OC2PreloadConfig)
    TIM_OC3Init                              0x08001d79   Thumb Code   124  stm32f0xx_tim.o(i.TIM_OC3Init)
    TIM_OC3PreloadConfig                     0x08001e11   Thumb Code    20  stm32f0xx_tim.o(i.TIM_OC3PreloadConfig)
    TIM_OC4Init                              0x08001e29   Thumb Code    88  stm32f0xx_tim.o(i.TIM_OC4Init)
    TIM_OC4PreloadConfig                     0x08001e99   Thumb Code    20  stm32f0xx_tim.o(i.TIM_OC4PreloadConfig)
    TIM_TimeBaseInit                         0x08001eb1   Thumb Code    90  stm32f0xx_tim.o(i.TIM_TimeBaseInit)
    UI                                       0x08001f2d   Thumb Code    96  mcstate.o(i.UI)
    USART1_IRQHandler                        0x08001f95   Thumb Code   356  interrupts.o(i.USART1_IRQHandler)
    USART_ClearITPendingBit                  0x08002135   Thumb Code    18  stm32f0xx_usart.o(i.USART_ClearITPendingBit)
    USART_Cmd                                0x08002147   Thumb Code    24  stm32f0xx_usart.o(i.USART_Cmd)
    USART_GetITStatus                        0x0800215f   Thumb Code    78  stm32f0xx_usart.o(i.USART_GetITStatus)
    USART_ITConfig                           0x080021ad   Thumb Code    66  stm32f0xx_usart.o(i.USART_ITConfig)
    USART_Init                               0x080021f1   Thumb Code   226  stm32f0xx_usart.o(i.USART_Init)
    USART_ReceiveData                        0x080022e9   Thumb Code    10  stm32f0xx_usart.o(i.USART_ReceiveData)
    Uart_Buff_Clear                          0x080022f5   Thumb Code    20  interrupts.o(i.Uart_Buff_Clear)
    __ARM_clz                                0x0800230d   Thumb Code    46  depilogue.o(i.__ARM_clz)
    __ARM_common_switch8                     0x0800233b   Thumb Code    28  foc.o(i.__ARM_common_switch8)
    __scatterload_copy                       0x08002357   Thumb Code    14  handlers.o(i.__scatterload_copy)
    __scatterload_null                       0x08002365   Thumb Code     2  handlers.o(i.__scatterload_null)
    __scatterload_zeroinit                   0x08002367   Thumb Code    14  handlers.o(i.__scatterload_zeroinit)
    board_self_test                          0x08002499   Thumb Code   144  self_test.o(i.board_self_test)
    get_cos                                  0x0800254d   Thumb Code    18  trig.o(i.get_cos)
    get_sin                                  0x08002561   Thumb Code    36  trig.o(i.get_sin)
    i2c_init                                 0x08002589   Thumb Code     2  init.o(i.i2c_init)
    main                                     0x0800258d   Thumb Code    26  main.o(i.main)
    rcc_init                                 0x080027a5   Thumb Code     2  init.o(i.rcc_init)
    hSinCosTable                             0x08002848   Data        2048  trig.o(.constdata)
    Region$$Table$$Base                      0x08003048   Number         0  anon$$obj.o(Region$$Table)
    Region$$Table$$Limit                     0x08003068   Number         0  anon$$obj.o(Region$$Table)
    MotorCurr_ab                             0x20000000   Data           4  foc.o(.data)
    MotorAtatVolt_qd                         0x20000004   Data           4  foc.o(.data)
    MotorCurrAlfaBeta                        0x20000008   Data           4  foc.o(.data)
    MotorVectorComponents                    0x2000000c   Data           4  foc.o(.data)
    MotorVol_ab                              0x20000010   Data           4  foc.o(.data)
    MotorFlowIntergral                       0x20000014   Data           2  foc.o(.data)
    MotorCurrqd                              0x20000016   Data           2  foc.o(.data)
    MotorFlagMove                            0x20000018   Data           2  position_hall.o(.data)
    MotorFinalEleAngle                       0x2000001a   Data           2  position_hall.o(.data)
    MOTOR_PHASE_SEQUENCE                     0x2000001c   Data          14  position_hall.o(.data)
    MotorTimePole                            0x2000002a   Data           2  position_hall.o(.data)
    MotorTimePole6                           0x2000002c   Data           2  position_hall.o(.data)
    MotorFlagPole6OK                         0x2000002e   Data           2  position_hall.o(.data)
    MotoSFlagHallChange                      0x20000030   Data           2  position_hall.o(.data)
    MotorPoleCnt                             0x20000032   Data           2  position_hall.o(.data)
    MotorElectricalAngle                     0x20000034   Data           2  position_hall.o(.data)
    MotorEleAngleParaA                       0x20000036   Data           2  position_hall.o(.data)
    MotorEleAngleParaC                       0x20000038   Data           2  position_hall.o(.data)
    MotorEleAngleParaD                       0x2000003a   Data           2  position_hall.o(.data)
    MotorEleAngleParaE                       0x2000003c   Data           2  position_hall.o(.data)
    MotorEleAngleParaF                       0x2000003e   Data           2  position_hall.o(.data)
    MotorEleAngleParaG                       0x20000040   Data           2  position_hall.o(.data)
    MotorMoveCnt                             0x20000042   Data           2  position_hall.o(.data)
    MotorFlagDir                             0x20000044   Data           2  position_hall.o(.data)
    MotorPosCur                              0x20000046   Data           2  position_hall.o(.data)
    MotorFlagShake                           0x20000048   Data           2  position_hall.o(.data)
    MotorUnknownPara1                        0x2000004a   Data           2  position_hall.o(.data)
    MotorElectricalAngleBak                  0x2000004c   Data           2  position_hall.o(.data)
    MotorEleAnglePara1                       0x2000004e   Data           2  position_hall.o(.data)
    MotorCurHall                             0x20000050   Data           2  position_hall.o(.data)
    MotorHallCnt                             0x20000052   Data           2  position_hall.o(.data)
    MotorLastHall                            0x20000054   Data           2  position_hall.o(.data)
    MotorDirFlagLast                         0x20000056   Data           2  position_hall.o(.data)
    MotorErrorPosFlag                        0x20000058   Data           2  position_hall.o(.data)
    MotorEleAngleDiff                        0x2000005a   Data           2  position_hall.o(.data)
    MotorRollTimeLast                        0x2000005c   Data           2  position_hall.o(.data)
    MotorFlagHallChange                      0x2000005e   Data           2  position_hall.o(.data)
    FocSelfCheckOK                           0x20000060   Data           4  self_test.o(.data)
    FocMotorLoadRef                          0x20000064   Data           2  self_test.o(.data)
    FocFlagMotorErrorElVol                   0x20000068   Data           4  self_test.o(.data)
    FocMotorPhaseAOffset                     0x2000006c   Data           2  self_test.o(.data)
    FocMotorPhaseBOffset                     0x2000006e   Data           2  self_test.o(.data)
    MsCnt                                    0x20000070   Data           4  interrupts.o(.data)
    sumA                                     0x20000074   Data           2  interrupts.o(.data)
    sumB                                     0x20000076   Data           2  interrupts.o(.data)
    sumCnt                                   0x20000078   Data           2  interrupts.o(.data)
    vadc_pwroff_bat                          0x2000007a   Data           2  interrupts.o(.data)
    vadc_pwron_bat                           0x2000007c   Data           2  interrupts.o(.data)
    vadc_ibus                                0x2000007e   Data           2  interrupts.o(.data)
    vadc_ia                                  0x20000080   Data           2  interrupts.o(.data)
    vadc_ib                                  0x20000082   Data           2  interrupts.o(.data)
    vadc_ic                                  0x20000084   Data           2  interrupts.o(.data)
    FocTime64usCnt                           0x20000088   Data           4  interrupts.o(.data)
    FocTime1msFlag                           0x2000008c   Data           4  interrupts.o(.data)
    FocGetAdcCnt                             0x20000090   Data           4  interrupts.o(.data)
    FocFlagAdcOK                             0x20000094   Data           4  interrupts.o(.data)
    FocAdcBatteryBuf                         0x20000098   Data           8  interrupts.o(.data)
    FocSpeedRef                              0x200000a0   Data           2  interrupts.o(.data)
    FocMotorCurA                             0x200000a2   Data           2  interrupts.o(.data)
    FocMotorCurB                             0x200000a4   Data           2  interrupts.o(.data)
    FocMotorRef                              0x200000a6   Data           2  interrupts.o(.data)
    cnt                                      0x200000a8   Data           1  interrupts.o(.data)
    res_old                                  0x200000a9   Data           1  interrupts.o(.data)
    res_old1                                 0x200000aa   Data           1  interrupts.o(.data)
    res                                      0x200000ab   Data           1  interrupts.o(.data)
    Yibiao_Set                               0x200000ac   Data           2  interrupts.o(.data)
    fuzhiwc_flg                              0x200000ae   Data           2  interrupts.o(.data)
    CiGangShu                                0x200000b0   Data           2  interrupts.o(.data)
    LunJing                                  0x200000b2   Data           2  interrupts.o(.data)
    SpeedPWM                                 0x200000b4   Data           2  interrupts.o(.data)
    SpeedPWM1                                0x200000b6   Data           2  interrupts.o(.data)
    SpeedPWM2                                0x200000b8   Data           2  interrupts.o(.data)
    Yibiao_CheckBit                          0x200000ba   Data           2  interrupts.o(.data)
    zero_run_flg                             0x200000bc   Data           2  interrupts.o(.data)
    filter_cnt                               0x200000be   Data           1  interrupts.o(.data)
    TiaoSu                                   0x200000c0   Data           2  interrupts.o(.data)
    X                                        0x200000c2   Data           2  interrupts.o(.data)
    Ctl                                      0x200000c4   Data           2  mcstate.o(.data)
    Tabflag                                  0x200000c6   Data           2  mcstate.o(.data)
    FocSpeedAdd                              0x200000c8   Data           2  mcstate.o(.data)
    FocSpeedIN                               0x200000ca   Data           2  mcstate.o(.data)
    FocSpeedout                              0x200000cc   Data           2  mcstate.o(.data)
    FocMotorAdd                              0x200000ce   Data           2  mcstate.o(.data)
    FocMotorIn                               0x200000d0   Data           2  mcstate.o(.data)
    RegularConvData_Tab                      0x200000e4   Data          10  init.o(.bss)
    MotorTimePoleBuf                         0x200000ee   Data          12  position_hall.o(.bss)
    USART_RX_BUF                             0x200000fa   Data          25  interrupts.o(.bss)
    filter_pwm                               0x20000114   Data          10  interrupts.o(.bss)
    __initial_sp                             0x20000520   Data           0  startup_stm32f031.o(STACK)



==============================================================================

Memory Map of the image

  Image Entry point : 0x080000c5

  Load Region LR_1 (Base: 0x08000000, Size: 0x0000314c, Max: 0xffffffff, ABSOLUTE)

    Execution Region ER_RO (Base: 0x08000000, Size: 0x00003068, Max: 0xffffffff, ABSOLUTE)

    Base Addr    Size         Type   Attr      Idx    E Section Name        Object

    0x08000000   0x000000b0   Data   RO          467    RESET               startup_stm32f031.o
    0x080000b0   0x00000000   Code   RO         3643  * .ARM.Collect$$$$00000000  mc_p.l(entry.o)
    0x080000b0   0x00000004   Code   RO         3654    .ARM.Collect$$$$00000001  mc_p.l(entry2.o)
    0x080000b4   0x00000004   Code   RO         3657    .ARM.Collect$$$$00000004  mc_p.l(entry5.o)
    0x080000b8   0x00000000   Code   RO         3659    .ARM.Collect$$$$00000008  mc_p.l(entry7b.o)
    0x080000b8   0x00000000   Code   RO         3661    .ARM.Collect$$$$0000000A  mc_p.l(entry8b.o)
    0x080000b8   0x00000008   Code   RO         3662    .ARM.Collect$$$$0000000B  mc_p.l(entry9a.o)
    0x080000c0   0x00000000   Code   RO         3664    .ARM.Collect$$$$0000000D  mc_p.l(entry10a.o)
    0x080000c0   0x00000000   Code   RO         3666    .ARM.Collect$$$$0000000F  mc_p.l(entry11a.o)
    0x080000c0   0x00000004   Code   RO         3655    .ARM.Collect$$$$00002712  mc_p.l(entry2.o)
    0x080000c4   0x00000058   Code   RO          468  * .text               startup_stm32f031.o
    0x0800011c   0x0000002c   Code   RO         3646    .text               mc_p.l(uidiv.o)
    0x08000148   0x000000d0   Code   RO         3648    .text               mf_p.l(dmul.o)
    0x08000218   0x00000028   Code   RO         3650    .text               mf_p.l(dflti.o)
    0x08000240   0x0000003c   Code   RO         3652    .text               mf_p.l(dfixui.o)
    0x0800027c   0x00000022   Code   RO         3668    .text               mc_p.l(llushr.o)
    0x0800029e   0x00000000   Code   RO         3670    .text               mc_p.l(iusefp.o)
    0x0800029e   0x000000be   Code   RO         3671    .text               mf_p.l(depilogue.o)
    0x0800035c   0x00000024   Code   RO         3675    .text               mc_p.l(init.o)
    0x08000380   0x00000020   Code   RO         3677    .text               mc_p.l(llshl.o)
    0x080003a0   0x00000138   Code   RO          367    i.ADC1_IRQHandler   interrupts.o
    0x080004d8   0x00000018   Code   RO         1592    i.ADC_ChannelConfig  stm32f0xx_adc.o
    0x080004f0   0x00000004   Code   RO         1593    i.ADC_ClearFlag     stm32f0xx_adc.o
    0x080004f4   0x00000018   Code   RO         1596    i.ADC_Cmd           stm32f0xx_adc.o
    0x0800050c   0x00000018   Code   RO         1598    i.ADC_DMACmd        stm32f0xx_adc.o
    0x08000524   0x0000003c   Code   RO         1602    i.ADC_GetCalibrationFactor  stm32f0xx_adc.o
    0x08000560   0x00000014   Code   RO         1606    i.ADC_ITConfig      stm32f0xx_adc.o
    0x08000574   0x0000002c   Code   RO         1607    i.ADC_Init          stm32f0xx_adc.o
    0x080005a0   0x0000000a   Code   RO         1610    i.ADC_StartOfConversion  stm32f0xx_adc.o
    0x080005aa   0x00000002   PAD
    0x080005ac   0x0000001c   Code   RO         2051    i.DMA_Cmd           stm32f0xx_dma.o
    0x080005c8   0x00000164   Code   RO         2052    i.DMA_DeInit        stm32f0xx_dma.o
    0x0800072c   0x00000040   Code   RO         2057    i.DMA_Init          stm32f0xx_dma.o
    0x0800076c   0x00000090   Code   RO         2472    i.GPIO_Init         stm32f0xx_gpio.o
    0x080007fc   0x00000044   Code   RO         2473    i.GPIO_PinAFConfig  stm32f0xx_gpio.o
    0x08000840   0x00000004   Code   RO         2480    i.GPIO_SetBits      stm32f0xx_gpio.o
    0x08000844   0x00000018   Code   RO         2481    i.GPIO_StructInit   stm32f0xx_gpio.o
    0x0800085c   0x00000004   Code   RO          123    i.HardFault_Handler  stm32f0xx_it.o
    0x08000860   0x00000034   Code   RO          174    i.HardwareInit      init.o
    0x08000894   0x00000002   Code   RO          410    i.MCL_Failure       mcstate.o
    0x08000896   0x00000002   PAD
    0x08000898   0x0000003c   Code   RO          411    i.MCL_Function      mcstate.o
    0x080008d4   0x0000000c   Code   RO          412    i.MCL_Init          mcstate.o
    0x080008e0   0x00000098   Code   RO          413    i.MCL_Normal        mcstate.o
    0x08000978   0x00000020   Code   RO          414    i.MCL_OpenLoop      mcstate.o
    0x08000998   0x00000014   Code   RO          415    i.MCL_Stop          mcstate.o
    0x080009ac   0x00000084   Code   RO          175    i.MX_GPIO_Init      init.o
    0x08000a30   0x00000030   Code   RO          234    i.MotorClarkeFun    foc.o
    0x08000a60   0x00000168   Code   RO          235    i.MotorCtrlFun      foc.o
    0x08000bc8   0x00000948   Code   RO          290    i.MotorFetAngleFun  position_hall.o
    0x08001510   0x0000006c   Code   RO          236    i.MotorFlowRegFun   foc.o
    0x0800157c   0x0000001c   Code   RO          237    i.MotorInitParaFun  foc.o
    0x08001598   0x00000050   Code   RO          238    i.MotorParkFun      foc.o
    0x080015e8   0x00000078   Code   RO          239    i.MotorRevParkFun   foc.o
    0x08001660   0x00000002   Code   RO          124    i.NMI_Handler       stm32f0xx_it.o
    0x08001662   0x00000002   PAD
    0x08001664   0x00000070   Code   RO         3039    i.NVIC_Init         stm32f0xx_misc.o
    0x080016d4   0x00000002   Code   RO          125    i.PendSV_Handler    stm32f0xx_it.o
    0x080016d6   0x00000002   PAD
    0x080016d8   0x00000020   Code   RO         1785    i.RCC_AHBPeriphClockCmd  stm32f0xx_rcc.o
    0x080016f8   0x00000020   Code   RO         1789    i.RCC_APB2PeriphClockCmd  stm32f0xx_rcc.o
    0x08001718   0x00000248   Code   RO         1799    i.RCC_GetClocksFreq  stm32f0xx_rcc.o
    0x08001960   0x00000048   Code   RO         1800    i.RCC_GetFlagStatus  stm32f0xx_rcc.o
    0x080019a8   0x00000010   Code   RO         1804    i.RCC_HSEConfig     stm32f0xx_rcc.o
    0x080019b8   0x00000028   Code   RO         1816    i.RCC_PLLCmd        stm32f0xx_rcc.o
    0x080019e0   0x00000024   Code   RO         1817    i.RCC_PLLConfig     stm32f0xx_rcc.o
    0x08001a04   0x00000002   Code   RO          126    i.SVC_Handler       stm32f0xx_it.o
    0x08001a06   0x00000002   PAD
    0x08001a08   0x000000b8   Code   RO          474    i.SetSysClock       system_stm32f0xx.o
    0x08001ac0   0x00000002   Code   RO          127    i.SysTick_Handler   stm32f0xx_it.o
    0x08001ac2   0x00000002   PAD
    0x08001ac4   0x0000007c   Code   RO          476    i.SystemInit        system_stm32f0xx.o
    0x08001b40   0x00000030   Code   RO          368    i.TIM1_CC_IRQHandler  interrupts.o
    0x08001b70   0x0000001c   Code   RO         3078    i.TIM_ARRPreloadConfig  stm32f0xx_tim.o
    0x08001b8c   0x00000020   Code   RO         3079    i.TIM_BDTRConfig    stm32f0xx_tim.o
    0x08001bac   0x00000006   Code   RO         3084    i.TIM_ClearFlag     stm32f0xx_tim.o
    0x08001bb2   0x00000002   PAD
    0x08001bb4   0x0000001c   Code   RO         3090    i.TIM_Cmd           stm32f0xx_tim.o
    0x08001bd0   0x00000022   Code   RO         3092    i.TIM_CtrlPWMOutputs  stm32f0xx_tim.o
    0x08001bf2   0x00000014   Code   RO         3115    i.TIM_ITConfig      stm32f0xx_tim.o
    0x08001c06   0x00000002   PAD
    0x08001c08   0x00000094   Code   RO         3119    i.TIM_OC1Init       stm32f0xx_tim.o
    0x08001c9c   0x00000018   Code   RO         3122    i.TIM_OC1PreloadConfig  stm32f0xx_tim.o
    0x08001cb4   0x000000ac   Code   RO         3124    i.TIM_OC2Init       stm32f0xx_tim.o
    0x08001d60   0x00000018   Code   RO         3127    i.TIM_OC2PreloadConfig  stm32f0xx_tim.o
    0x08001d78   0x00000098   Code   RO         3129    i.TIM_OC3Init       stm32f0xx_tim.o
    0x08001e10   0x00000018   Code   RO         3132    i.TIM_OC3PreloadConfig  stm32f0xx_tim.o
    0x08001e28   0x00000070   Code   RO         3134    i.TIM_OC4Init       stm32f0xx_tim.o
    0x08001e98   0x00000018   Code   RO         3136    i.TIM_OC4PreloadConfig  stm32f0xx_tim.o
    0x08001eb0   0x0000007c   Code   RO         3163    i.TIM_TimeBaseInit  stm32f0xx_tim.o
    0x08001f2c   0x00000068   Code   RO          416    i.UI                mcstate.o
    0x08001f94   0x000001a0   Code   RO          369    i.USART1_IRQHandler  interrupts.o
    0x08002134   0x00000012   Code   RO         1021    i.USART_ClearITPendingBit  stm32f0xx_usart.o
    0x08002146   0x00000018   Code   RO         1024    i.USART_Cmd         stm32f0xx_usart.o
    0x0800215e   0x0000004e   Code   RO         1033    i.USART_GetITStatus  stm32f0xx_usart.o
    0x080021ac   0x00000042   Code   RO         1035    i.USART_ITConfig    stm32f0xx_usart.o
    0x080021ee   0x00000002   PAD
    0x080021f0   0x000000f8   Code   RO         1036    i.USART_Init        stm32f0xx_usart.o
    0x080022e8   0x0000000a   Code   RO         1048    i.USART_ReceiveData  stm32f0xx_usart.o
    0x080022f2   0x00000002   PAD
    0x080022f4   0x00000018   Code   RO          370    i.Uart_Buff_Clear   interrupts.o
    0x0800230c   0x0000002e   Code   RO         3673    i.__ARM_clz         mf_p.l(depilogue.o)
    0x0800233a   0x0000001c   Code   RO          282    i.__ARM_common_switch8  foc.o
    0x08002356   0x0000000e   Code   RO         3681    i.__scatterload_copy  mc_p.l(handlers.o)
    0x08002364   0x00000002   Code   RO         3682    i.__scatterload_null  mc_p.l(handlers.o)
    0x08002366   0x0000000e   Code   RO         3683    i.__scatterload_zeroinit  mc_p.l(handlers.o)
    0x08002374   0x00000124   Code   RO          176    i.adc_init          init.o
    0x08002498   0x000000b4   Code   RO          314    i.board_self_test   self_test.o
    0x0800254c   0x00000012   Code   RO          338    i.get_cos           trig.o
    0x0800255e   0x00000002   PAD
    0x08002560   0x00000028   Code   RO          339    i.get_sin           trig.o
    0x08002588   0x00000002   Code   RO          177    i.i2c_init          init.o
    0x0800258a   0x00000002   PAD
    0x0800258c   0x00000020   Code   RO            3    i.main              main.o
    0x080025ac   0x00000038   Code   RO          178    i.nvic_init         init.o
    0x080025e4   0x000001c0   Code   RO          179    i.pwm_init          init.o
    0x080027a4   0x00000002   Code   RO          180    i.rcc_init          init.o
    0x080027a6   0x00000002   PAD
    0x080027a8   0x000000a0   Code   RO          181    i.usart_init        init.o
    0x08002848   0x00000800   Data   RO          340    .constdata          trig.o
    0x08003048   0x00000020   Data   RO         3679    Region$$Table       anon$$obj.o


    Execution Region ER_RW (Base: 0x20000000, Size: 0x000000e4, Max: 0xffffffff, ABSOLUTE)

    Base Addr    Size         Type   Attr      Idx    E Section Name        Object

    0x20000000   0x00000018   Data   RW          240    .data               foc.o
    0x20000018   0x00000048   Data   RW          292    .data               position_hall.o
    0x20000060   0x00000010   Data   RW          315    .data               self_test.o
    0x20000070   0x00000054   Data   RW          372    .data               interrupts.o
    0x200000c4   0x0000000e   Data   RW          417    .data               mcstate.o
    0x200000d2   0x00000010   Data   RW         1825    .data               stm32f0xx_rcc.o


    Execution Region ER_ZI (Base: 0x200000e4, Size: 0x0000043c, Max: 0xffffffff, ABSOLUTE)

    Base Addr    Size         Type   Attr      Idx    E Section Name        Object

    0x200000e4   0x0000000a   Zero   RW          182    .bss                init.o
    0x200000ee   0x0000000c   Zero   RW          291    .bss                position_hall.o
    0x200000fa   0x00000024   Zero   RW          371    .bss                interrupts.o
    0x2000011e   0x00000002   PAD
    0x20000120   0x00000400   Zero   RW          465    STACK               startup_stm32f031.o


==============================================================================

Image component sizes


      Code (inc. data)   RO Data    RW Data    ZI Data      Debug   Object Name

       772        100          0         24          0       3841   foc.o
      1144         54          0          0         10       4927   init.o
       800        158          0         84         36       4674   interrupts.o
        32          6          0          0          0     234667   main.o
       382         84          0         14          0       4036   mcstate.o
      2376        360          0         72         12       4027   position_hall.o
       180         36          0         16          0       1108   self_test.o
        88         38        176          0       1024        772   startup_stm32f031.o
       210          4          0          0          0      14076   stm32f0xx_adc.o
       448         24          0          0          0      31302   stm32f0xx_dma.o
       240          4          0          0          0       7804   stm32f0xx_gpio.o
        12          0          0          0          0       2175   stm32f0xx_it.o
       112          6          0          0          0       2228   stm32f0xx_misc.o
         0          0          0          0          0      13104   stm32f0xx_pwr.o
       812         56          0         16          0      19146   stm32f0xx_rcc.o
       952        166          0          0          0      31093   stm32f0xx_tim.o
       444         22          0          0          0      15208   stm32f0xx_usart.o
       308         24          0          0          0     159373   system_stm32f0xx.o
        58          4       2048          0          0       1643   trig.o

    ----------------------------------------------------------------------
      9396       1146       2256        228       1084     555204   Object Totals
         0          0         32          0          0          0   (incl. Generated)
        26          0          0          2          2          0   (incl. Padding)

    ----------------------------------------------------------------------

      Code (inc. data)   RO Data    RW Data    ZI Data      Debug   Library Member Name

         0          0          0          0          0          0   entry.o
         0          0          0          0          0          0   entry10a.o
         0          0          0          0          0          0   entry11a.o
         8          4          0          0          0          0   entry2.o
         4          0          0          0          0          0   entry5.o
         0          0          0          0          0          0   entry7b.o
         0          0          0          0          0          0   entry8b.o
         8          4          0          0          0          0   entry9a.o
        30          0          0          0          0          0   handlers.o
        36          8          0          0          0         68   init.o
         0          0          0          0          0          0   iusefp.o
        32          0          0          0          0         68   llshl.o
        34          0          0          0          0         68   llushr.o
        44          0          0          0          0         72   uidiv.o
       236          0          0          0          0        216   depilogue.o
        60         10          0          0          0         68   dfixui.o
        40          6          0          0          0         68   dflti.o
       208          6          0          0          0         88   dmul.o

    ----------------------------------------------------------------------
       740         38          0          0          0        716   Library Totals
         0          0          0          0          0          0   (incl. Padding)

    ----------------------------------------------------------------------

      Code (inc. data)   RO Data    RW Data    ZI Data      Debug   Library Name

       196         16          0          0          0        276   mc_p.l
       544         22          0          0          0        440   mf_p.l

    ----------------------------------------------------------------------
       740         38          0          0          0        716   Library Totals

    ----------------------------------------------------------------------

==============================================================================


      Code (inc. data)   RO Data    RW Data    ZI Data      Debug   

     10136       1184       2256        228       1084     552332   Grand Totals
     10136       1184       2256        228       1084     552332   ELF Image Totals
     10136       1184       2256        228          0          0   ROM Totals

==============================================================================

    Total RO  Size (Code + RO Data)                12392 (  12.10kB)
    Total RW  Size (RW Data + ZI Data)              1312 (   1.28kB)
    Total ROM Size (Code + RO Data + RW Data)      12620 (  12.32kB)

==============================================================================

